Archive member included to satisfy reference by file (symbol)

d:/programing/gcc-arm-none-eabi-10.3-2021.10/bin/../lib/gcc/arm-none-eabi/10.3.1/../../../../arm-none-eabi/lib/thumb/v7e-m+fp/hard\libstdc++.a(atexit_arm.o)
                              CMakeFiles/engineer_controller_2025.elf.dir/component/task/task_function/arm_task.cpp.obj (__aeabi_atexit)
d:/programing/gcc-arm-none-eabi-10.3-2021.10/bin/../lib/gcc/arm-none-eabi/10.3.1/../../../../arm-none-eabi/lib/thumb/v7e-m+fp/hard\libstdc++.a(class_type_info.o)
                              CMakeFiles/engineer_controller_2025.elf.dir/component/driver/drv_peripheral/drv_JY_ME02.cpp.obj (vtable for __cxxabiv1::__class_type_info)
d:/programing/gcc-arm-none-eabi-10.3-2021.10/bin/../lib/gcc/arm-none-eabi/10.3.1/../../../../arm-none-eabi/lib/thumb/v7e-m+fp/hard\libstdc++.a(del_ops.o)
                              CMakeFiles/engineer_controller_2025.elf.dir/component/driver/drv_peripheral/drv_JY_ME02.cpp.obj (operator delete(void*, unsigned int))
d:/programing/gcc-arm-none-eabi-10.3-2021.10/bin/../lib/gcc/arm-none-eabi/10.3.1/../../../../arm-none-eabi/lib/thumb/v7e-m+fp/hard\libstdc++.a(eh_arm.o)
                              CMakeFiles/engineer_controller_2025.elf.dir/component/driver/drv_peripheral/drv_JY_ME02.cpp.obj (__cxa_end_cleanup)
d:/programing/gcc-arm-none-eabi-10.3-2021.10/bin/../lib/gcc/arm-none-eabi/10.3.1/../../../../arm-none-eabi/lib/thumb/v7e-m+fp/hard\libstdc++.a(eh_exception.o)
                              d:/programing/gcc-arm-none-eabi-10.3-2021.10/bin/../lib/gcc/arm-none-eabi/10.3.1/../../../../arm-none-eabi/lib/thumb/v7e-m+fp/hard\libstdc++.a(eh_arm.o) (typeinfo for __cxxabiv1::__forced_unwind)
d:/programing/gcc-arm-none-eabi-10.3-2021.10/bin/../lib/gcc/arm-none-eabi/10.3.1/../../../../arm-none-eabi/lib/thumb/v7e-m+fp/hard\libstdc++.a(eh_globals.o)
                              d:/programing/gcc-arm-none-eabi-10.3-2021.10/bin/../lib/gcc/arm-none-eabi/10.3.1/../../../../arm-none-eabi/lib/thumb/v7e-m+fp/hard\libstdc++.a(eh_arm.o) (__cxa_get_globals)
d:/programing/gcc-arm-none-eabi-10.3-2021.10/bin/../lib/gcc/arm-none-eabi/10.3.1/../../../../arm-none-eabi/lib/thumb/v7e-m+fp/hard\libstdc++.a(eh_personality.o)
                              CMakeFiles/engineer_controller_2025.elf.dir/bsp/bsp_can.cpp.obj (__gxx_personality_v0)
d:/programing/gcc-arm-none-eabi-10.3-2021.10/bin/../lib/gcc/arm-none-eabi/10.3.1/../../../../arm-none-eabi/lib/thumb/v7e-m+fp/hard\libstdc++.a(eh_terminate.o)
                              d:/programing/gcc-arm-none-eabi-10.3-2021.10/bin/../lib/gcc/arm-none-eabi/10.3.1/../../../../arm-none-eabi/lib/thumb/v7e-m+fp/hard\libstdc++.a(eh_arm.o) (std::terminate())
d:/programing/gcc-arm-none-eabi-10.3-2021.10/bin/../lib/gcc/arm-none-eabi/10.3.1/../../../../arm-none-eabi/lib/thumb/v7e-m+fp/hard\libstdc++.a(eh_unex_handler.o)
                              d:/programing/gcc-arm-none-eabi-10.3-2021.10/bin/../lib/gcc/arm-none-eabi/10.3.1/../../../../arm-none-eabi/lib/thumb/v7e-m+fp/hard\libstdc++.a(eh_terminate.o) (__cxxabiv1::__unexpected_handler)
d:/programing/gcc-arm-none-eabi-10.3-2021.10/bin/../lib/gcc/arm-none-eabi/10.3.1/../../../../arm-none-eabi/lib/thumb/v7e-m+fp/hard\libstdc++.a(new_op.o)
                              CMakeFiles/engineer_controller_2025.elf.dir/component/driver/drv_peripheral/drv_JY_ME02.cpp.obj (operator new(unsigned int))
d:/programing/gcc-arm-none-eabi-10.3-2021.10/bin/../lib/gcc/arm-none-eabi/10.3.1/../../../../arm-none-eabi/lib/thumb/v7e-m+fp/hard\libstdc++.a(pure.o)
                              d:/programing/gcc-arm-none-eabi-10.3-2021.10/bin/../lib/gcc/arm-none-eabi/10.3.1/../../../../arm-none-eabi/lib/thumb/v7e-m+fp/hard\libstdc++.a(eh_exception.o) (__cxa_pure_virtual)
d:/programing/gcc-arm-none-eabi-10.3-2021.10/bin/../lib/gcc/arm-none-eabi/10.3.1/../../../../arm-none-eabi/lib/thumb/v7e-m+fp/hard\libstdc++.a(si_class_type_info.o)
                              CMakeFiles/engineer_controller_2025.elf.dir/component/driver/drv_peripheral/drv_JY_ME02.cpp.obj (vtable for __cxxabiv1::__si_class_type_info)
d:/programing/gcc-arm-none-eabi-10.3-2021.10/bin/../lib/gcc/arm-none-eabi/10.3.1/../../../../arm-none-eabi/lib/thumb/v7e-m+fp/hard\libstdc++.a(tinfo.o)
                              d:/programing/gcc-arm-none-eabi-10.3-2021.10/bin/../lib/gcc/arm-none-eabi/10.3.1/../../../../arm-none-eabi/lib/thumb/v7e-m+fp/hard\libstdc++.a(class_type_info.o) (std::type_info::~type_info())
d:/programing/gcc-arm-none-eabi-10.3-2021.10/bin/../lib/gcc/arm-none-eabi/10.3.1/../../../../arm-none-eabi/lib/thumb/v7e-m+fp/hard\libstdc++.a(vterminate.o)
                              d:/programing/gcc-arm-none-eabi-10.3-2021.10/bin/../lib/gcc/arm-none-eabi/10.3.1/../../../../arm-none-eabi/lib/thumb/v7e-m+fp/hard\libstdc++.a(eh_terminate.o) (__gnu_cxx::__verbose_terminate_handler())
[...]
Memory Configuration

Name             Origin             Length             Attributes
CCMRAM           0x10000000         0x00010000         xrw
RAM              0x20000000         0x00020000         xrw
FLASH            0x08000000         0x00100000         xr
*default*        0x00000000         0xffffffff

Linker script and memory map

LOAD d:/programing/gcc-arm-none-eabi-10.3-2021.10/bin/../lib/gcc/arm-none-eabi/10.3.1/thumb/v7e-m+fp/hard/crti.o
LOAD d:/programing/gcc-arm-none-eabi-10.3-2021.10/bin/../lib/gcc/arm-none-eabi/10.3.1/thumb/v7e-m+fp/hard/crtbegin.o
LOAD d:/programing/gcc-arm-none-eabi-10.3-2021.10/bin/../lib/gcc/arm-none-eabi/10.3.1/../../../../arm-none-eabi/lib/thumb/v7e-m+fp/hard/crt0.o
LOAD CMakeFiles/engineer_controller_2025.elf.dir/Core/Src/can.c.obj
LOAD CMakeFiles/engineer_controller_2025.elf.dir/Core/Src/dma.c.obj
LOAD CMakeFiles/engineer_controller_2025.elf.dir/Core/Src/freertos.c.obj
LOAD CMakeFiles/engineer_controller_2025.elf.dir/Core/Src/gpio.c.obj
LOAD CMakeFiles/engineer_controller_2025.elf.dir/Core/Src/iwdg.c.obj
LOAD CMakeFiles/engineer_controller_2025.elf.dir/Core/Src/main.c.obj
LOAD CMakeFiles/engineer_controller_2025.elf.dir/Core/Src/spi.c.obj
LOAD CMakeFiles/engineer_controller_2025.elf.dir/Core/Src/stm32f4xx_hal_msp.c.obj
LOAD CMakeFiles/engineer_controller_2025.elf.dir/Core/Src/stm32f4xx_hal_timebase_tim.c.obj
LOAD CMakeFiles/engineer_controller_2025.elf.dir/Core/Src/stm32f4xx_it.c.obj
LOAD CMakeFiles/engineer_controller_2025.elf.dir/Core/Src/syscalls.c.obj
LOAD CMakeFiles/engineer_controller_2025.elf.dir/Core/Src/sysmem.c.obj
LOAD CMakeFiles/engineer_controller_2025.elf.dir/Core/Src/system_stm32f4xx.c.obj
LOAD CMakeFiles/engineer_controller_2025.elf.dir/Core/Src/tim.c.obj
LOAD CMakeFiles/engineer_controller_2025.elf.dir/Core/Src/usart.c.obj
LOAD CMakeFiles/engineer_controller_2025.elf.dir/Core/Startup/startup_stm32f407ighx.s.obj
LOAD CMakeFiles/engineer_controller_2025.elf.dir/Drivers/STM32F4xx_HAL_Driver/Src/stm32f4xx_hal.c.obj
LOAD CMakeFiles/engineer_controller_2025.elf.dir/Drivers/STM32F4xx_HAL_Driver/Src/stm32f4xx_hal_can.c.obj
LOAD CMakeFiles/engineer_controller_2025.elf.dir/Drivers/STM32F4xx_HAL_Driver/Src/stm32f4xx_hal_cortex.c.obj
LOAD CMakeFiles/engineer_controller_2025.elf.dir/Drivers/STM32F4xx_HAL_Driver/Src/stm32f4xx_hal_dma.c.obj
LOAD CMakeFiles/engineer_controller_2025.elf.dir/Drivers/STM32F4xx_HAL_Driver/Src/stm32f4xx_hal_dma_ex.c.obj
LOAD CMakeFiles/engineer_controller_2025.elf.dir/Drivers/STM32F4xx_HAL_Driver/Src/stm32f4xx_hal_exti.c.obj
LOAD CMakeFiles/engineer_controller_2025.elf.dir/Drivers/STM32F4xx_HAL_Driver/Src/stm32f4xx_hal_flash.c.obj
LOAD CMakeFiles/engineer_controller_2025.elf.dir/Drivers/STM32F4xx_HAL_Driver/Src/stm32f4xx_hal_flash_ex.c.obj
LOAD CMakeFiles/engineer_controller_2025.elf.dir/Drivers/STM32F4xx_HAL_Driver/Src/stm32f4xx_hal_flash_ramfunc.c.obj
LOAD CMakeFiles/engineer_controller_2025.elf.dir/Drivers/STM32F4xx_HAL_Driver/Src/stm32f4xx_hal_gpio.c.obj
LOAD CMakeFiles/engineer_controller_2025.elf.dir/Drivers/STM32F4xx_HAL_Driver/Src/stm32f4xx_hal_iwdg.c.obj
LOAD CMakeFiles/engineer_controller_2025.elf.dir/Drivers/STM32F4xx_HAL_Driver/Src/stm32f4xx_hal_pcd.c.obj
LOAD CMakeFiles/engineer_controller_2025.elf.dir/Drivers/STM32F4xx_HAL_Driver/Src/stm32f4xx_hal_pcd_ex.c.obj
LOAD CMakeFiles/engineer_controller_2025.elf.dir/Drivers/STM32F4xx_HAL_Driver/Src/stm32f4xx_hal_pwr.c.obj
LOAD CMakeFiles/engineer_controller_2025.elf.dir/Drivers/STM32F4xx_HAL_Driver/Src/stm32f4xx_hal_pwr_ex.c.obj
LOAD CMakeFiles/engineer_controller_2025.elf.dir/Drivers/STM32F4xx_HAL_Driver/Src/stm32f4xx_hal_rcc.c.obj
LOAD CMakeFiles/engineer_controller_2025.elf.dir/Drivers/STM32F4xx_HAL_Driver/Src/stm32f4xx_hal_rcc_ex.c.obj
LOAD CMakeFiles/engineer_controller_2025.elf.dir/Drivers/STM32F4xx_HAL_Driver/Src/stm32f4xx_hal_spi.c.obj
LOAD CMakeFiles/engineer_controller_2025.elf.dir/Drivers/STM32F4xx_HAL_Driver/Src/stm32f4xx_hal_tim.c.obj
LOAD CMakeFiles/engineer_controller_2025.elf.dir/Drivers/STM32F4xx_HAL_Driver/Src/stm32f4xx_hal_tim_ex.c.obj
LOAD CMakeFiles/engineer_controller_2025.elf.dir/Drivers/STM32F4xx_HAL_Driver/Src/stm32f4xx_hal_uart.c.obj
LOAD CMakeFiles/engineer_controller_2025.elf.dir/Drivers/STM32F4xx_HAL_Driver/Src/stm32f4xx_ll_usb.c.obj
LOAD CMakeFiles/engineer_controller_2025.elf.dir/Middlewares/ST/STM32_USB_Device_Library/Class/CDC/Src/usbd_cdc.c.obj
LOAD CMakeFiles/engineer_controller_2025.elf.dir/Middlewares/ST/STM32_USB_Device_Library/Core/Src/usbd_core.c.obj
LOAD CMakeFiles/engineer_controller_2025.elf.dir/Middlewares/ST/STM32_USB_Device_Library/Core/Src/usbd_ctlreq.c.obj
LOAD CMakeFiles/engineer_controller_2025.elf.dir/Middlewares/ST/STM32_USB_Device_Library/Core/Src/usbd_ioreq.c.obj
LOAD CMakeFiles/engineer_controller_2025.elf.dir/Middlewares/Third_Party/FreeRTOS/Source/CMSIS_RTOS_V2/cmsis_os2.c.obj
LOAD CMakeFiles/engineer_controller_2025.elf.dir/Middlewares/Third_Party/FreeRTOS/Source/croutine.c.obj
LOAD CMakeFiles/engineer_controller_2025.elf.dir/Middlewares/Third_Party/FreeRTOS/Source/event_groups.c.obj
LOAD CMakeFiles/engineer_controller_2025.elf.dir/Middlewares/Third_Party/FreeRTOS/Source/list.c.obj
LOAD CMakeFiles/engineer_controller_2025.elf.dir/Middlewares/Third_Party/FreeRTOS/Source/portable/GCC/ARM_CM4F/port.c.obj
LOAD CMakeFiles/engineer_controller_2025.elf.dir/Middlewares/Third_Party/FreeRTOS/Source/portable/MemMang/heap_4.c.obj
LOAD CMakeFiles/engineer_controller_2025.elf.dir/Middlewares/Third_Party/FreeRTOS/Source/queue.c.obj
LOAD CMakeFiles/engineer_controller_2025.elf.dir/Middlewares/Third_Party/FreeRTOS/Source/stream_buffer.c.obj
LOAD CMakeFiles/engineer_controller_2025.elf.dir/Middlewares/Third_Party/FreeRTOS/Source/tasks.c.obj
LOAD CMakeFiles/engineer_controller_2025.elf.dir/Middlewares/Third_Party/FreeRTOS/Source/timers.c.obj
LOAD CMakeFiles/engineer_controller_2025.elf.dir/USB_DEVICE/App/usb_device.c.obj
LOAD CMakeFiles/engineer_controller_2025.elf.dir/USB_DEVICE/App/usbd_cdc_if.c.obj
LOAD CMakeFiles/engineer_controller_2025.elf.dir/USB_DEVICE/App/usbd_desc.c.obj
LOAD CMakeFiles/engineer_controller_2025.elf.dir/USB_DEVICE/Target/usbd_conf.c.obj
LOAD CMakeFiles/engineer_controller_2025.elf.dir/bsp/bsp_can.cpp.obj
LOAD CMakeFiles/engineer_controller_2025.elf.dir/bsp/bsp_dwt.c.obj
LOAD CMakeFiles/engineer_controller_2025.elf.dir/bsp/bsp_usart.cpp.obj
LOAD CMakeFiles/engineer_controller_2025.elf.dir/component/algorithm/crc.c.obj
LOAD CMakeFiles/engineer_controller_2025.elf.dir/component/algorithm/spd_plan.cpp.obj
LOAD CMakeFiles/engineer_controller_2025.elf.dir/component/driver/drv_function/drv_arm.cpp.obj
LOAD CMakeFiles/engineer_controller_2025.elf.dir/component/driver/drv_peripheral/drv_JY_ME02.cpp.obj
LOAD CMakeFiles/engineer_controller_2025.elf.dir/component/driver/drv_peripheral/drv_dji_motor.cpp.obj
LOAD CMakeFiles/engineer_controller_2025.elf.dir/component/driver/drv_peripheral/drv_dm_imu.cpp.obj
LOAD CMakeFiles/engineer_controller_2025.elf.dir/component/driver/drv_peripheral/drv_dm_motor.cpp.obj
LOAD CMakeFiles/engineer_controller_2025.elf.dir/component/rm_official/bsp_rm_usart.c.obj
LOAD CMakeFiles/engineer_controller_2025.elf.dir/component/rm_official/drv_data_fifo.c.obj
LOAD CMakeFiles/engineer_controller_2025.elf.dir/component/rm_official/drv_judgement.cpp.obj
LOAD CMakeFiles/engineer_controller_2025.elf.dir/component/rm_official/task_communicate.cpp.obj
LOAD CMakeFiles/engineer_controller_2025.elf.dir/component/task/task_function/arm_task.cpp.obj
LOAD CMakeFiles/engineer_controller_2025.elf.dir/component/task/task_peripheral/lost_check_task.cpp.obj
LOAD CMakeFiles/engineer_controller_2025.elf.dir/component/user/compatible.cpp.obj
LOAD CMakeFiles/engineer_controller_2025.elf.dir/component/user/user_lib.cpp.obj
LOAD D:\robomaster\25_season\engineer_2025\engineer_controller_2025\Middlewares\ST\ARM\DSP\Lib\libarm_cortexM4lf_math.a
LOAD d:/programing/gcc-arm-none-eabi-10.3-2021.10/bin/../lib/gcc/arm-none-eabi/10.3.1/../../../../arm-none-eabi/lib/thumb/v7e-m+fp/hard\libstdc++.a
LOAD d:/programing/gcc-arm-none-eabi-10.3-2021.10/bin/../lib/gcc/arm-none-eabi/10.3.1/../../../../arm-none-eabi/lib/thumb/v7e-m+fp/hard\libm.a
START GROUP
LOAD d:/programing/gcc-arm-none-eabi-10.3-2021.10/bin/../lib/gcc/arm-none-eabi/10.3.1/thumb/v7e-m+fp/hard\libgcc.a
LOAD d:/programing/gcc-arm-none-eabi-10.3-2021.10/bin/../lib/gcc/arm-none-eabi/10.3.1/../../../../arm-none-eabi/lib/thumb/v7e-m+fp/hard\libg.a
LOAD d:/programing/gcc-arm-none-eabi-10.3-2021.10/bin/../lib/gcc/arm-none-eabi/10.3.1/../../../../arm-none-eabi/lib/thumb/v7e-m+fp/hard\libc.a
END GROUP
LOAD d:/programing/gcc-arm-none-eabi-10.3-2021.10/bin/../lib/gcc/arm-none-eabi/10.3.1/thumb/v7e-m+fp/hard/crtend.o
LOAD d:/programing/gcc-arm-none-eabi-10.3-2021.10/bin/../lib/gcc/arm-none-eabi/10.3.1/thumb/v7e-m+fp/hard/crtn.o
                0x20020000                _estack = (ORIGIN (RAM) + LENGTH (RAM))
                0x00000200                _Min_Heap_Size = 0x200
                0x00000400                _Min_Stack_Size = 0x400

.isr_vector     0x08000000      0x188
                0x08000000                . = ALIGN (0x4)
 *(.isr_vector)
 .isr_vector    0x08000000      0x188 CMakeFiles/engineer_controller_2025.elf.dir/Core/Startup/startup_stm32f407ighx.s.obj
                0x08000000                g_pfnVectors
                0x08000188                . = ALIGN (0x4)

.text           0x080001c0    0x19e80
                0x080001c0                . = ALIGN (0x4)
 *(.text)
 .text          0x080001c0       0x40 d:/programing/gcc-arm-none-eabi-10.3-2021.10/bin/../lib/gcc/arm-none-eabi/10.3.1/thumb/v7e-m+fp/hard/crtbegin.o
 .text          0x08000200     0x5ee4 d:/programing/gcc-arm-none-eabi-10.3-2021.10/bin/../lib/gcc/arm-none-eabi/10.3.1/../../../../arm-none-eabi/lib/thumb/v7e-m+fp/hard\libstdc++.a(cp-demangle.o)
                0x08005ffc                __cxa_demangle
                0x080060c0                __gcclibcxx_demangle_callback
 .text          0x080060e4      0x378 d:/programing/gcc-arm-none-eabi-10.3-2021.10/bin/../lib/gcc/arm-none-eabi/10.3.1/thumb/v7e-m+fp/hard\libgcc.a(_arm_addsubdf3.o)
                0x080060e4                __aeabi_drsub
                0x080060ec                __aeabi_dsub
                0x080060ec                __subdf3
                0x080060f0                __aeabi_dadd
                0x080060f0                __adddf3
                0x08006368                __floatunsidf
                0x08006368                __aeabi_ui2d
                0x08006388                __floatsidf
                0x08006388                __aeabi_i2d
                0x080063ac                __aeabi_f2d
                0x080063ac                __extendsfdf2
                0x080063f0                __floatundidf
                0x080063f0                __aeabi_ul2d
                0x08006400                __floatdidf
                0x08006400                __aeabi_l2d
 .text          0x0800645c      0x424 d:/programing/gcc-arm-none-eabi-10.3-2021.10/bin/../lib/gcc/arm-none-eabi/10.3.1/thumb/v7e-m+fp/hard\libgcc.a(_arm_muldivdf3.o)
                0x0800645c                __aeabi_dmul
                0x0800645c                __muldf3
                0x080066b0                __divdf3
                0x080066b0                __aeabi_ddiv
 .text          0x08006880      0x110 d:/programing/gcc-arm-none-eabi-10.3-2021.10/bin/../lib/gcc/arm-none-eabi/10.3.1/thumb/v7e-m+fp/hard\libgcc.a(_arm_cmpdf2.o)
                0x08006880                __gtdf2
                0x08006880                __gedf2
                0x08006888                __ltdf2
                0x08006888                __ledf2
                0x08006890                __nedf2
                0x08006890                __eqdf2
                0x08006890                __cmpdf2
                0x0800690c                __aeabi_cdrcmple
                0x0800691c                __aeabi_cdcmpeq
                0x0800691c                __aeabi_cdcmple
                0x0800692c                __aeabi_dcmpeq
                0x08006940                __aeabi_dcmplt
                0x08006954                __aeabi_dcmple
                0x08006968                __aeabi_dcmpge
                0x0800697c                __aeabi_dcmpgt
 .text          0x08006990       0x30 d:/programing/gcc-arm-none-eabi-10.3-2021.10/bin/../lib/gcc/arm-none-eabi/10.3.1/thumb/v7e-m+fp/hard\libgcc.a(_aeabi_uldivmod.o)
                0x08006990                __aeabi_uldivmod
 .text          0x080069c0      0x2d0 d:/programing/gcc-arm-none-eabi-10.3-2021.10/bin/../lib/gcc/arm-none-eabi/10.3.1/thumb/v7e-m+fp/hard\libgcc.a(_udivmoddi4.o)
                0x080069c0                __udivmoddi4
 .text          0x08006c90      0x9d8 d:/programing/gcc-arm-none-eabi-10.3-2021.10/bin/../lib/gcc/arm-none-eabi/10.3.1/thumb/v7e-m+fp/hard\libgcc.a(unwind-arm.o)
                0x08006f38                _Unwind_GetCFA
                0x08006f3c                __gnu_Unwind_RaiseException
                0x08006fa4                __gnu_Unwind_ForcedUnwind
                0x08006fb4                __gnu_Unwind_Resume
                0x08006ff8                __gnu_Unwind_Resume_or_Rethrow
                0x08007008                _Unwind_Complete
                0x0800700c                _Unwind_DeleteException
                0x08007018                _Unwind_VRS_Get
                0x08007064                _Unwind_VRS_Set
                0x080070ac                __gnu_Unwind_Backtrace
                0x080073d8                __aeabi_unwind_cpp_pr0
                0x080073dc                __aeabi_unwind_cpp_pr1
                0x080073e0                __aeabi_unwind_cpp_pr2
                0x080073e4                _Unwind_VRS_Pop
 .text          0x08007668      0x1ac d:/programing/gcc-arm-none-eabi-10.3-2021.10/bin/../lib/gcc/arm-none-eabi/10.3.1/thumb/v7e-m+fp/hard\libgcc.a(libunwind.o)
                0x08007668                __restore_core_regs
                0x08007668                restore_core_regs
                0x08007680                __gnu_Unwind_Restore_VFP
                0x08007688                __gnu_Unwind_Save_VFP
                0x08007690                __gnu_Unwind_Restore_VFP_D
                0x08007698                __gnu_Unwind_Save_VFP_D
                0x080076a0                __gnu_Unwind_Restore_VFP_D_16_to_31
                0x080076a8                __gnu_Unwind_Save_VFP_D_16_to_31
                0x080076b0                __gnu_Unwind_Restore_WMMXD
                0x080076f4                __gnu_Unwind_Save_WMMXD
                0x08007738                __gnu_Unwind_Restore_WMMXC
                0x0800774c                __gnu_Unwind_Save_WMMXC
                0x08007760                ___Unwind_RaiseException
                0x08007760                _Unwind_RaiseException
                0x08007784                _Unwind_Resume
                0x08007784                ___Unwind_Resume
                0x080077a8                _Unwind_Resume_or_Rethrow
                0x080077a8                ___Unwind_Resume_or_Rethrow
                0x080077cc                _Unwind_ForcedUnwind
                0x080077cc                ___Unwind_ForcedUnwind
                0x080077f0                ___Unwind_Backtrace
                0x080077f0                _Unwind_Backtrace
 .text          0x08007814      0x350 d:/programing/gcc-arm-none-eabi-10.3-2021.10/bin/../lib/gcc/arm-none-eabi/10.3.1/thumb/v7e-m+fp/hard\libgcc.a(pr-support.o)
                0x0800786c                __gnu_unwind_execute
                0x08007b18                __gnu_unwind_frame
                0x08007b44                _Unwind_GetRegionStart
                0x08007b50                _Unwind_GetLanguageSpecificData
 .text          0x08007b64        0x4 d:/programing/gcc-arm-none-eabi-10.3-2021.10/bin/../lib/gcc/arm-none-eabi/10.3.1/thumb/v7e-m+fp/hard\libgcc.a(_dvmd_tls.o)
                0x08007b64                __aeabi_idiv0
                0x08007b64                __aeabi_ldiv0
 *fill*         0x08007b68        0x8 
 .text          0x08007b70       0xa0 d:/programing/gcc-arm-none-eabi-10.3-2021.10/bin/../lib/gcc/arm-none-eabi/10.3.1/../../../../arm-none-eabi/lib/thumb/v7e-m+fp/hard\libg.a(lib_a-memchr.o)
                0x08007b70                memchr
 .text          0x08007c10      0x134 d:/programing/gcc-arm-none-eabi-10.3-2021.10/bin/../lib/gcc/arm-none-eabi/10.3.1/../../../../arm-none-eabi/lib/thumb/v7e-m+fp/hard\libg.a(lib_a-memcpy.o)
                0x08007c10                memcpy
 *fill*         0x08007d44       0x1c 
 .text          0x08007d60      0x2dc d:/programing/gcc-arm-none-eabi-10.3-2021.10/bin/../lib/gcc/arm-none-eabi/10.3.1/../../../../arm-none-eabi/lib/thumb/v7e-m+fp/hard\libg.a(lib_a-strcmp.o)
                0x08007d68                strcmp
 *fill*         0x0800803c        0x4 
 .text          0x08008040       0xdc d:/programing/gcc-arm-none-eabi-10.3-2021.10/bin/../lib/gcc/arm-none-eabi/10.3.1/../../../../arm-none-eabi/lib/thumb/v7e-m+fp/hard\libg.a(lib_a-strlen.o)
                0x08008040                strlen
 .text          0x0800811c       0x2c d:/programing/gcc-arm-none-eabi-10.3-2021.10/bin/../lib/gcc/arm-none-eabi/10.3.1/thumb/v7e-m+fp/hard\libgcc.a(_arm_unorddf2.o)
                0x0800811c                __unorddf2
                0x0800811c                __aeabi_dcmpun
 .text          0x08008148       0x50 d:/programing/gcc-arm-none-eabi-10.3-2021.10/bin/../lib/gcc/arm-none-eabi/10.3.1/thumb/v7e-m+fp/hard\libgcc.a(_arm_fixdfsi.o)
                0x08008148                __aeabi_d2iz
                0x08008148                __fixdfsi
 *(.text*)
 .text.MX_CAN1_Init
                0x08008198       0x44 CMakeFiles/engineer_controller_2025.elf.dir/Core/Src/can.c.obj
                0x08008198                MX_CAN1_Init
 .text.MX_CAN2_Init
                0x080081dc       0x44 CMakeFiles/engineer_controller_2025.elf.dir/Core/Src/can.c.obj
                0x080081dc                MX_CAN2_Init
 .text.HAL_CAN_MspInit
                0x08008220      0x140 CMakeFiles/engineer_controller_2025.elf.dir/Core/Src/can.c.obj
                0x08008220                HAL_CAN_MspInit
 .text.MX_DMA_Init
                0x08008360       0xa8 CMakeFiles/engineer_controller_2025.elf.dir/Core/Src/dma.c.obj
                0x08008360                MX_DMA_Init
 .text.StartDefaultTask
                0x08008408       0x38 CMakeFiles/engineer_controller_2025.elf.dir/Core/Src/freertos.c.obj
                0x08008408                StartDefaultTask
 .text.MX_FREERTOS_Init
                0x08008440      0x1c0 CMakeFiles/engineer_controller_2025.elf.dir/Core/Src/freertos.c.obj
                0x08008440                MX_FREERTOS_Init
 .text.MX_GPIO_Init
                0x08008600      0x134 CMakeFiles/engineer_controller_2025.elf.dir/Core/Src/gpio.c.obj
                0x08008600                MX_GPIO_Init
 .text.MX_IWDG_Init
                0x08008734       0x28 CMakeFiles/engineer_controller_2025.elf.dir/Core/Src/iwdg.c.obj
                0x08008734                MX_IWDG_Init
 .text.HAL_TIM_PeriodElapsedCallback
                0x0800875c       0x18 CMakeFiles/engineer_controller_2025.elf.dir/Core/Src/main.c.obj
                0x0800875c                HAL_TIM_PeriodElapsedCallback
 .text.Error_Handler
                0x08008774        0x4 CMakeFiles/engineer_controller_2025.elf.dir/Core/Src/main.c.obj
                0x08008774                Error_Handler
 .text.SystemClock_Config
                0x08008778       0xac CMakeFiles/engineer_controller_2025.elf.dir/Core/Src/main.c.obj
                0x08008778                SystemClock_Config
 .text.main     0x08008824       0x5c CMakeFiles/engineer_controller_2025.elf.dir/Core/Src/main.c.obj
                0x08008824                main
 .text.MX_SPI1_Init
                0x08008880       0x48 CMakeFiles/engineer_controller_2025.elf.dir/Core/Src/spi.c.obj
                0x08008880                MX_SPI1_Init
 .text.HAL_SPI_MspInit
                0x080088c8      0x124 CMakeFiles/engineer_controller_2025.elf.dir/Core/Src/spi.c.obj
                0x080088c8                HAL_SPI_MspInit
 .text.HAL_MspInit
                0x080089ec       0x44 CMakeFiles/engineer_controller_2025.elf.dir/Core/Src/stm32f4xx_hal_msp.c.obj
                0x080089ec                HAL_MspInit
 .text.HAL_InitTick
                0x08008a30       0xa4 CMakeFiles/engineer_controller_2025.elf.dir/Core/Src/stm32f4xx_hal_timebase_tim.c.obj
                0x08008a30                HAL_InitTick
 .text.NMI_Handler
                0x08008ad4        0x2 CMakeFiles/engineer_controller_2025.elf.dir/Core/Src/stm32f4xx_it.c.obj
                0x08008ad4                NMI_Handler
 .text.HardFault_Handler
                0x08008ad6        0x2 CMakeFiles/engineer_controller_2025.elf.dir/Core/Src/stm32f4xx_it.c.obj
                0x08008ad6                HardFault_Handler
 .text.MemManage_Handler
                0x08008ad8        0x2 CMakeFiles/engineer_controller_2025.elf.dir/Core/Src/stm32f4xx_it.c.obj
                0x08008ad8                MemManage_Handler
 .text.BusFault_Handler
                0x08008ada        0x2 CMakeFiles/engineer_controller_2025.elf.dir/Core/Src/stm32f4xx_it.c.obj
                0x08008ada                BusFault_Handler
 .text.UsageFault_Handler
                0x08008adc        0x2 CMakeFiles/engineer_controller_2025.elf.dir/Core/Src/stm32f4xx_it.c.obj
                0x08008adc                UsageFault_Handler
 .text.DebugMon_Handler
                0x08008ade        0x2 CMakeFiles/engineer_controller_2025.elf.dir/Core/Src/stm32f4xx_it.c.obj
                0x08008ade                DebugMon_Handler
 .text.DMA1_Stream1_IRQHandler
                0x08008ae0       0x10 CMakeFiles/engineer_controller_2025.elf.dir/Core/Src/stm32f4xx_it.c.obj
                0x08008ae0                DMA1_Stream1_IRQHandler
 .text.CAN1_TX_IRQHandler
                0x08008af0       0x10 CMakeFiles/engineer_controller_2025.elf.dir/Core/Src/stm32f4xx_it.c.obj
                0x08008af0                CAN1_TX_IRQHandler
 .text.CAN1_RX0_IRQHandler
                0x08008b00       0x10 CMakeFiles/engineer_controller_2025.elf.dir/Core/Src/stm32f4xx_it.c.obj
                0x08008b00                CAN1_RX0_IRQHandler
 .text.USART1_IRQHandler
                0x08008b10       0x10 CMakeFiles/engineer_controller_2025.elf.dir/Core/Src/stm32f4xx_it.c.obj
                0x08008b10                USART1_IRQHandler
 .text.USART3_IRQHandler
                0x08008b20       0x10 CMakeFiles/engineer_controller_2025.elf.dir/Core/Src/stm32f4xx_it.c.obj
                0x08008b20                USART3_IRQHandler
 .text.TIM7_IRQHandler
                0x08008b30       0x10 CMakeFiles/engineer_controller_2025.elf.dir/Core/Src/stm32f4xx_it.c.obj
                0x08008b30                TIM7_IRQHandler
 .text.DMA2_Stream0_IRQHandler
                0x08008b40       0x10 CMakeFiles/engineer_controller_2025.elf.dir/Core/Src/stm32f4xx_it.c.obj
                0x08008b40                DMA2_Stream0_IRQHandler
 .text.DMA2_Stream1_IRQHandler
                0x08008b50       0x10 CMakeFiles/engineer_controller_2025.elf.dir/Core/Src/stm32f4xx_it.c.obj
                0x08008b50                DMA2_Stream1_IRQHandler
 .text.DMA2_Stream2_IRQHandler
                0x08008b60       0x10 CMakeFiles/engineer_controller_2025.elf.dir/Core/Src/stm32f4xx_it.c.obj
                0x08008b60                DMA2_Stream2_IRQHandler
 .text.DMA2_Stream3_IRQHandler
                0x08008b70       0x10 CMakeFiles/engineer_controller_2025.elf.dir/Core/Src/stm32f4xx_it.c.obj
                0x08008b70                DMA2_Stream3_IRQHandler
 .text.CAN2_TX_IRQHandler
                0x08008b80       0x10 CMakeFiles/engineer_controller_2025.elf.dir/Core/Src/stm32f4xx_it.c.obj
                0x08008b80                CAN2_TX_IRQHandler
 .text.CAN2_RX1_IRQHandler
                0x08008b90       0x10 CMakeFiles/engineer_controller_2025.elf.dir/Core/Src/stm32f4xx_it.c.obj
                0x08008b90                CAN2_RX1_IRQHandler
 .text.OTG_FS_IRQHandler
                0x08008ba0       0x10 CMakeFiles/engineer_controller_2025.elf.dir/Core/Src/stm32f4xx_it.c.obj
                0x08008ba0                OTG_FS_IRQHandler
 .text.DMA2_Stream5_IRQHandler
                0x08008bb0       0x10 CMakeFiles/engineer_controller_2025.elf.dir/Core/Src/stm32f4xx_it.c.obj
                0x08008bb0                DMA2_Stream5_IRQHandler
 .text.DMA2_Stream7_IRQHandler
                0x08008bc0       0x10 CMakeFiles/engineer_controller_2025.elf.dir/Core/Src/stm32f4xx_it.c.obj
                0x08008bc0                DMA2_Stream7_IRQHandler
 .text.USART6_IRQHandler
                0x08008bd0       0x10 CMakeFiles/engineer_controller_2025.elf.dir/Core/Src/stm32f4xx_it.c.obj
                0x08008bd0                USART6_IRQHandler
 .text._getpid  0x08008be0        0x4 CMakeFiles/engineer_controller_2025.elf.dir/Core/Src/syscalls.c.obj
                0x08008be0                _getpid
 .text._kill    0x08008be4       0x10 CMakeFiles/engineer_controller_2025.elf.dir/Core/Src/syscalls.c.obj
                0x08008be4                _kill
 .text._exit    0x08008bf4        0xc CMakeFiles/engineer_controller_2025.elf.dir/Core/Src/syscalls.c.obj
                0x08008bf4                _exit
 .text._read    0x08008c00       0x20 CMakeFiles/engineer_controller_2025.elf.dir/Core/Src/syscalls.c.obj
                0x08008c00                _read
 .text._write   0x08008c20       0x1c CMakeFiles/engineer_controller_2025.elf.dir/Core/Src/syscalls.c.obj
                0x08008c20                _write
 .text._close   0x08008c3c        0x6 CMakeFiles/engineer_controller_2025.elf.dir/Core/Src/syscalls.c.obj
                0x08008c3c                _close
 .text._fstat   0x08008c42        0xa CMakeFiles/engineer_controller_2025.elf.dir/Core/Src/syscalls.c.obj
                0x08008c42                _fstat
 .text._isatty  0x08008c4c        0x4 CMakeFiles/engineer_controller_2025.elf.dir/Core/Src/syscalls.c.obj
                0x08008c4c                _isatty
 .text._lseek   0x08008c50        0x4 CMakeFiles/engineer_controller_2025.elf.dir/Core/Src/syscalls.c.obj
                0x08008c50                _lseek
 .text._sbrk    0x08008c54       0x48 CMakeFiles/engineer_controller_2025.elf.dir/Core/Src/sysmem.c.obj
                0x08008c54                _sbrk
 .text.SystemInit
                0x08008c9c       0x14 CMakeFiles/engineer_controller_2025.elf.dir/Core/Src/system_stm32f4xx.c.obj
                0x08008c9c                SystemInit
 .text.HAL_TIM_Base_MspInit
                0x08008cb0       0xf0 CMakeFiles/engineer_controller_2025.elf.dir/Core/Src/tim.c.obj
                0x08008cb0                HAL_TIM_Base_MspInit
 .text.HAL_TIM_MspPostInit
                0x08008da0       0x98 CMakeFiles/engineer_controller_2025.elf.dir/Core/Src/tim.c.obj
                0x08008da0                HAL_TIM_MspPostInit
 .text.MX_TIM1_Init
                0x08008e38       0xf8 CMakeFiles/engineer_controller_2025.elf.dir/Core/Src/tim.c.obj
                0x08008e38                MX_TIM1_Init
 .text.MX_TIM10_Init
                0x08008f30       0x74 CMakeFiles/engineer_controller_2025.elf.dir/Core/Src/tim.c.obj
                0x08008f30                MX_TIM10_Init
 .text.MX_USART1_UART_Init
                0x08008fa4       0x34 CMakeFiles/engineer_controller_2025.elf.dir/Core/Src/usart.c.obj
                0x08008fa4                MX_USART1_UART_Init
 .text.MX_USART3_UART_Init
                0x08008fd8       0x40 CMakeFiles/engineer_controller_2025.elf.dir/Core/Src/usart.c.obj
                0x08008fd8                MX_USART3_UART_Init
 .text.MX_USART6_UART_Init
                0x08009018       0x34 CMakeFiles/engineer_controller_2025.elf.dir/Core/Src/usart.c.obj
                0x08009018                MX_USART6_UART_Init
 .text.HAL_UART_MspInit
                0x0800904c      0x23c CMakeFiles/engineer_controller_2025.elf.dir/Core/Src/usart.c.obj
                0x0800904c                HAL_UART_MspInit
 .text.Reset_Handler
                0x08009288       0x50 CMakeFiles/engineer_controller_2025.elf.dir/Core/Startup/startup_stm32f407ighx.s.obj
                0x08009288                Reset_Handler
 .text.Default_Handler
                0x080092d8        0x2 CMakeFiles/engineer_controller_2025.elf.dir/Core/Startup/startup_stm32f407ighx.s.obj
                0x080092d8                RTC_Alarm_IRQHandler
                0x080092d8                HASH_RNG_IRQHandler
                0x080092d8                EXTI2_IRQHandler
                0x080092d8                TIM8_CC_IRQHandler
                0x080092d8                TIM1_CC_IRQHandler
                0x080092d8                DMA1_Stream5_IRQHandler
                0x080092d8                PVD_IRQHandler
                0x080092d8                SDIO_IRQHandler
                0x080092d8                TAMP_STAMP_IRQHandler
                0x080092d8                EXTI3_IRQHandler
                0x080092d8                TIM8_TRG_COM_TIM14_IRQHandler
                0x080092d8                TIM1_UP_TIM10_IRQHandler
                0x080092d8                TIM8_UP_TIM13_IRQHandler
                0x080092d8                I2C3_ER_IRQHandler
                0x080092d8                EXTI0_IRQHandler
                0x080092d8                I2C2_EV_IRQHandler
                0x080092d8                DMA1_Stream2_IRQHandler
                0x080092d8                FPU_IRQHandler
                0x080092d8                OTG_HS_WKUP_IRQHandler
                0x080092d8                CAN2_SCE_IRQHandler
                0x080092d8                SPI1_IRQHandler
                0x080092d8                TIM6_DAC_IRQHandler
                0x080092d8                TIM1_BRK_TIM9_IRQHandler
                0x080092d8                DCMI_IRQHandler
                0x080092d8                CAN2_RX0_IRQHandler
                0x080092d8                CAN1_RX1_IRQHandler
                0x080092d8                UART5_IRQHandler
                0x080092d8                TIM4_IRQHandler
                0x080092d8                I2C1_EV_IRQHandler
                0x080092d8                DMA1_Stream6_IRQHandler
                0x080092d8                UART4_IRQHandler
                0x080092d8                TIM3_IRQHandler
                0x080092d8                RCC_IRQHandler
                0x080092d8                TIM8_BRK_TIM12_IRQHandler
                0x080092d8                Default_Handler
                0x080092d8                EXTI15_10_IRQHandler
                0x080092d8                ADC_IRQHandler
                0x080092d8                DMA1_Stream7_IRQHandler
                0x080092d8                TIM5_IRQHandler
                0x080092d8                I2C3_EV_IRQHandler
                0x080092d8                EXTI9_5_IRQHandler
                0x080092d8                RTC_WKUP_IRQHandler
                0x080092d8                ETH_WKUP_IRQHandler
                0x080092d8                SPI2_IRQHandler
                0x080092d8                OTG_HS_EP1_IN_IRQHandler
                0x080092d8                DMA1_Stream0_IRQHandler
                0x080092d8                EXTI4_IRQHandler
                0x080092d8                FSMC_IRQHandler
                0x080092d8                ETH_IRQHandler
                0x080092d8                OTG_HS_EP1_OUT_IRQHandler
                0x080092d8                WWDG_IRQHandler
                0x080092d8                TIM2_IRQHandler
                0x080092d8                OTG_FS_WKUP_IRQHandler
                0x080092d8                TIM1_TRG_COM_TIM11_IRQHandler
                0x080092d8                OTG_HS_IRQHandler
                0x080092d8                EXTI1_IRQHandler
                0x080092d8                USART2_IRQHandler
                0x080092d8                I2C2_ER_IRQHandler
                0x080092d8                CAN1_SCE_IRQHandler
                0x080092d8                FLASH_IRQHandler
                0x080092d8                DMA2_Stream4_IRQHandler
                0x080092d8                SPI3_IRQHandler
                0x080092d8                DMA1_Stream4_IRQHandler
                0x080092d8                I2C1_ER_IRQHandler
                0x080092d8                DMA2_Stream6_IRQHandler
                0x080092d8                DMA1_Stream3_IRQHandler
 *fill*         0x080092da        0x2 
 .text.HAL_Init
                0x080092dc       0x34 CMakeFiles/engineer_controller_2025.elf.dir/Drivers/STM32F4xx_HAL_Driver/Src/stm32f4xx_hal.c.obj
                0x080092dc                HAL_Init
 .text.HAL_IncTick
                0x08009310       0x18 CMakeFiles/engineer_controller_2025.elf.dir/Drivers/STM32F4xx_HAL_Driver/Src/stm32f4xx_hal.c.obj
                0x08009310                HAL_IncTick
 .text.HAL_GetTick
                0x08009328        0xc CMakeFiles/engineer_controller_2025.elf.dir/Drivers/STM32F4xx_HAL_Driver/Src/stm32f4xx_hal.c.obj
                0x08009328                HAL_GetTick
 .text.HAL_Delay
                0x08009334       0x28 CMakeFiles/engineer_controller_2025.elf.dir/Drivers/STM32F4xx_HAL_Driver/Src/stm32f4xx_hal.c.obj
                0x08009334                HAL_Delay
 .text.HAL_CAN_Init
                0x0800935c      0x14c CMakeFiles/engineer_controller_2025.elf.dir/Drivers/STM32F4xx_HAL_Driver/Src/stm32f4xx_hal_can.c.obj
                0x0800935c                HAL_CAN_Init
 .text.HAL_CAN_ConfigFilter
                0x080094a8      0x138 CMakeFiles/engineer_controller_2025.elf.dir/Drivers/STM32F4xx_HAL_Driver/Src/stm32f4xx_hal_can.c.obj
                0x080094a8                HAL_CAN_ConfigFilter
 .text.HAL_CAN_Start
                0x080095e0       0x5c CMakeFiles/engineer_controller_2025.elf.dir/Drivers/STM32F4xx_HAL_Driver/Src/stm32f4xx_hal_can.c.obj
                0x080095e0                HAL_CAN_Start
 .text.HAL_CAN_AddTxMessage
                0x0800963c       0xea CMakeFiles/engineer_controller_2025.elf.dir/Drivers/STM32F4xx_HAL_Driver/Src/stm32f4xx_hal_can.c.obj
                0x0800963c                HAL_CAN_AddTxMessage
 .text.HAL_CAN_GetRxMessage
                0x08009726      0x16a CMakeFiles/engineer_controller_2025.elf.dir/Drivers/STM32F4xx_HAL_Driver/Src/stm32f4xx_hal_can.c.obj
                0x08009726                HAL_CAN_GetRxMessage
 .text.HAL_CAN_ActivateNotification
                0x08009890       0x24 CMakeFiles/engineer_controller_2025.elf.dir/Drivers/STM32F4xx_HAL_Driver/Src/stm32f4xx_hal_can.c.obj
                0x08009890                HAL_CAN_ActivateNotification
 .text.HAL_CAN_TxMailbox0AbortCallback
                0x080098b4        0x2 CMakeFiles/engineer_controller_2025.elf.dir/Drivers/STM32F4xx_HAL_Driver/Src/stm32f4xx_hal_can.c.obj
                0x080098b4                HAL_CAN_TxMailbox0AbortCallback
 .text.HAL_CAN_TxMailbox1AbortCallback
                0x080098b6        0x2 CMakeFiles/engineer_controller_2025.elf.dir/Drivers/STM32F4xx_HAL_Driver/Src/stm32f4xx_hal_can.c.obj
                0x080098b6                HAL_CAN_TxMailbox1AbortCallback
 .text.HAL_CAN_TxMailbox2AbortCallback
                0x080098b8        0x2 CMakeFiles/engineer_controller_2025.elf.dir/Drivers/STM32F4xx_HAL_Driver/Src/stm32f4xx_hal_can.c.obj
                0x080098b8                HAL_CAN_TxMailbox2AbortCallback
 .text.HAL_CAN_RxFifo0FullCallback
                0x080098ba        0x2 CMakeFiles/engineer_controller_2025.elf.dir/Drivers/STM32F4xx_HAL_Driver/Src/stm32f4xx_hal_can.c.obj
                0x080098ba                HAL_CAN_RxFifo0FullCallback
 .text.HAL_CAN_RxFifo1FullCallback
                0x080098bc        0x2 CMakeFiles/engineer_controller_2025.elf.dir/Drivers/STM32F4xx_HAL_Driver/Src/stm32f4xx_hal_can.c.obj
                0x080098bc                HAL_CAN_RxFifo1FullCallback
 .text.HAL_CAN_SleepCallback
                0x080098be        0x2 CMakeFiles/engineer_controller_2025.elf.dir/Drivers/STM32F4xx_HAL_Driver/Src/stm32f4xx_hal_can.c.obj
                0x080098be                HAL_CAN_SleepCallback
 .text.HAL_CAN_WakeUpFromRxMsgCallback
                0x080098c0        0x2 CMakeFiles/engineer_controller_2025.elf.dir/Drivers/STM32F4xx_HAL_Driver/Src/stm32f4xx_hal_can.c.obj
                0x080098c0                HAL_CAN_WakeUpFromRxMsgCallback
 .text.HAL_CAN_ErrorCallback
                0x080098c2        0x2 CMakeFiles/engineer_controller_2025.elf.dir/Drivers/STM32F4xx_HAL_Driver/Src/stm32f4xx_hal_can.c.obj
                0x080098c2                HAL_CAN_ErrorCallback
 .text.HAL_CAN_IRQHandler
                0x080098c4      0x24a CMakeFiles/engineer_controller_2025.elf.dir/Drivers/STM32F4xx_HAL_Driver/Src/stm32f4xx_hal_can.c.obj
                0x080098c4                HAL_CAN_IRQHandler
 *fill*         0x08009b0e        0x2 
 .text.HAL_NVIC_SetPriorityGrouping
                0x08009b10       0x24 CMakeFiles/engineer_controller_2025.elf.dir/Drivers/STM32F4xx_HAL_Driver/Src/stm32f4xx_hal_cortex.c.obj
                0x08009b10                HAL_NVIC_SetPriorityGrouping
 .text.HAL_NVIC_SetPriority
                0x08009b34       0x70 CMakeFiles/engineer_controller_2025.elf.dir/Drivers/STM32F4xx_HAL_Driver/Src/stm32f4xx_hal_cortex.c.obj
                0x08009b34                HAL_NVIC_SetPriority
 .text.HAL_NVIC_EnableIRQ
                0x08009ba4       0x1c CMakeFiles/engineer_controller_2025.elf.dir/Drivers/STM32F4xx_HAL_Driver/Src/stm32f4xx_hal_cortex.c.obj
                0x08009ba4                HAL_NVIC_EnableIRQ
 .text.DMA_SetConfig
                0x08009bc0       0x2c CMakeFiles/engineer_controller_2025.elf.dir/Drivers/STM32F4xx_HAL_Driver/Src/stm32f4xx_hal_dma.c.obj
 .text.DMA_CalcBaseAndBitshift
                0x08009bec       0x44 CMakeFiles/engineer_controller_2025.elf.dir/Drivers/STM32F4xx_HAL_Driver/Src/stm32f4xx_hal_dma.c.obj
 .text.DMA_CheckFifoParam
                0x08009c30       0x8e CMakeFiles/engineer_controller_2025.elf.dir/Drivers/STM32F4xx_HAL_Driver/Src/stm32f4xx_hal_dma.c.obj
 *fill*         0x08009cbe        0x2 
 .text.HAL_DMA_Init
                0x08009cc0       0xcc CMakeFiles/engineer_controller_2025.elf.dir/Drivers/STM32F4xx_HAL_Driver/Src/stm32f4xx_hal_dma.c.obj
                0x08009cc0                HAL_DMA_Init
 .text.HAL_DMA_Start_IT
                0x08009d8c       0x6a CMakeFiles/engineer_controller_2025.elf.dir/Drivers/STM32F4xx_HAL_Driver/Src/stm32f4xx_hal_dma.c.obj
                0x08009d8c                HAL_DMA_Start_IT
 .text.HAL_DMA_Abort
                0x08009df6       0x94 CMakeFiles/engineer_controller_2025.elf.dir/Drivers/STM32F4xx_HAL_Driver/Src/stm32f4xx_hal_dma.c.obj
                0x08009df6                HAL_DMA_Abort
 .text.HAL_DMA_Abort_IT
                0x08009e8a       0x26 CMakeFiles/engineer_controller_2025.elf.dir/Drivers/STM32F4xx_HAL_Driver/Src/stm32f4xx_hal_dma.c.obj
                0x08009e8a                HAL_DMA_Abort_IT
 .text.HAL_DMA_IRQHandler
                0x08009eb0      0x1dc CMakeFiles/engineer_controller_2025.elf.dir/Drivers/STM32F4xx_HAL_Driver/Src/stm32f4xx_hal_dma.c.obj
                0x08009eb0                HAL_DMA_IRQHandler
 .text.HAL_GPIO_Init
                0x0800a08c      0x1e4 CMakeFiles/engineer_controller_2025.elf.dir/Drivers/STM32F4xx_HAL_Driver/Src/stm32f4xx_hal_gpio.c.obj
                0x0800a08c                HAL_GPIO_Init
 .text.HAL_GPIO_WritePin
                0x0800a270        0xc CMakeFiles/engineer_controller_2025.elf.dir/Drivers/STM32F4xx_HAL_Driver/Src/stm32f4xx_hal_gpio.c.obj
                0x0800a270                HAL_GPIO_WritePin
 .text.HAL_GPIO_TogglePin
                0x0800a27c       0x12 CMakeFiles/engineer_controller_2025.elf.dir/Drivers/STM32F4xx_HAL_Driver/Src/stm32f4xx_hal_gpio.c.obj
                0x0800a27c                HAL_GPIO_TogglePin
 .text.HAL_IWDG_Init
                0x0800a28e       0x5c CMakeFiles/engineer_controller_2025.elf.dir/Drivers/STM32F4xx_HAL_Driver/Src/stm32f4xx_hal_iwdg.c.obj
                0x0800a28e                HAL_IWDG_Init
 .text.HAL_IWDG_Refresh
                0x0800a2ea        0xc CMakeFiles/engineer_controller_2025.elf.dir/Drivers/STM32F4xx_HAL_Driver/Src/stm32f4xx_hal_iwdg.c.obj
                0x0800a2ea                HAL_IWDG_Refresh
 .text.PCD_WriteEmptyTxFifo
                0x0800a2f6       0xd0 CMakeFiles/engineer_controller_2025.elf.dir/Drivers/STM32F4xx_HAL_Driver/Src/stm32f4xx_hal_pcd.c.obj
 .text.HAL_PCD_Init
                0x0800a3c6      0x102 CMakeFiles/engineer_controller_2025.elf.dir/Drivers/STM32F4xx_HAL_Driver/Src/stm32f4xx_hal_pcd.c.obj
                0x0800a3c6                HAL_PCD_Init
 .text.HAL_PCD_Start
                0x0800a4c8       0x44 CMakeFiles/engineer_controller_2025.elf.dir/Drivers/STM32F4xx_HAL_Driver/Src/stm32f4xx_hal_pcd.c.obj
                0x0800a4c8                HAL_PCD_Start
 .text.PCD_EP_OutXfrComplete_int
                0x0800a50c      0x104 CMakeFiles/engineer_controller_2025.elf.dir/Drivers/STM32F4xx_HAL_Driver/Src/stm32f4xx_hal_pcd.c.obj
 .text.PCD_EP_OutSetupPacket_int
                0x0800a610       0x50 CMakeFiles/engineer_controller_2025.elf.dir/Drivers/STM32F4xx_HAL_Driver/Src/stm32f4xx_hal_pcd.c.obj
 .text.HAL_PCD_SetAddress
                0x0800a660       0x26 CMakeFiles/engineer_controller_2025.elf.dir/Drivers/STM32F4xx_HAL_Driver/Src/stm32f4xx_hal_pcd.c.obj
                0x0800a660                HAL_PCD_SetAddress
 .text.HAL_PCD_EP_Open
                0x0800a686       0x8c CMakeFiles/engineer_controller_2025.elf.dir/Drivers/STM32F4xx_HAL_Driver/Src/stm32f4xx_hal_pcd.c.obj
                0x0800a686                HAL_PCD_EP_Open
 .text.HAL_PCD_EP_Close
                0x0800a712       0x70 CMakeFiles/engineer_controller_2025.elf.dir/Drivers/STM32F4xx_HAL_Driver/Src/stm32f4xx_hal_pcd.c.obj
                0x0800a712                HAL_PCD_EP_Close
 .text.HAL_PCD_EP_Receive
                0x0800a782       0x4a CMakeFiles/engineer_controller_2025.elf.dir/Drivers/STM32F4xx_HAL_Driver/Src/stm32f4xx_hal_pcd.c.obj
                0x0800a782                HAL_PCD_EP_Receive
 .text.HAL_PCD_EP_GetRxCount
                0x0800a7cc       0x12 CMakeFiles/engineer_controller_2025.elf.dir/Drivers/STM32F4xx_HAL_Driver/Src/stm32f4xx_hal_pcd.c.obj
                0x0800a7cc                HAL_PCD_EP_GetRxCount
 .text.HAL_PCD_EP_Transmit
                0x0800a7de       0x4a CMakeFiles/engineer_controller_2025.elf.dir/Drivers/STM32F4xx_HAL_Driver/Src/stm32f4xx_hal_pcd.c.obj
                0x0800a7de                HAL_PCD_EP_Transmit
 .text.HAL_PCD_EP_SetStall
                0x0800a828       0x86 CMakeFiles/engineer_controller_2025.elf.dir/Drivers/STM32F4xx_HAL_Driver/Src/stm32f4xx_hal_pcd.c.obj
                0x0800a828                HAL_PCD_EP_SetStall
 .text.HAL_PCD_EP_ClrStall
                0x0800a8ae       0x74 CMakeFiles/engineer_controller_2025.elf.dir/Drivers/STM32F4xx_HAL_Driver/Src/stm32f4xx_hal_pcd.c.obj
                0x0800a8ae                HAL_PCD_EP_ClrStall
 .text.HAL_PCD_EP_Abort
                0x0800a922       0x34 CMakeFiles/engineer_controller_2025.elf.dir/Drivers/STM32F4xx_HAL_Driver/Src/stm32f4xx_hal_pcd.c.obj
                0x0800a922                HAL_PCD_EP_Abort
 .text.HAL_PCD_IRQHandler
                0x0800a956      0x5ba CMakeFiles/engineer_controller_2025.elf.dir/Drivers/STM32F4xx_HAL_Driver/Src/stm32f4xx_hal_pcd.c.obj
                0x0800a956                HAL_PCD_IRQHandler
 .text.HAL_PCDEx_SetTxFiFo
                0x0800af10       0x4c CMakeFiles/engineer_controller_2025.elf.dir/Drivers/STM32F4xx_HAL_Driver/Src/stm32f4xx_hal_pcd_ex.c.obj
                0x0800af10                HAL_PCDEx_SetTxFiFo
 .text.HAL_PCDEx_SetRxFiFo
                0x0800af5c        0x8 CMakeFiles/engineer_controller_2025.elf.dir/Drivers/STM32F4xx_HAL_Driver/Src/stm32f4xx_hal_pcd_ex.c.obj
                0x0800af5c                HAL_PCDEx_SetRxFiFo
 .text.HAL_PCDEx_LPM_Callback
                0x0800af64        0x2 CMakeFiles/engineer_controller_2025.elf.dir/Drivers/STM32F4xx_HAL_Driver/Src/stm32f4xx_hal_pcd_ex.c.obj
                0x0800af64                HAL_PCDEx_LPM_Callback
 *fill*         0x0800af66        0x2 
 .text.HAL_RCC_OscConfig
                0x0800af68      0x3f8 CMakeFiles/engineer_controller_2025.elf.dir/Drivers/STM32F4xx_HAL_Driver/Src/stm32f4xx_hal_rcc.c.obj
                0x0800af68                HAL_RCC_OscConfig
 .text.HAL_RCC_GetSysClockFreq
                0x0800b360       0xa4 CMakeFiles/engineer_controller_2025.elf.dir/Drivers/STM32F4xx_HAL_Driver/Src/stm32f4xx_hal_rcc.c.obj
                0x0800b360                HAL_RCC_GetSysClockFreq
 .text.HAL_RCC_ClockConfig
                0x0800b404      0x160 CMakeFiles/engineer_controller_2025.elf.dir/Drivers/STM32F4xx_HAL_Driver/Src/stm32f4xx_hal_rcc.c.obj
                0x0800b404                HAL_RCC_ClockConfig
 .text.HAL_RCC_GetHCLKFreq
                0x0800b564        0xc CMakeFiles/engineer_controller_2025.elf.dir/Drivers/STM32F4xx_HAL_Driver/Src/stm32f4xx_hal_rcc.c.obj
                0x0800b564                HAL_RCC_GetHCLKFreq
 .text.HAL_RCC_GetPCLK1Freq
                0x0800b570       0x20 CMakeFiles/engineer_controller_2025.elf.dir/Drivers/STM32F4xx_HAL_Driver/Src/stm32f4xx_hal_rcc.c.obj
                0x0800b570                HAL_RCC_GetPCLK1Freq
 .text.HAL_RCC_GetPCLK2Freq
                0x0800b590       0x20 CMakeFiles/engineer_controller_2025.elf.dir/Drivers/STM32F4xx_HAL_Driver/Src/stm32f4xx_hal_rcc.c.obj
                0x0800b590                HAL_RCC_GetPCLK2Freq
 .text.HAL_RCC_GetClockConfig
                0x0800b5b0       0x3c CMakeFiles/engineer_controller_2025.elf.dir/Drivers/STM32F4xx_HAL_Driver/Src/stm32f4xx_hal_rcc.c.obj
                0x0800b5b0                HAL_RCC_GetClockConfig
 .text.HAL_SPI_Init
                0x0800b5ec       0xbe CMakeFiles/engineer_controller_2025.elf.dir/Drivers/STM32F4xx_HAL_Driver/Src/stm32f4xx_hal_spi.c.obj
                0x0800b5ec                HAL_SPI_Init
 .text.HAL_TIM_PWM_MspInit
                0x0800b6aa        0x2 CMakeFiles/engineer_controller_2025.elf.dir/Drivers/STM32F4xx_HAL_Driver/Src/stm32f4xx_hal_tim.c.obj
                0x0800b6aa                HAL_TIM_PWM_MspInit
 .text.HAL_TIM_PeriodElapsedHalfCpltCallback
                0x0800b6ac        0x2 CMakeFiles/engineer_controller_2025.elf.dir/Drivers/STM32F4xx_HAL_Driver/Src/stm32f4xx_hal_tim.c.obj
                0x0800b6ac                HAL_TIM_PeriodElapsedHalfCpltCallback
 .text.HAL_TIM_OC_DelayElapsedCallback
                0x0800b6ae        0x2 CMakeFiles/engineer_controller_2025.elf.dir/Drivers/STM32F4xx_HAL_Driver/Src/stm32f4xx_hal_tim.c.obj
                0x0800b6ae                HAL_TIM_OC_DelayElapsedCallback
 .text.HAL_TIM_IC_CaptureCallback
                0x0800b6b0        0x2 CMakeFiles/engineer_controller_2025.elf.dir/Drivers/STM32F4xx_HAL_Driver/Src/stm32f4xx_hal_tim.c.obj
                0x0800b6b0                HAL_TIM_IC_CaptureCallback
 .text.HAL_TIM_IC_CaptureHalfCpltCallback
                0x0800b6b2        0x2 CMakeFiles/engineer_controller_2025.elf.dir/Drivers/STM32F4xx_HAL_Driver/Src/stm32f4xx_hal_tim.c.obj
                0x0800b6b2                HAL_TIM_IC_CaptureHalfCpltCallback
 .text.HAL_TIM_PWM_PulseFinishedCallback
                0x0800b6b4        0x2 CMakeFiles/engineer_controller_2025.elf.dir/Drivers/STM32F4xx_HAL_Driver/Src/stm32f4xx_hal_tim.c.obj
                0x0800b6b4                HAL_TIM_PWM_PulseFinishedCallback
 .text.HAL_TIM_PWM_PulseFinishedHalfCpltCallback
                0x0800b6b6        0x2 CMakeFiles/engineer_controller_2025.elf.dir/Drivers/STM32F4xx_HAL_Driver/Src/stm32f4xx_hal_tim.c.obj
                0x0800b6b6                HAL_TIM_PWM_PulseFinishedHalfCpltCallback
 .text.HAL_TIM_TriggerCallback
                0x0800b6b8        0x2 CMakeFiles/engineer_controller_2025.elf.dir/Drivers/STM32F4xx_HAL_Driver/Src/stm32f4xx_hal_tim.c.obj
                0x0800b6b8                HAL_TIM_TriggerCallback
 .text.HAL_TIM_TriggerHalfCpltCallback
                0x0800b6ba        0x2 CMakeFiles/engineer_controller_2025.elf.dir/Drivers/STM32F4xx_HAL_Driver/Src/stm32f4xx_hal_tim.c.obj
                0x0800b6ba                HAL_TIM_TriggerHalfCpltCallback
 .text.HAL_TIM_ErrorCallback
                0x0800b6bc        0x2 CMakeFiles/engineer_controller_2025.elf.dir/Drivers/STM32F4xx_HAL_Driver/Src/stm32f4xx_hal_tim.c.obj
                0x0800b6bc                HAL_TIM_ErrorCallback
 *fill*         0x0800b6be        0x2 
 .text.TIM_OC1_SetConfig
                0x0800b6c0       0x68 CMakeFiles/engineer_controller_2025.elf.dir/Drivers/STM32F4xx_HAL_Driver/Src/stm32f4xx_hal_tim.c.obj
 .text.TIM_OC3_SetConfig
                0x0800b728       0x70 CMakeFiles/engineer_controller_2025.elf.dir/Drivers/STM32F4xx_HAL_Driver/Src/stm32f4xx_hal_tim.c.obj
 .text.TIM_OC4_SetConfig
                0x0800b798       0x50 CMakeFiles/engineer_controller_2025.elf.dir/Drivers/STM32F4xx_HAL_Driver/Src/stm32f4xx_hal_tim.c.obj
 .text.TIM_TI1_ConfigInputStage
                0x0800b7e8       0x26 CMakeFiles/engineer_controller_2025.elf.dir/Drivers/STM32F4xx_HAL_Driver/Src/stm32f4xx_hal_tim.c.obj
 .text.TIM_TI2_ConfigInputStage
                0x0800b80e       0x28 CMakeFiles/engineer_controller_2025.elf.dir/Drivers/STM32F4xx_HAL_Driver/Src/stm32f4xx_hal_tim.c.obj
 .text.TIM_ITRx_SetConfig
                0x0800b836       0x10 CMakeFiles/engineer_controller_2025.elf.dir/Drivers/STM32F4xx_HAL_Driver/Src/stm32f4xx_hal_tim.c.obj
 *fill*         0x0800b846        0x2 
 .text.HAL_TIM_Base_Start_IT
                0x0800b848       0x88 CMakeFiles/engineer_controller_2025.elf.dir/Drivers/STM32F4xx_HAL_Driver/Src/stm32f4xx_hal_tim.c.obj
                0x0800b848                HAL_TIM_Base_Start_IT
 .text.HAL_TIM_IRQHandler
                0x0800b8d0      0x178 CMakeFiles/engineer_controller_2025.elf.dir/Drivers/STM32F4xx_HAL_Driver/Src/stm32f4xx_hal_tim.c.obj
                0x0800b8d0                HAL_TIM_IRQHandler
 .text.TIM_Base_SetConfig
                0x0800ba48       0xd0 CMakeFiles/engineer_controller_2025.elf.dir/Drivers/STM32F4xx_HAL_Driver/Src/stm32f4xx_hal_tim.c.obj
                0x0800ba48                TIM_Base_SetConfig
 .text.TIM_OC2_SetConfig
                0x0800bb18       0x70 CMakeFiles/engineer_controller_2025.elf.dir/Drivers/STM32F4xx_HAL_Driver/Src/stm32f4xx_hal_tim.c.obj
                0x0800bb18                TIM_OC2_SetConfig
 .text.HAL_TIM_PWM_ConfigChannel
                0x0800bb88       0xdc CMakeFiles/engineer_controller_2025.elf.dir/Drivers/STM32F4xx_HAL_Driver/Src/stm32f4xx_hal_tim.c.obj
                0x0800bb88                HAL_TIM_PWM_ConfigChannel
 .text.TIM_ETR_SetConfig
                0x0800bc64       0x1a CMakeFiles/engineer_controller_2025.elf.dir/Drivers/STM32F4xx_HAL_Driver/Src/stm32f4xx_hal_tim.c.obj
                0x0800bc64                TIM_ETR_SetConfig
 .text.HAL_TIM_ConfigClockSource
                0x0800bc7e       0xfe CMakeFiles/engineer_controller_2025.elf.dir/Drivers/STM32F4xx_HAL_Driver/Src/stm32f4xx_hal_tim.c.obj
                0x0800bc7e                HAL_TIM_ConfigClockSource
 .text.TIM_ResetCallback
                0x0800bd7c       0x84 CMakeFiles/engineer_controller_2025.elf.dir/Drivers/STM32F4xx_HAL_Driver/Src/stm32f4xx_hal_tim.c.obj
                0x0800bd7c                TIM_ResetCallback
 .text.HAL_TIM_Base_Init
                0x0800be00       0x6c CMakeFiles/engineer_controller_2025.elf.dir/Drivers/STM32F4xx_HAL_Driver/Src/stm32f4xx_hal_tim.c.obj
                0x0800be00                HAL_TIM_Base_Init
 .text.HAL_TIM_PWM_Init
                0x0800be6c       0x6c CMakeFiles/engineer_controller_2025.elf.dir/Drivers/STM32F4xx_HAL_Driver/Src/stm32f4xx_hal_tim.c.obj
                0x0800be6c                HAL_TIM_PWM_Init
 .text.HAL_TIMEx_MasterConfigSynchronization
                0x0800bed8       0x8c CMakeFiles/engineer_controller_2025.elf.dir/Drivers/STM32F4xx_HAL_Driver/Src/stm32f4xx_hal_tim_ex.c.obj
                0x0800bed8                HAL_TIMEx_MasterConfigSynchronization
 .text.HAL_TIMEx_ConfigBreakDeadTime
                0x0800bf64       0x52 CMakeFiles/engineer_controller_2025.elf.dir/Drivers/STM32F4xx_HAL_Driver/Src/stm32f4xx_hal_tim_ex.c.obj
                0x0800bf64                HAL_TIMEx_ConfigBreakDeadTime
 .text.HAL_TIMEx_CommutCallback
                0x0800bfb6        0x2 CMakeFiles/engineer_controller_2025.elf.dir/Drivers/STM32F4xx_HAL_Driver/Src/stm32f4xx_hal_tim_ex.c.obj
                0x0800bfb6                HAL_TIMEx_CommutCallback
 .text.HAL_TIMEx_CommutHalfCpltCallback
                0x0800bfb8        0x2 CMakeFiles/engineer_controller_2025.elf.dir/Drivers/STM32F4xx_HAL_Driver/Src/stm32f4xx_hal_tim_ex.c.obj
                0x0800bfb8                HAL_TIMEx_CommutHalfCpltCallback
 .text.HAL_TIMEx_BreakCallback
                0x0800bfba        0x2 CMakeFiles/engineer_controller_2025.elf.dir/Drivers/STM32F4xx_HAL_Driver/Src/stm32f4xx_hal_tim_ex.c.obj
                0x0800bfba                HAL_TIMEx_BreakCallback
 .text.HAL_UART_TxCpltCallback
                0x0800bfbc        0x2 CMakeFiles/engineer_controller_2025.elf.dir/Drivers/STM32F4xx_HAL_Driver/Src/stm32f4xx_hal_uart.c.obj
                0x0800bfbc                HAL_UART_TxCpltCallback
 .text.HAL_UART_TxHalfCpltCallback
                0x0800bfbe        0x2 CMakeFiles/engineer_controller_2025.elf.dir/Drivers/STM32F4xx_HAL_Driver/Src/stm32f4xx_hal_uart.c.obj
                0x0800bfbe                HAL_UART_TxHalfCpltCallback
 .text.HAL_UART_RxCpltCallback
                0x0800bfc0        0x2 CMakeFiles/engineer_controller_2025.elf.dir/Drivers/STM32F4xx_HAL_Driver/Src/stm32f4xx_hal_uart.c.obj
                0x0800bfc0                HAL_UART_RxCpltCallback
 .text.HAL_UART_RxHalfCpltCallback
                0x0800bfc2        0x2 CMakeFiles/engineer_controller_2025.elf.dir/Drivers/STM32F4xx_HAL_Driver/Src/stm32f4xx_hal_uart.c.obj
                0x0800bfc2                HAL_UART_RxHalfCpltCallback
 .text.HAL_UART_ErrorCallback
                0x0800bfc4        0x2 CMakeFiles/engineer_controller_2025.elf.dir/Drivers/STM32F4xx_HAL_Driver/Src/stm32f4xx_hal_uart.c.obj
                0x0800bfc4                HAL_UART_ErrorCallback
 .text.HAL_UART_AbortCpltCallback
                0x0800bfc6        0x2 CMakeFiles/engineer_controller_2025.elf.dir/Drivers/STM32F4xx_HAL_Driver/Src/stm32f4xx_hal_uart.c.obj
                0x0800bfc6                HAL_UART_AbortCpltCallback
 .text.HAL_UART_AbortTransmitCpltCallback
                0x0800bfc8        0x2 CMakeFiles/engineer_controller_2025.elf.dir/Drivers/STM32F4xx_HAL_Driver/Src/stm32f4xx_hal_uart.c.obj
                0x0800bfc8                HAL_UART_AbortTransmitCpltCallback
 .text.HAL_UART_AbortReceiveCpltCallback
                0x0800bfca        0x2 CMakeFiles/engineer_controller_2025.elf.dir/Drivers/STM32F4xx_HAL_Driver/Src/stm32f4xx_hal_uart.c.obj
                0x0800bfca                HAL_UART_AbortReceiveCpltCallback
 .text.HAL_UARTEx_RxEventCallback
                0x0800bfcc        0x2 CMakeFiles/engineer_controller_2025.elf.dir/Drivers/STM32F4xx_HAL_Driver/Src/stm32f4xx_hal_uart.c.obj
                0x0800bfcc                HAL_UARTEx_RxEventCallback
 .text.UART_DMATransmitCplt
                0x0800bfce       0x4c CMakeFiles/engineer_controller_2025.elf.dir/Drivers/STM32F4xx_HAL_Driver/Src/stm32f4xx_hal_uart.c.obj
 .text.UART_DMATxHalfCplt
                0x0800c01a        0xa CMakeFiles/engineer_controller_2025.elf.dir/Drivers/STM32F4xx_HAL_Driver/Src/stm32f4xx_hal_uart.c.obj
 .text.UART_DMAReceiveCplt
                0x0800c024       0x9a CMakeFiles/engineer_controller_2025.elf.dir/Drivers/STM32F4xx_HAL_Driver/Src/stm32f4xx_hal_uart.c.obj
 .text.UART_DMARxHalfCplt
                0x0800c0be       0x1e CMakeFiles/engineer_controller_2025.elf.dir/Drivers/STM32F4xx_HAL_Driver/Src/stm32f4xx_hal_uart.c.obj
 .text.UART_EndTxTransfer
                0x0800c0dc       0x20 CMakeFiles/engineer_controller_2025.elf.dir/Drivers/STM32F4xx_HAL_Driver/Src/stm32f4xx_hal_uart.c.obj
 .text.UART_EndRxTransfer
                0x0800c0fc       0x5c CMakeFiles/engineer_controller_2025.elf.dir/Drivers/STM32F4xx_HAL_Driver/Src/stm32f4xx_hal_uart.c.obj
 .text.UART_DMAError
                0x0800c158       0x58 CMakeFiles/engineer_controller_2025.elf.dir/Drivers/STM32F4xx_HAL_Driver/Src/stm32f4xx_hal_uart.c.obj
 .text.UART_DMAAbortOnError
                0x0800c1b0        0xe CMakeFiles/engineer_controller_2025.elf.dir/Drivers/STM32F4xx_HAL_Driver/Src/stm32f4xx_hal_uart.c.obj
 .text.UART_Transmit_IT
                0x0800c1be       0x60 CMakeFiles/engineer_controller_2025.elf.dir/Drivers/STM32F4xx_HAL_Driver/Src/stm32f4xx_hal_uart.c.obj
 .text.UART_EndTransmit_IT
                0x0800c21e       0x1a CMakeFiles/engineer_controller_2025.elf.dir/Drivers/STM32F4xx_HAL_Driver/Src/stm32f4xx_hal_uart.c.obj
 .text.UART_Receive_IT
                0x0800c238       0xe6 CMakeFiles/engineer_controller_2025.elf.dir/Drivers/STM32F4xx_HAL_Driver/Src/stm32f4xx_hal_uart.c.obj
 *fill*         0x0800c31e        0x2 
 .text.UART_SetConfig
                0x0800c320      0x110 CMakeFiles/engineer_controller_2025.elf.dir/Drivers/STM32F4xx_HAL_Driver/Src/stm32f4xx_hal_uart.c.obj
 .text.HAL_UART_RegisterCallback
                0x0800c430       0xb4 CMakeFiles/engineer_controller_2025.elf.dir/Drivers/STM32F4xx_HAL_Driver/Src/stm32f4xx_hal_uart.c.obj
                0x0800c430                HAL_UART_RegisterCallback
 .text.HAL_UART_RegisterRxEventCallback
                0x0800c4e4       0x44 CMakeFiles/engineer_controller_2025.elf.dir/Drivers/STM32F4xx_HAL_Driver/Src/stm32f4xx_hal_uart.c.obj
                0x0800c4e4                HAL_UART_RegisterRxEventCallback
 .text.HAL_UART_Transmit_DMA
                0x0800c528       0x90 CMakeFiles/engineer_controller_2025.elf.dir/Drivers/STM32F4xx_HAL_Driver/Src/stm32f4xx_hal_uart.c.obj
                0x0800c528                HAL_UART_Transmit_DMA
 .text.HAL_UART_IRQHandler
                0x0800c5b8      0x2a4 CMakeFiles/engineer_controller_2025.elf.dir/Drivers/STM32F4xx_HAL_Driver/Src/stm32f4xx_hal_uart.c.obj
                0x0800c5b8                HAL_UART_IRQHandler
 .text.UART_InitCallbacksToDefault
                0x0800c85c       0x4c CMakeFiles/engineer_controller_2025.elf.dir/Drivers/STM32F4xx_HAL_Driver/Src/stm32f4xx_hal_uart.c.obj
                0x0800c85c                UART_InitCallbacksToDefault
 .text.HAL_UART_Init
                0x0800c8a8       0x78 CMakeFiles/engineer_controller_2025.elf.dir/Drivers/STM32F4xx_HAL_Driver/Src/stm32f4xx_hal_uart.c.obj
                0x0800c8a8                HAL_UART_Init
 .text.UART_Start_Receive_DMA
                0x0800c920       0xb8 CMakeFiles/engineer_controller_2025.elf.dir/Drivers/STM32F4xx_HAL_Driver/Src/stm32f4xx_hal_uart.c.obj
                0x0800c920                UART_Start_Receive_DMA
 .text.HAL_UARTEx_ReceiveToIdle_DMA
                0x0800c9d8       0x62 CMakeFiles/engineer_controller_2025.elf.dir/Drivers/STM32F4xx_HAL_Driver/Src/stm32f4xx_hal_uart.c.obj
                0x0800c9d8                HAL_UARTEx_ReceiveToIdle_DMA
 .text.USB_CoreReset
                0x0800ca3a       0x58 CMakeFiles/engineer_controller_2025.elf.dir/Drivers/STM32F4xx_HAL_Driver/Src/stm32f4xx_ll_usb.c.obj
 .text.USB_CoreInit
                0x0800ca92       0x92 CMakeFiles/engineer_controller_2025.elf.dir/Drivers/STM32F4xx_HAL_Driver/Src/stm32f4xx_ll_usb.c.obj
                0x0800ca92                USB_CoreInit
 .text.USB_SetTurnaroundTime
                0x0800cb24       0xe4 CMakeFiles/engineer_controller_2025.elf.dir/Drivers/STM32F4xx_HAL_Driver/Src/stm32f4xx_ll_usb.c.obj
                0x0800cb24                USB_SetTurnaroundTime
 .text.USB_EnableGlobalInt
                0x0800cc08        0xc CMakeFiles/engineer_controller_2025.elf.dir/Drivers/STM32F4xx_HAL_Driver/Src/stm32f4xx_ll_usb.c.obj
                0x0800cc08                USB_EnableGlobalInt
 .text.USB_DisableGlobalInt
                0x0800cc14        0xc CMakeFiles/engineer_controller_2025.elf.dir/Drivers/STM32F4xx_HAL_Driver/Src/stm32f4xx_ll_usb.c.obj
                0x0800cc14                USB_DisableGlobalInt
 .text.USB_FlushTxFifo
                0x0800cc20       0x4a CMakeFiles/engineer_controller_2025.elf.dir/Drivers/STM32F4xx_HAL_Driver/Src/stm32f4xx_ll_usb.c.obj
                0x0800cc20                USB_FlushTxFifo
 .text.USB_FlushRxFifo
                0x0800cc6a       0x46 CMakeFiles/engineer_controller_2025.elf.dir/Drivers/STM32F4xx_HAL_Driver/Src/stm32f4xx_ll_usb.c.obj
                0x0800cc6a                USB_FlushRxFifo
 .text.USB_SetDevSpeed
                0x0800ccb0        0xe CMakeFiles/engineer_controller_2025.elf.dir/Drivers/STM32F4xx_HAL_Driver/Src/stm32f4xx_ll_usb.c.obj
                0x0800ccb0                USB_SetDevSpeed
 *fill*         0x0800ccbe        0x2 
 .text.USB_DevInit
                0x0800ccc0      0x194 CMakeFiles/engineer_controller_2025.elf.dir/Drivers/STM32F4xx_HAL_Driver/Src/stm32f4xx_ll_usb.c.obj
                0x0800ccc0                USB_DevInit
 .text.USB_GetDevSpeed
                0x0800ce54       0x22 CMakeFiles/engineer_controller_2025.elf.dir/Drivers/STM32F4xx_HAL_Driver/Src/stm32f4xx_ll_usb.c.obj
                0x0800ce54                USB_GetDevSpeed
 .text.USB_ActivateEndpoint
                0x0800ce76       0x9c CMakeFiles/engineer_controller_2025.elf.dir/Drivers/STM32F4xx_HAL_Driver/Src/stm32f4xx_ll_usb.c.obj
                0x0800ce76                USB_ActivateEndpoint
 *fill*         0x0800cf12        0x2 
 .text.USB_DeactivateEndpoint
                0x0800cf14       0xe0 CMakeFiles/engineer_controller_2025.elf.dir/Drivers/STM32F4xx_HAL_Driver/Src/stm32f4xx_ll_usb.c.obj
                0x0800cf14                USB_DeactivateEndpoint
 .text.USB_EPStopXfer
                0x0800cff4       0xbe CMakeFiles/engineer_controller_2025.elf.dir/Drivers/STM32F4xx_HAL_Driver/Src/stm32f4xx_ll_usb.c.obj
                0x0800cff4                USB_EPStopXfer
 .text.USB_WritePacket
                0x0800d0b2       0x2e CMakeFiles/engineer_controller_2025.elf.dir/Drivers/STM32F4xx_HAL_Driver/Src/stm32f4xx_ll_usb.c.obj
                0x0800d0b2                USB_WritePacket
 .text.USB_EPStartXfer
                0x0800d0e0      0x250 CMakeFiles/engineer_controller_2025.elf.dir/Drivers/STM32F4xx_HAL_Driver/Src/stm32f4xx_ll_usb.c.obj
                0x0800d0e0                USB_EPStartXfer
 .text.USB_ReadPacket
                0x0800d330       0x54 CMakeFiles/engineer_controller_2025.elf.dir/Drivers/STM32F4xx_HAL_Driver/Src/stm32f4xx_ll_usb.c.obj
                0x0800d330                USB_ReadPacket
 .text.USB_EPSetStall
                0x0800d384       0x5a CMakeFiles/engineer_controller_2025.elf.dir/Drivers/STM32F4xx_HAL_Driver/Src/stm32f4xx_ll_usb.c.obj
                0x0800d384                USB_EPSetStall
 .text.USB_EPClearStall
                0x0800d3de       0x5c CMakeFiles/engineer_controller_2025.elf.dir/Drivers/STM32F4xx_HAL_Driver/Src/stm32f4xx_ll_usb.c.obj
                0x0800d3de                USB_EPClearStall
 .text.USB_SetDevAddress
                0x0800d43a       0x20 CMakeFiles/engineer_controller_2025.elf.dir/Drivers/STM32F4xx_HAL_Driver/Src/stm32f4xx_ll_usb.c.obj
                0x0800d43a                USB_SetDevAddress
 .text.USB_DevConnect
                0x0800d45a       0x1c CMakeFiles/engineer_controller_2025.elf.dir/Drivers/STM32F4xx_HAL_Driver/Src/stm32f4xx_ll_usb.c.obj
                0x0800d45a                USB_DevConnect
 .text.USB_DevDisconnect
                0x0800d476       0x1c CMakeFiles/engineer_controller_2025.elf.dir/Drivers/STM32F4xx_HAL_Driver/Src/stm32f4xx_ll_usb.c.obj
                0x0800d476                USB_DevDisconnect
 .text.USB_ReadInterrupts
                0x0800d492        0x8 CMakeFiles/engineer_controller_2025.elf.dir/Drivers/STM32F4xx_HAL_Driver/Src/stm32f4xx_ll_usb.c.obj
                0x0800d492                USB_ReadInterrupts
 .text.USB_ReadDevAllOutEpInterrupt
                0x0800d49a       0x10 CMakeFiles/engineer_controller_2025.elf.dir/Drivers/STM32F4xx_HAL_Driver/Src/stm32f4xx_ll_usb.c.obj
                0x0800d49a                USB_ReadDevAllOutEpInterrupt
 .text.USB_ReadDevAllInEpInterrupt
                0x0800d4aa       0x10 CMakeFiles/engineer_controller_2025.elf.dir/Drivers/STM32F4xx_HAL_Driver/Src/stm32f4xx_ll_usb.c.obj
                0x0800d4aa                USB_ReadDevAllInEpInterrupt
 .text.USB_ReadDevOutEPInterrupt
                0x0800d4ba       0x12 CMakeFiles/engineer_controller_2025.elf.dir/Drivers/STM32F4xx_HAL_Driver/Src/stm32f4xx_ll_usb.c.obj
                0x0800d4ba                USB_ReadDevOutEPInterrupt
 .text.USB_ReadDevInEPInterrupt
                0x0800d4cc       0x28 CMakeFiles/engineer_controller_2025.elf.dir/Drivers/STM32F4xx_HAL_Driver/Src/stm32f4xx_ll_usb.c.obj
                0x0800d4cc                USB_ReadDevInEPInterrupt
 .text.USB_GetMode
                0x0800d4f4        0x8 CMakeFiles/engineer_controller_2025.elf.dir/Drivers/STM32F4xx_HAL_Driver/Src/stm32f4xx_ll_usb.c.obj
                0x0800d4f4                USB_GetMode
 .text.USB_SetCurrentMode
                0x0800d4fc       0x62 CMakeFiles/engineer_controller_2025.elf.dir/Drivers/STM32F4xx_HAL_Driver/Src/stm32f4xx_ll_usb.c.obj
                0x0800d4fc                USB_SetCurrentMode
 .text.USB_ActivateSetup
                0x0800d55e       0x20 CMakeFiles/engineer_controller_2025.elf.dir/Drivers/STM32F4xx_HAL_Driver/Src/stm32f4xx_ll_usb.c.obj
                0x0800d55e                USB_ActivateSetup
 *fill*         0x0800d57e        0x2 
 .text.USB_EP0_OutStart
                0x0800d580       0x60 CMakeFiles/engineer_controller_2025.elf.dir/Drivers/STM32F4xx_HAL_Driver/Src/stm32f4xx_ll_usb.c.obj
                0x0800d580                USB_EP0_OutStart
 .text.USBD_CDC_EP0_RxReady
                0x0800d5e0       0x40 CMakeFiles/engineer_controller_2025.elf.dir/Middlewares/ST/STM32_USB_Device_Library/Class/CDC/Src/usbd_cdc.c.obj
 .text.USBD_CDC_GetDeviceQualifierDescriptor
                0x0800d620        0xc CMakeFiles/engineer_controller_2025.elf.dir/Middlewares/ST/STM32_USB_Device_Library/Class/CDC/Src/usbd_cdc.c.obj
                0x0800d620                USBD_CDC_GetDeviceQualifierDescriptor
 .text.USBD_CDC_GetOtherSpeedCfgDesc
                0x0800d62c       0x48 CMakeFiles/engineer_controller_2025.elf.dir/Middlewares/ST/STM32_USB_Device_Library/Class/CDC/Src/usbd_cdc.c.obj
 .text.USBD_CDC_GetFSCfgDesc
                0x0800d674       0x48 CMakeFiles/engineer_controller_2025.elf.dir/Middlewares/ST/STM32_USB_Device_Library/Class/CDC/Src/usbd_cdc.c.obj
 .text.USBD_CDC_GetHSCfgDesc
                0x0800d6bc       0x48 CMakeFiles/engineer_controller_2025.elf.dir/Middlewares/ST/STM32_USB_Device_Library/Class/CDC/Src/usbd_cdc.c.obj
 .text.USBD_CDC_DataOut
                0x0800d704       0x38 CMakeFiles/engineer_controller_2025.elf.dir/Middlewares/ST/STM32_USB_Device_Library/Class/CDC/Src/usbd_cdc.c.obj
 .text.USBD_CDC_DataIn
                0x0800d73c       0x7c CMakeFiles/engineer_controller_2025.elf.dir/Middlewares/ST/STM32_USB_Device_Library/Class/CDC/Src/usbd_cdc.c.obj
 .text.USBD_CDC_Setup
                0x0800d7b8      0x11a CMakeFiles/engineer_controller_2025.elf.dir/Middlewares/ST/STM32_USB_Device_Library/Class/CDC/Src/usbd_cdc.c.obj
 .text.USBD_CDC_DeInit
                0x0800d8d2       0x64 CMakeFiles/engineer_controller_2025.elf.dir/Middlewares/ST/STM32_USB_Device_Library/Class/CDC/Src/usbd_cdc.c.obj
 .text.USBD_CDC_Init
                0x0800d936       0xee CMakeFiles/engineer_controller_2025.elf.dir/Middlewares/ST/STM32_USB_Device_Library/Class/CDC/Src/usbd_cdc.c.obj
 .text.USBD_CDC_RegisterInterface
                0x0800da24       0x16 CMakeFiles/engineer_controller_2025.elf.dir/Middlewares/ST/STM32_USB_Device_Library/Class/CDC/Src/usbd_cdc.c.obj
                0x0800da24                USBD_CDC_RegisterInterface
 .text.USBD_CDC_SetTxBuffer
                0x0800da3a       0x1c CMakeFiles/engineer_controller_2025.elf.dir/Middlewares/ST/STM32_USB_Device_Library/Class/CDC/Src/usbd_cdc.c.obj
                0x0800da3a                USBD_CDC_SetTxBuffer
 .text.USBD_CDC_SetRxBuffer
                0x0800da56       0x18 CMakeFiles/engineer_controller_2025.elf.dir/Middlewares/ST/STM32_USB_Device_Library/Class/CDC/Src/usbd_cdc.c.obj
                0x0800da56                USBD_CDC_SetRxBuffer
 .text.USBD_CDC_ReceivePacket
                0x0800da6e       0x38 CMakeFiles/engineer_controller_2025.elf.dir/Middlewares/ST/STM32_USB_Device_Library/Class/CDC/Src/usbd_cdc.c.obj
                0x0800da6e                USBD_CDC_ReceivePacket
 .text.USBD_Init
                0x0800daa6       0x2e CMakeFiles/engineer_controller_2025.elf.dir/Middlewares/ST/STM32_USB_Device_Library/Core/Src/usbd_core.c.obj
                0x0800daa6                USBD_Init
 .text.USBD_RegisterClass
                0x0800dad4       0x34 CMakeFiles/engineer_controller_2025.elf.dir/Middlewares/ST/STM32_USB_Device_Library/Core/Src/usbd_core.c.obj
                0x0800dad4                USBD_RegisterClass
 .text.USBD_Start
                0x0800db08        0x8 CMakeFiles/engineer_controller_2025.elf.dir/Middlewares/ST/STM32_USB_Device_Library/Core/Src/usbd_core.c.obj
                0x0800db08                USBD_Start
 .text.USBD_SetClassConfig
                0x0800db10       0x12 CMakeFiles/engineer_controller_2025.elf.dir/Middlewares/ST/STM32_USB_Device_Library/Core/Src/usbd_core.c.obj
                0x0800db10                USBD_SetClassConfig
 .text.USBD_ClrClassConfig
                0x0800db22       0x12 CMakeFiles/engineer_controller_2025.elf.dir/Middlewares/ST/STM32_USB_Device_Library/Core/Src/usbd_core.c.obj
                0x0800db22                USBD_ClrClassConfig
 .text.USBD_LL_SetupStage
                0x0800db34       0x58 CMakeFiles/engineer_controller_2025.elf.dir/Middlewares/ST/STM32_USB_Device_Library/Core/Src/usbd_core.c.obj
                0x0800db34                USBD_LL_SetupStage
 .text.USBD_LL_Reset
                0x0800db8c       0x66 CMakeFiles/engineer_controller_2025.elf.dir/Middlewares/ST/STM32_USB_Device_Library/Core/Src/usbd_core.c.obj
                0x0800db8c                USBD_LL_Reset
 .text.USBD_LL_SetSpeed
                0x0800dbf2        0x6 CMakeFiles/engineer_controller_2025.elf.dir/Middlewares/ST/STM32_USB_Device_Library/Core/Src/usbd_core.c.obj
                0x0800dbf2                USBD_LL_SetSpeed
 .text.USBD_LL_Suspend
                0x0800dbf8       0x1e CMakeFiles/engineer_controller_2025.elf.dir/Middlewares/ST/STM32_USB_Device_Library/Core/Src/usbd_core.c.obj
                0x0800dbf8                USBD_LL_Suspend
 .text.USBD_LL_Resume
                0x0800dc16       0x1a CMakeFiles/engineer_controller_2025.elf.dir/Middlewares/ST/STM32_USB_Device_Library/Core/Src/usbd_core.c.obj
                0x0800dc16                USBD_LL_Resume
 .text.USBD_LL_SOF
                0x0800dc30       0x22 CMakeFiles/engineer_controller_2025.elf.dir/Middlewares/ST/STM32_USB_Device_Library/Core/Src/usbd_core.c.obj
                0x0800dc30                USBD_LL_SOF
 .text.USBD_LL_IsoINIncomplete
                0x0800dc52       0x2e CMakeFiles/engineer_controller_2025.elf.dir/Middlewares/ST/STM32_USB_Device_Library/Core/Src/usbd_core.c.obj
                0x0800dc52                USBD_LL_IsoINIncomplete
 .text.USBD_LL_IsoOUTIncomplete
                0x0800dc80       0x2e CMakeFiles/engineer_controller_2025.elf.dir/Middlewares/ST/STM32_USB_Device_Library/Core/Src/usbd_core.c.obj
                0x0800dc80                USBD_LL_IsoOUTIncomplete
 .text.USBD_LL_DevConnected
                0x0800dcae        0x4 CMakeFiles/engineer_controller_2025.elf.dir/Middlewares/ST/STM32_USB_Device_Library/Core/Src/usbd_core.c.obj
                0x0800dcae                USBD_LL_DevConnected
 .text.USBD_LL_DevDisconnected
                0x0800dcb2       0x20 CMakeFiles/engineer_controller_2025.elf.dir/Middlewares/ST/STM32_USB_Device_Library/Core/Src/usbd_core.c.obj
                0x0800dcb2                USBD_LL_DevDisconnected
 .text.USBD_CoreFindIF
                0x0800dcd2        0x4 CMakeFiles/engineer_controller_2025.elf.dir/Middlewares/ST/STM32_USB_Device_Library/Core/Src/usbd_core.c.obj
                0x0800dcd2                USBD_CoreFindIF
 .text.USBD_CoreFindEP
                0x0800dcd6        0x4 CMakeFiles/engineer_controller_2025.elf.dir/Middlewares/ST/STM32_USB_Device_Library/Core/Src/usbd_core.c.obj
                0x0800dcd6                USBD_CoreFindEP
 .text.USBD_LL_DataOutStage
                0x0800dcda       0xcc CMakeFiles/engineer_controller_2025.elf.dir/Middlewares/ST/STM32_USB_Device_Library/Core/Src/usbd_core.c.obj
                0x0800dcda                USBD_LL_DataOutStage
 .text.USBD_LL_DataInStage
                0x0800dda6       0xd8 CMakeFiles/engineer_controller_2025.elf.dir/Middlewares/ST/STM32_USB_Device_Library/Core/Src/usbd_core.c.obj
                0x0800dda6                USBD_LL_DataInStage
 .text.USBD_GetNextDesc
                0x0800de7e        0xe CMakeFiles/engineer_controller_2025.elf.dir/Middlewares/ST/STM32_USB_Device_Library/Core/Src/usbd_core.c.obj
                0x0800de7e                USBD_GetNextDesc
 .text.USBD_GetEpDesc
                0x0800de8c       0x3e CMakeFiles/engineer_controller_2025.elf.dir/Middlewares/ST/STM32_USB_Device_Library/Core/Src/usbd_core.c.obj
                0x0800de8c                USBD_GetEpDesc
 .text.USBD_GetLen
                0x0800deca       0x14 CMakeFiles/engineer_controller_2025.elf.dir/Middlewares/ST/STM32_USB_Device_Library/Core/Src/usbd_ctlreq.c.obj
 .text.USBD_ParseSetupRequest
                0x0800dede       0x28 CMakeFiles/engineer_controller_2025.elf.dir/Middlewares/ST/STM32_USB_Device_Library/Core/Src/usbd_ctlreq.c.obj
                0x0800dede                USBD_ParseSetupRequest
 .text.USBD_CtlError
                0x0800df06       0x14 CMakeFiles/engineer_controller_2025.elf.dir/Middlewares/ST/STM32_USB_Device_Library/Core/Src/usbd_ctlreq.c.obj
                0x0800df06                USBD_CtlError
 .text.USBD_GetDescriptor
                0x0800df1a      0x18a CMakeFiles/engineer_controller_2025.elf.dir/Middlewares/ST/STM32_USB_Device_Library/Core/Src/usbd_ctlreq.c.obj
 .text.USBD_SetAddress
                0x0800e0a4       0x50 CMakeFiles/engineer_controller_2025.elf.dir/Middlewares/ST/STM32_USB_Device_Library/Core/Src/usbd_ctlreq.c.obj
 .text.USBD_SetConfig
                0x0800e0f4       0xcc CMakeFiles/engineer_controller_2025.elf.dir/Middlewares/ST/STM32_USB_Device_Library/Core/Src/usbd_ctlreq.c.obj
 .text.USBD_GetConfig
                0x0800e1c0       0x40 CMakeFiles/engineer_controller_2025.elf.dir/Middlewares/ST/STM32_USB_Device_Library/Core/Src/usbd_ctlreq.c.obj
 .text.USBD_GetStatus
                0x0800e200       0x38 CMakeFiles/engineer_controller_2025.elf.dir/Middlewares/ST/STM32_USB_Device_Library/Core/Src/usbd_ctlreq.c.obj
 .text.USBD_SetFeature
                0x0800e238       0x2a CMakeFiles/engineer_controller_2025.elf.dir/Middlewares/ST/STM32_USB_Device_Library/Core/Src/usbd_ctlreq.c.obj
 .text.USBD_ClrFeature
                0x0800e262       0x26 CMakeFiles/engineer_controller_2025.elf.dir/Middlewares/ST/STM32_USB_Device_Library/Core/Src/usbd_ctlreq.c.obj
 .text.USBD_StdDevReq
                0x0800e288       0x76 CMakeFiles/engineer_controller_2025.elf.dir/Middlewares/ST/STM32_USB_Device_Library/Core/Src/usbd_ctlreq.c.obj
                0x0800e288                USBD_StdDevReq
 .text.USBD_StdItfReq
                0x0800e2fe       0x84 CMakeFiles/engineer_controller_2025.elf.dir/Middlewares/ST/STM32_USB_Device_Library/Core/Src/usbd_ctlreq.c.obj
                0x0800e2fe                USBD_StdItfReq
 .text.USBD_StdEPReq
                0x0800e382      0x232 CMakeFiles/engineer_controller_2025.elf.dir/Middlewares/ST/STM32_USB_Device_Library/Core/Src/usbd_ctlreq.c.obj
                0x0800e382                USBD_StdEPReq
 .text.USBD_GetString
                0x0800e5b4       0x46 CMakeFiles/engineer_controller_2025.elf.dir/Middlewares/ST/STM32_USB_Device_Library/Core/Src/usbd_ctlreq.c.obj
                0x0800e5b4                USBD_GetString
 .text.USBD_CtlSendData
                0x0800e5fa       0x1c CMakeFiles/engineer_controller_2025.elf.dir/Middlewares/ST/STM32_USB_Device_Library/Core/Src/usbd_ioreq.c.obj
                0x0800e5fa                USBD_CtlSendData
 .text.USBD_CtlContinueSendData
                0x0800e616       0x10 CMakeFiles/engineer_controller_2025.elf.dir/Middlewares/ST/STM32_USB_Device_Library/Core/Src/usbd_ioreq.c.obj
                0x0800e616                USBD_CtlContinueSendData
 .text.USBD_CtlPrepareRx
                0x0800e626       0x22 CMakeFiles/engineer_controller_2025.elf.dir/Middlewares/ST/STM32_USB_Device_Library/Core/Src/usbd_ioreq.c.obj
                0x0800e626                USBD_CtlPrepareRx
 .text.USBD_CtlContinueRx
                0x0800e648       0x10 CMakeFiles/engineer_controller_2025.elf.dir/Middlewares/ST/STM32_USB_Device_Library/Core/Src/usbd_ioreq.c.obj
                0x0800e648                USBD_CtlContinueRx
 .text.USBD_CtlSendStatus
                0x0800e658       0x16 CMakeFiles/engineer_controller_2025.elf.dir/Middlewares/ST/STM32_USB_Device_Library/Core/Src/usbd_ioreq.c.obj
                0x0800e658                USBD_CtlSendStatus
 .text.USBD_CtlReceiveStatus
                0x0800e66e       0x16 CMakeFiles/engineer_controller_2025.elf.dir/Middlewares/ST/STM32_USB_Device_Library/Core/Src/usbd_ioreq.c.obj
                0x0800e66e                USBD_CtlReceiveStatus
 .text.SysTick_Handler
                0x0800e684       0x18 CMakeFiles/engineer_controller_2025.elf.dir/Middlewares/Third_Party/FreeRTOS/Source/CMSIS_RTOS_V2/cmsis_os2.c.obj
                0x0800e684                SysTick_Handler
 .text.osKernelInitialize
                0x0800e69c       0x24 CMakeFiles/engineer_controller_2025.elf.dir/Middlewares/Third_Party/FreeRTOS/Source/CMSIS_RTOS_V2/cmsis_os2.c.obj
                0x0800e69c                osKernelInitialize
 .text.osKernelStart
                0x0800e6c0       0x38 CMakeFiles/engineer_controller_2025.elf.dir/Middlewares/Third_Party/FreeRTOS/Source/CMSIS_RTOS_V2/cmsis_os2.c.obj
                0x0800e6c0                osKernelStart
 .text.osThreadNew
                0x0800e6f8       0xbe CMakeFiles/engineer_controller_2025.elf.dir/Middlewares/Third_Party/FreeRTOS/Source/CMSIS_RTOS_V2/cmsis_os2.c.obj
                0x0800e6f8                osThreadNew
 .text.osDelay  0x0800e7b6       0x1c CMakeFiles/engineer_controller_2025.elf.dir/Middlewares/Third_Party/FreeRTOS/Source/CMSIS_RTOS_V2/cmsis_os2.c.obj
                0x0800e7b6                osDelay
 .text.osEventFlagsNew
                0x0800e7d2       0x44 CMakeFiles/engineer_controller_2025.elf.dir/Middlewares/Third_Party/FreeRTOS/Source/CMSIS_RTOS_V2/cmsis_os2.c.obj
                0x0800e7d2                osEventFlagsNew
 .text.osEventFlagsSet
                0x0800e816       0x5a CMakeFiles/engineer_controller_2025.elf.dir/Middlewares/Third_Party/FreeRTOS/Source/CMSIS_RTOS_V2/cmsis_os2.c.obj
                0x0800e816                osEventFlagsSet
 .text.osEventFlagsWait
                0x0800e870       0x76 CMakeFiles/engineer_controller_2025.elf.dir/Middlewares/Third_Party/FreeRTOS/Source/CMSIS_RTOS_V2/cmsis_os2.c.obj
                0x0800e870                osEventFlagsWait
 .text.osMutexNew
                0x0800e8e6       0x94 CMakeFiles/engineer_controller_2025.elf.dir/Middlewares/Third_Party/FreeRTOS/Source/CMSIS_RTOS_V2/cmsis_os2.c.obj
                0x0800e8e6                osMutexNew
 .text.osMutexAcquire
                0x0800e97a       0x58 CMakeFiles/engineer_controller_2025.elf.dir/Middlewares/Third_Party/FreeRTOS/Source/CMSIS_RTOS_V2/cmsis_os2.c.obj
                0x0800e97a                osMutexAcquire
 .text.osMutexRelease
                0x0800e9d2       0x4c CMakeFiles/engineer_controller_2025.elf.dir/Middlewares/Third_Party/FreeRTOS/Source/CMSIS_RTOS_V2/cmsis_os2.c.obj
                0x0800e9d2                osMutexRelease
 .text.osSemaphoreNew
                0x0800ea1e       0xb4 CMakeFiles/engineer_controller_2025.elf.dir/Middlewares/Third_Party/FreeRTOS/Source/CMSIS_RTOS_V2/cmsis_os2.c.obj
                0x0800ea1e                osSemaphoreNew
 .text.osSemaphoreAcquire
                0x0800ead2       0x68 CMakeFiles/engineer_controller_2025.elf.dir/Middlewares/Third_Party/FreeRTOS/Source/CMSIS_RTOS_V2/cmsis_os2.c.obj
                0x0800ead2                osSemaphoreAcquire
 .text.osSemaphoreRelease
                0x0800eb3a       0x5e CMakeFiles/engineer_controller_2025.elf.dir/Middlewares/Third_Party/FreeRTOS/Source/CMSIS_RTOS_V2/cmsis_os2.c.obj
                0x0800eb3a                osSemaphoreRelease
 .text.osMessageQueueNew
                0x0800eb98       0x96 CMakeFiles/engineer_controller_2025.elf.dir/Middlewares/Third_Party/FreeRTOS/Source/CMSIS_RTOS_V2/cmsis_os2.c.obj
                0x0800eb98                osMessageQueueNew
 .text.osMessageQueueGet
                0x0800ec2e       0x82 CMakeFiles/engineer_controller_2025.elf.dir/Middlewares/Third_Party/FreeRTOS/Source/CMSIS_RTOS_V2/cmsis_os2.c.obj
                0x0800ec2e                osMessageQueueGet
 .text.vApplicationGetIdleTaskMemory
                0x0800ecb0       0x18 CMakeFiles/engineer_controller_2025.elf.dir/Middlewares/Third_Party/FreeRTOS/Source/CMSIS_RTOS_V2/cmsis_os2.c.obj
                0x0800ecb0                vApplicationGetIdleTaskMemory
 .text.vApplicationGetTimerTaskMemory
                0x0800ecc8       0x18 CMakeFiles/engineer_controller_2025.elf.dir/Middlewares/Third_Party/FreeRTOS/Source/CMSIS_RTOS_V2/cmsis_os2.c.obj
                0x0800ecc8                vApplicationGetTimerTaskMemory
 .text.prvTestWaitCondition
                0x0800ece0       0x1c CMakeFiles/engineer_controller_2025.elf.dir/Middlewares/Third_Party/FreeRTOS/Source/event_groups.c.obj
 .text.xEventGroupCreateStatic
                0x0800ecfc       0x4a CMakeFiles/engineer_controller_2025.elf.dir/Middlewares/Third_Party/FreeRTOS/Source/event_groups.c.obj
                0x0800ecfc                xEventGroupCreateStatic
 .text.xEventGroupCreate
                0x0800ed46       0x1c CMakeFiles/engineer_controller_2025.elf.dir/Middlewares/Third_Party/FreeRTOS/Source/event_groups.c.obj
                0x0800ed46                xEventGroupCreate
 .text.xEventGroupWaitBits
                0x0800ed62      0x108 CMakeFiles/engineer_controller_2025.elf.dir/Middlewares/Third_Party/FreeRTOS/Source/event_groups.c.obj
                0x0800ed62                xEventGroupWaitBits
 .text.xEventGroupSetBits
                0x0800ee6a       0x8c CMakeFiles/engineer_controller_2025.elf.dir/Middlewares/Third_Party/FreeRTOS/Source/event_groups.c.obj
                0x0800ee6a                xEventGroupSetBits
 .text.vEventGroupSetBitsCallback
                0x0800eef6        0x8 CMakeFiles/engineer_controller_2025.elf.dir/Middlewares/Third_Party/FreeRTOS/Source/event_groups.c.obj
                0x0800eef6                vEventGroupSetBitsCallback
 *fill*         0x0800eefe        0x2 
 .text.xEventGroupSetBitsFromISR
                0x0800ef00       0x14 CMakeFiles/engineer_controller_2025.elf.dir/Middlewares/Third_Party/FreeRTOS/Source/event_groups.c.obj
                0x0800ef00                xEventGroupSetBitsFromISR
 .text.vListInitialise
                0x0800ef14       0x16 CMakeFiles/engineer_controller_2025.elf.dir/Middlewares/Third_Party/FreeRTOS/Source/list.c.obj
                0x0800ef14                vListInitialise
 .text.vListInitialiseItem
                0x0800ef2a        0x6 CMakeFiles/engineer_controller_2025.elf.dir/Middlewares/Third_Party/FreeRTOS/Source/list.c.obj
                0x0800ef2a                vListInitialiseItem
 .text.vListInsertEnd
                0x0800ef30       0x16 CMakeFiles/engineer_controller_2025.elf.dir/Middlewares/Third_Party/FreeRTOS/Source/list.c.obj
                0x0800ef30                vListInsertEnd
 .text.vListInsert
                0x0800ef46       0x32 CMakeFiles/engineer_controller_2025.elf.dir/Middlewares/Third_Party/FreeRTOS/Source/list.c.obj
                0x0800ef46                vListInsert
 .text.uxListRemove
                0x0800ef78       0x26 CMakeFiles/engineer_controller_2025.elf.dir/Middlewares/Third_Party/FreeRTOS/Source/list.c.obj
                0x0800ef78                uxListRemove
 *fill*         0x0800ef9e        0x2 
 .text.prvTaskExitError
                0x0800efa0       0x40 CMakeFiles/engineer_controller_2025.elf.dir/Middlewares/Third_Party/FreeRTOS/Source/portable/GCC/ARM_CM4F/port.c.obj
 .text.prvPortStartFirstTask
                0x0800efe0       0x28 CMakeFiles/engineer_controller_2025.elf.dir/Middlewares/Third_Party/FreeRTOS/Source/portable/GCC/ARM_CM4F/port.c.obj
 .text.vPortEnableVFP
                0x0800f008       0x14 CMakeFiles/engineer_controller_2025.elf.dir/Middlewares/Third_Party/FreeRTOS/Source/portable/GCC/ARM_CM4F/port.c.obj
 .text.pxPortInitialiseStack
                0x0800f01c       0x2c CMakeFiles/engineer_controller_2025.elf.dir/Middlewares/Third_Party/FreeRTOS/Source/portable/GCC/ARM_CM4F/port.c.obj
                0x0800f01c                pxPortInitialiseStack
 *fill*         0x0800f048        0x8 
 .text.SVC_Handler
                0x0800f050       0x24 CMakeFiles/engineer_controller_2025.elf.dir/Middlewares/Third_Party/FreeRTOS/Source/portable/GCC/ARM_CM4F/port.c.obj
                0x0800f050                SVC_Handler
 .text.vPortEnterCritical
                0x0800f074       0x44 CMakeFiles/engineer_controller_2025.elf.dir/Middlewares/Third_Party/FreeRTOS/Source/portable/GCC/ARM_CM4F/port.c.obj
                0x0800f074                vPortEnterCritical
 .text.vPortExitCritical
                0x0800f0b8       0x2c CMakeFiles/engineer_controller_2025.elf.dir/Middlewares/Third_Party/FreeRTOS/Source/portable/GCC/ARM_CM4F/port.c.obj
                0x0800f0b8                vPortExitCritical
 *fill*         0x0800f0e4        0xc 
 .text.PendSV_Handler
                0x0800f0f0       0x64 CMakeFiles/engineer_controller_2025.elf.dir/Middlewares/Third_Party/FreeRTOS/Source/portable/GCC/ARM_CM4F/port.c.obj
                0x0800f0f0                PendSV_Handler
 .text.xPortSysTickHandler
                0x0800f154       0x2c CMakeFiles/engineer_controller_2025.elf.dir/Middlewares/Third_Party/FreeRTOS/Source/portable/GCC/ARM_CM4F/port.c.obj
                0x0800f154                xPortSysTickHandler
 .text.vPortSetupTimerInterrupt
                0x0800f180       0x28 CMakeFiles/engineer_controller_2025.elf.dir/Middlewares/Third_Party/FreeRTOS/Source/portable/GCC/ARM_CM4F/port.c.obj
                0x0800f180                vPortSetupTimerInterrupt
 .text.xPortStartScheduler
                0x0800f1a8      0x118 CMakeFiles/engineer_controller_2025.elf.dir/Middlewares/Third_Party/FreeRTOS/Source/portable/GCC/ARM_CM4F/port.c.obj
                0x0800f1a8                xPortStartScheduler
 .text.vPortValidateInterruptPriority
                0x0800f2c0       0x5c CMakeFiles/engineer_controller_2025.elf.dir/Middlewares/Third_Party/FreeRTOS/Source/portable/GCC/ARM_CM4F/port.c.obj
                0x0800f2c0                vPortValidateInterruptPriority
 .text.prvHeapInit
                0x0800f31c       0x68 CMakeFiles/engineer_controller_2025.elf.dir/Middlewares/Third_Party/FreeRTOS/Source/portable/MemMang/heap_4.c.obj
 .text.prvInsertBlockIntoFreeList
                0x0800f384       0x64 CMakeFiles/engineer_controller_2025.elf.dir/Middlewares/Third_Party/FreeRTOS/Source/portable/MemMang/heap_4.c.obj
 .text.pvPortMalloc
                0x0800f3e8       0xfc CMakeFiles/engineer_controller_2025.elf.dir/Middlewares/Third_Party/FreeRTOS/Source/portable/MemMang/heap_4.c.obj
                0x0800f3e8                pvPortMalloc
 .text.vPortFree
                0x0800f4e4       0x7c CMakeFiles/engineer_controller_2025.elf.dir/Middlewares/Third_Party/FreeRTOS/Source/portable/MemMang/heap_4.c.obj
                0x0800f4e4                vPortFree
 .text.prvGetDisinheritPriorityAfterTimeout
                0x0800f560       0x10 CMakeFiles/engineer_controller_2025.elf.dir/Middlewares/Third_Party/FreeRTOS/Source/queue.c.obj
 .text.prvIsQueueFull
                0x0800f570       0x1e CMakeFiles/engineer_controller_2025.elf.dir/Middlewares/Third_Party/FreeRTOS/Source/queue.c.obj
 .text.prvIsQueueEmpty
                0x0800f58e       0x1a CMakeFiles/engineer_controller_2025.elf.dir/Middlewares/Third_Party/FreeRTOS/Source/queue.c.obj
 .text.prvCopyDataToQueue
                0x0800f5a8       0x76 CMakeFiles/engineer_controller_2025.elf.dir/Middlewares/Third_Party/FreeRTOS/Source/queue.c.obj
 .text.prvCopyDataFromQueue
                0x0800f61e       0x24 CMakeFiles/engineer_controller_2025.elf.dir/Middlewares/Third_Party/FreeRTOS/Source/queue.c.obj
 .text.prvUnlockQueue
                0x0800f642       0x6e CMakeFiles/engineer_controller_2025.elf.dir/Middlewares/Third_Party/FreeRTOS/Source/queue.c.obj
 .text.xQueueGenericReset
                0x0800f6b0       0x84 CMakeFiles/engineer_controller_2025.elf.dir/Middlewares/Third_Party/FreeRTOS/Source/queue.c.obj
                0x0800f6b0                xQueueGenericReset
 .text.prvInitialiseNewQueue
                0x0800f734       0x22 CMakeFiles/engineer_controller_2025.elf.dir/Middlewares/Third_Party/FreeRTOS/Source/queue.c.obj
 .text.xQueueGenericCreateStatic
                0x0800f756       0x94 CMakeFiles/engineer_controller_2025.elf.dir/Middlewares/Third_Party/FreeRTOS/Source/queue.c.obj
                0x0800f756                xQueueGenericCreateStatic
 .text.xQueueGenericCreate
                0x0800f7ea       0x48 CMakeFiles/engineer_controller_2025.elf.dir/Middlewares/Third_Party/FreeRTOS/Source/queue.c.obj
                0x0800f7ea                xQueueGenericCreate
 .text.xQueueCreateCountingSemaphoreStatic
                0x0800f832       0x46 CMakeFiles/engineer_controller_2025.elf.dir/Middlewares/Third_Party/FreeRTOS/Source/queue.c.obj
                0x0800f832                xQueueCreateCountingSemaphoreStatic
 .text.xQueueCreateCountingSemaphore
                0x0800f878       0x3c CMakeFiles/engineer_controller_2025.elf.dir/Middlewares/Third_Party/FreeRTOS/Source/queue.c.obj
                0x0800f878                xQueueCreateCountingSemaphore
 .text.xQueueGenericSend
                0x0800f8b4      0x188 CMakeFiles/engineer_controller_2025.elf.dir/Middlewares/Third_Party/FreeRTOS/Source/queue.c.obj
                0x0800f8b4                xQueueGenericSend
 .text.prvInitialiseMutex
                0x0800fa3c       0x18 CMakeFiles/engineer_controller_2025.elf.dir/Middlewares/Third_Party/FreeRTOS/Source/queue.c.obj
 .text.xQueueCreateMutex
                0x0800fa54       0x16 CMakeFiles/engineer_controller_2025.elf.dir/Middlewares/Third_Party/FreeRTOS/Source/queue.c.obj
                0x0800fa54                xQueueCreateMutex
 .text.xQueueCreateMutexStatic
                0x0800fa6a       0x1e CMakeFiles/engineer_controller_2025.elf.dir/Middlewares/Third_Party/FreeRTOS/Source/queue.c.obj
                0x0800fa6a                xQueueCreateMutexStatic
 .text.xQueueGiveMutexRecursive
                0x0800fa88       0x40 CMakeFiles/engineer_controller_2025.elf.dir/Middlewares/Third_Party/FreeRTOS/Source/queue.c.obj
                0x0800fa88                xQueueGiveMutexRecursive
 .text.xQueueGenericSendFromISR
                0x0800fac8       0xce CMakeFiles/engineer_controller_2025.elf.dir/Middlewares/Third_Party/FreeRTOS/Source/queue.c.obj
                0x0800fac8                xQueueGenericSendFromISR
 .text.xQueueGiveFromISR
                0x0800fb96       0xb2 CMakeFiles/engineer_controller_2025.elf.dir/Middlewares/Third_Party/FreeRTOS/Source/queue.c.obj
                0x0800fb96                xQueueGiveFromISR
 .text.xQueueReceive
                0x0800fc48      0x15e CMakeFiles/engineer_controller_2025.elf.dir/Middlewares/Third_Party/FreeRTOS/Source/queue.c.obj
                0x0800fc48                xQueueReceive
 .text.xQueueSemaphoreTake
                0x0800fda6      0x1a6 CMakeFiles/engineer_controller_2025.elf.dir/Middlewares/Third_Party/FreeRTOS/Source/queue.c.obj
                0x0800fda6                xQueueSemaphoreTake
 .text.xQueueTakeMutexRecursive
                0x0800ff4c       0x40 CMakeFiles/engineer_controller_2025.elf.dir/Middlewares/Third_Party/FreeRTOS/Source/queue.c.obj
                0x0800ff4c                xQueueTakeMutexRecursive
 .text.xQueueReceiveFromISR
                0x0800ff8c       0xa8 CMakeFiles/engineer_controller_2025.elf.dir/Middlewares/Third_Party/FreeRTOS/Source/queue.c.obj
                0x0800ff8c                xQueueReceiveFromISR
 .text.vQueueAddToRegistry
                0x08010034       0x28 CMakeFiles/engineer_controller_2025.elf.dir/Middlewares/Third_Party/FreeRTOS/Source/queue.c.obj
                0x08010034                vQueueAddToRegistry
 .text.vQueueUnregisterQueue
                0x0801005c       0x2c CMakeFiles/engineer_controller_2025.elf.dir/Middlewares/Third_Party/FreeRTOS/Source/queue.c.obj
                0x0801005c                vQueueUnregisterQueue
 .text.vQueueDelete
                0x08010088       0x2c CMakeFiles/engineer_controller_2025.elf.dir/Middlewares/Third_Party/FreeRTOS/Source/queue.c.obj
                0x08010088                vQueueDelete
 .text.vQueueWaitForMessageRestricted
                0x080100b4       0x52 CMakeFiles/engineer_controller_2025.elf.dir/Middlewares/Third_Party/FreeRTOS/Source/queue.c.obj
                0x080100b4                vQueueWaitForMessageRestricted
 *fill*         0x08010106        0x2 
 .text.prvResetNextTaskUnblockTime
                0x08010108       0x2c CMakeFiles/engineer_controller_2025.elf.dir/Middlewares/Third_Party/FreeRTOS/Source/tasks.c.obj
 .text.prvInitialiseNewTask
                0x08010134      0x106 CMakeFiles/engineer_controller_2025.elf.dir/Middlewares/Third_Party/FreeRTOS/Source/tasks.c.obj
 *fill*         0x0801023a        0x2 
 .text.prvInitialiseTaskLists
                0x0801023c       0x68 CMakeFiles/engineer_controller_2025.elf.dir/Middlewares/Third_Party/FreeRTOS/Source/tasks.c.obj