Archive member included to satisfy reference by file (symbol)

D:\engineer_2025\engineer_controller_2025\Middlewares\ST\ARM\DSP\Lib\libarm_cortexM4lf_math.a(arm_sin_f32.o)
                              CMakeFiles/engineer_controller_2025.elf.dir/component/driver/drv_function/drv_arm.cpp.obj (arm_sin_f32)
D:\engineer_2025\engineer_controller_2025\Middlewares\ST\ARM\DSP\Lib\libarm_cortexM4lf_math.a(arm_cos_f32.o)
                              CMakeFiles/engineer_controller_2025.elf.dir/component/driver/drv_function/drv_arm.cpp.obj (arm_cos_f32)
D:\engineer_2025\engineer_controller_2025\Middlewares\ST\ARM\DSP\Lib\libarm_cortexM4lf_math.a(arm_common_tables.o)
                              D:\engineer_2025\engineer_controller_2025\Middlewares\ST\ARM\DSP\Lib\libarm_cortexM4lf_math.a(arm_sin_f32.o) (sinTable_f32)
d:/tools/gcc-arm-none-eabi-10.3-2021.10/bin/../lib/gcc/arm-none-eabi/10.3.1/../../../../arm-none-eabi/lib/thumb/v7e-m+fp/hard\libstdc++.a(atexit_arm.o)
                              CMakeFiles/engineer_controller_2025.elf.dir/component/task/task_function/arm_task.cpp.obj (__aeabi_atexit)
d:/tools/gcc-arm-none-eabi-10.3-2021.10/bin/../lib/gcc/arm-none-eabi/10.3.1/../../../../arm-none-eabi/lib/thumb/v7e-m+fp/hard\libstdc++.a(class_type_info.o)
                              CMakeFiles/engineer_controller_2025.elf.dir/component/driver/drv_peripheral/drv_JY_ME02.cpp.obj (vtable for __cxxabiv1::__class_type_info)
d:/tools/gcc-arm-none-eabi-10.3-2021.10/bin/../lib/gcc/arm-none-eabi/10.3.1/../../../../arm-none-eabi/lib/thumb/v7e-m+fp/hard\libstdc++.a(del_ops.o)
                              CMakeFiles/engineer_controller_2025.elf.dir/component/driver/drv_peripheral/drv_JY_ME02.cpp.obj (operator delete(void*, unsigned int))
d:/tools/gcc-arm-none-eabi-10.3-2021.10/bin/../lib/gcc/arm-none-eabi/10.3.1/../../../../arm-none-eabi/lib/thumb/v7e-m+fp/hard\libstdc++.a(eh_arm.o)
                              CMakeFiles/engineer_controller_2025.elf.dir/component/driver/drv_peripheral/drv_JY_ME02.cpp.obj (__cxa_end_cleanup)
d:/tools/gcc-arm-none-eabi-10.3-2021.10/bin/../lib/gcc/arm-none-eabi/10.3.1/../../../../arm-none-eabi/lib/thumb/v7e-m+fp/hard\libstdc++.a(eh_exception.o)
                              d:/tools/gcc-arm-none-eabi-10.3-2021.10/bin/../lib/gcc/arm-none-eabi/10.3.1/../../../../arm-none-eabi/lib/thumb/v7e-m+fp/hard\libstdc++.a(eh_arm.o) (typeinfo for __cxxabiv1::__forced_unwind)
d:/tools/gcc-arm-none-eabi-10.3-2021.10/bin/../lib/gcc/arm-none-eabi/10.3.1/../../../../arm-none-eabi/lib/thumb/v7e-m+fp/hard\libstdc++.a(eh_globals.o)
                              d:/tools/gcc-arm-none-eabi-10.3-2021.10/bin/../lib/gcc/arm-none-eabi/10.3.1/../../../../arm-none-eabi/lib/thumb/v7e-m+fp/hard\libstdc++.a(eh_arm.o) (__cxa_get_globals)
d:/tools/gcc-arm-none-eabi-10.3-2021.10/bin/../lib/gcc/arm-none-eabi/10.3.1/../../../../arm-none-eabi/lib/thumb/v7e-m+fp/hard\libstdc++.a(eh_personality.o)
                              CMakeFiles/engineer_controller_2025.elf.dir/bsp/bsp_can.cpp.obj (__gxx_personality_v0)
d:/tools/gcc-arm-none-eabi-10.3-2021.10/bin/../lib/gcc/arm-none-eabi/10.3.1/../../../../arm-none-eabi/lib/thumb/v7e-m+fp/hard\libstdc++.a(eh_terminate.o)
                              d:/tools/gcc-arm-none-eabi-10.3-2021.10/bin/../lib/gcc/arm-none-eabi/10.3.1/../../../../arm-none-eabi/lib/thumb/v7e-m+fp/hard\libstdc++.a(eh_arm.o) (std::terminate())
d:/tools/gcc-arm-none-eabi-10.3-2021.10/bin/../lib/gcc/arm-none-eabi/10.3.1/../../../../arm-none-eabi/lib/thumb/v7e-m+fp/hard\libstdc++.a(eh_unex_handler.o)
                              d:/tools/gcc-arm-none-eabi-10.3-2021.10/bin/../lib/gcc/arm-none-eabi/10.3.1/../../../../arm-none-eabi/lib/thumb/v7e-m+fp/hard\libstdc++.a(eh_terminate.o) (__cxxabiv1::__unexpected_handler)
d:/tools/gcc-arm-none-eabi-10.3-2021.10/bin/../lib/gcc/arm-none-eabi/10.3.1/../../../../arm-none-eabi/lib/thumb/v7e-m+fp/hard\libstdc++.a(new_op.o)
                              CMakeFiles/engineer_controller_2025.elf.dir/component/driver/drv_peripheral/drv_JY_ME02.cpp.obj (operator new(unsigned int))
d:/tools/gcc-arm-none-eabi-10.3-2021.10/bin/../lib/gcc/arm-none-eabi/10.3.1/../../../../arm-none-eabi/lib/thumb/v7e-m+fp/hard\libstdc++.a(pure.o)
                              d:/tools/gcc-arm-none-eabi-10.3-2021.10/bin/../lib/gcc/arm-none-eabi/10.3.1/../../../../arm-none-eabi/lib/thumb/v7e-m+fp/hard\libstdc++.a(eh_exception.o) (__cxa_pure_virtual)
d:/tools/gcc-arm-none-eabi-10.3-2021.10/bin/../lib/gcc/arm-none-eabi/10.3.1/../../../../arm-none-eabi/lib/thumb/v7e-m+fp/hard\libstdc++.a(si_class_type_info.o)
                              CMakeFiles/engineer_controller_2025.elf.dir/component/driver/drv_peripheral/drv_JY_ME02.cpp.obj (vtable for __cxxabiv1::__si_class_type_info)
d:/tools/gcc-arm-none-eabi-10.3-2021.10/bin/../lib/gcc/arm-none-eabi/10.3.1/../../../../arm-none-eabi/lib/thumb/v7e-m+fp/hard\libstdc++.a(tinfo.o)
[...]
Memory Configuration

Name             Origin             Length             Attributes
CCMRAM           0x10000000         0x00010000         xrw
RAM              0x20000000         0x00020000         xrw
FLASH            0x08000000         0x00100000         xr
*default*        0x00000000         0xffffffff

Linker script and memory map

LOAD d:/tools/gcc-arm-none-eabi-10.3-2021.10/bin/../lib/gcc/arm-none-eabi/10.3.1/thumb/v7e-m+fp/hard/crti.o
LOAD d:/tools/gcc-arm-none-eabi-10.3-2021.10/bin/../lib/gcc/arm-none-eabi/10.3.1/thumb/v7e-m+fp/hard/crtbegin.o
LOAD d:/tools/gcc-arm-none-eabi-10.3-2021.10/bin/../lib/gcc/arm-none-eabi/10.3.1/../../../../arm-none-eabi/lib/thumb/v7e-m+fp/hard/crt0.o
LOAD CMakeFiles/engineer_controller_2025.elf.dir/Core/Src/can.c.obj
LOAD CMakeFiles/engineer_controller_2025.elf.dir/Core/Src/dma.c.obj
LOAD CMakeFiles/engineer_controller_2025.elf.dir/Core/Src/freertos.c.obj
LOAD CMakeFiles/engineer_controller_2025.elf.dir/Core/Src/gpio.c.obj
LOAD CMakeFiles/engineer_controller_2025.elf.dir/Core/Src/iwdg.c.obj
LOAD CMakeFiles/engineer_controller_2025.elf.dir/Core/Src/main.c.obj
LOAD CMakeFiles/engineer_controller_2025.elf.dir/Core/Src/spi.c.obj
LOAD CMakeFiles/engineer_controller_2025.elf.dir/Core/Src/stm32f4xx_hal_msp.c.obj
LOAD CMakeFiles/engineer_controller_2025.elf.dir/Core/Src/stm32f4xx_hal_timebase_tim.c.obj
LOAD CMakeFiles/engineer_controller_2025.elf.dir/Core/Src/stm32f4xx_it.c.obj
LOAD CMakeFiles/engineer_controller_2025.elf.dir/Core/Src/syscalls.c.obj
LOAD CMakeFiles/engineer_controller_2025.elf.dir/Core/Src/sysmem.c.obj
LOAD CMakeFiles/engineer_controller_2025.elf.dir/Core/Src/system_stm32f4xx.c.obj
LOAD CMakeFiles/engineer_controller_2025.elf.dir/Core/Src/tim.c.obj
LOAD CMakeFiles/engineer_controller_2025.elf.dir/Core/Src/usart.c.obj
LOAD CMakeFiles/engineer_controller_2025.elf.dir/Core/Startup/startup_stm32f407ighx.s.obj
LOAD CMakeFiles/engineer_controller_2025.elf.dir/Drivers/STM32F4xx_HAL_Driver/Src/stm32f4xx_hal.c.obj
LOAD CMakeFiles/engineer_controller_2025.elf.dir/Drivers/STM32F4xx_HAL_Driver/Src/stm32f4xx_hal_can.c.obj
LOAD CMakeFiles/engineer_controller_2025.elf.dir/Drivers/STM32F4xx_HAL_Driver/Src/stm32f4xx_hal_cortex.c.obj
LOAD CMakeFiles/engineer_controller_2025.elf.dir/Drivers/STM32F4xx_HAL_Driver/Src/stm32f4xx_hal_dma.c.obj
LOAD CMakeFiles/engineer_controller_2025.elf.dir/Drivers/STM32F4xx_HAL_Driver/Src/stm32f4xx_hal_dma_ex.c.obj
LOAD CMakeFiles/engineer_controller_2025.elf.dir/Drivers/STM32F4xx_HAL_Driver/Src/stm32f4xx_hal_exti.c.obj
LOAD CMakeFiles/engineer_controller_2025.elf.dir/Drivers/STM32F4xx_HAL_Driver/Src/stm32f4xx_hal_flash.c.obj
LOAD CMakeFiles/engineer_controller_2025.elf.dir/Drivers/STM32F4xx_HAL_Driver/Src/stm32f4xx_hal_flash_ex.c.obj
LOAD CMakeFiles/engineer_controller_2025.elf.dir/Drivers/STM32F4xx_HAL_Driver/Src/stm32f4xx_hal_flash_ramfunc.c.obj
LOAD CMakeFiles/engineer_controller_2025.elf.dir/Drivers/STM32F4xx_HAL_Driver/Src/stm32f4xx_hal_gpio.c.obj
LOAD CMakeFiles/engineer_controller_2025.elf.dir/Drivers/STM32F4xx_HAL_Driver/Src/stm32f4xx_hal_iwdg.c.obj
LOAD CMakeFiles/engineer_controller_2025.elf.dir/Drivers/STM32F4xx_HAL_Driver/Src/stm32f4xx_hal_pcd.c.obj
LOAD CMakeFiles/engineer_controller_2025.elf.dir/Drivers/STM32F4xx_HAL_Driver/Src/stm32f4xx_hal_pcd_ex.c.obj
LOAD CMakeFiles/engineer_controller_2025.elf.dir/Drivers/STM32F4xx_HAL_Driver/Src/stm32f4xx_hal_pwr.c.obj
LOAD CMakeFiles/engineer_controller_2025.elf.dir/Drivers/STM32F4xx_HAL_Driver/Src/stm32f4xx_hal_pwr_ex.c.obj
LOAD CMakeFiles/engineer_controller_2025.elf.dir/Drivers/STM32F4xx_HAL_Driver/Src/stm32f4xx_hal_rcc.c.obj
LOAD CMakeFiles/engineer_controller_2025.elf.dir/Drivers/STM32F4xx_HAL_Driver/Src/stm32f4xx_hal_rcc_ex.c.obj
LOAD CMakeFiles/engineer_controller_2025.elf.dir/Drivers/STM32F4xx_HAL_Driver/Src/stm32f4xx_hal_spi.c.obj
LOAD CMakeFiles/engineer_controller_2025.elf.dir/Drivers/STM32F4xx_HAL_Driver/Src/stm32f4xx_hal_tim.c.obj
LOAD CMakeFiles/engineer_controller_2025.elf.dir/Drivers/STM32F4xx_HAL_Driver/Src/stm32f4xx_hal_tim_ex.c.obj
LOAD CMakeFiles/engineer_controller_2025.elf.dir/Drivers/STM32F4xx_HAL_Driver/Src/stm32f4xx_hal_uart.c.obj
LOAD CMakeFiles/engineer_controller_2025.elf.dir/Drivers/STM32F4xx_HAL_Driver/Src/stm32f4xx_ll_usb.c.obj
LOAD CMakeFiles/engineer_controller_2025.elf.dir/Middlewares/ST/STM32_USB_Device_Library/Class/CDC/Src/usbd_cdc.c.obj
LOAD CMakeFiles/engineer_controller_2025.elf.dir/Middlewares/ST/STM32_USB_Device_Library/Core/Src/usbd_core.c.obj
LOAD CMakeFiles/engineer_controller_2025.elf.dir/Middlewares/ST/STM32_USB_Device_Library/Core/Src/usbd_ctlreq.c.obj
LOAD CMakeFiles/engineer_controller_2025.elf.dir/Middlewares/ST/STM32_USB_Device_Library/Core/Src/usbd_ioreq.c.obj
LOAD CMakeFiles/engineer_controller_2025.elf.dir/Middlewares/Third_Party/FreeRTOS/Source/CMSIS_RTOS_V2/cmsis_os2.c.obj
LOAD CMakeFiles/engineer_controller_2025.elf.dir/Middlewares/Third_Party/FreeRTOS/Source/croutine.c.obj
LOAD CMakeFiles/engineer_controller_2025.elf.dir/Middlewares/Third_Party/FreeRTOS/Source/event_groups.c.obj
LOAD CMakeFiles/engineer_controller_2025.elf.dir/Middlewares/Third_Party/FreeRTOS/Source/list.c.obj
LOAD CMakeFiles/engineer_controller_2025.elf.dir/Middlewares/Third_Party/FreeRTOS/Source/portable/GCC/ARM_CM4F/port.c.obj
LOAD CMakeFiles/engineer_controller_2025.elf.dir/Middlewares/Third_Party/FreeRTOS/Source/portable/MemMang/heap_4.c.obj
LOAD CMakeFiles/engineer_controller_2025.elf.dir/Middlewares/Third_Party/FreeRTOS/Source/queue.c.obj
LOAD CMakeFiles/engineer_controller_2025.elf.dir/Middlewares/Third_Party/FreeRTOS/Source/stream_buffer.c.obj
LOAD CMakeFiles/engineer_controller_2025.elf.dir/Middlewares/Third_Party/FreeRTOS/Source/tasks.c.obj
LOAD CMakeFiles/engineer_controller_2025.elf.dir/Middlewares/Third_Party/FreeRTOS/Source/timers.c.obj
LOAD CMakeFiles/engineer_controller_2025.elf.dir/USB_DEVICE/App/usb_device.c.obj
LOAD CMakeFiles/engineer_controller_2025.elf.dir/USB_DEVICE/App/usbd_cdc_if.c.obj
LOAD CMakeFiles/engineer_controller_2025.elf.dir/USB_DEVICE/App/usbd_desc.c.obj
LOAD CMakeFiles/engineer_controller_2025.elf.dir/USB_DEVICE/Target/usbd_conf.c.obj
LOAD CMakeFiles/engineer_controller_2025.elf.dir/bsp/bsp_can.cpp.obj
LOAD CMakeFiles/engineer_controller_2025.elf.dir/bsp/bsp_dwt.c.obj
LOAD CMakeFiles/engineer_controller_2025.elf.dir/bsp/bsp_usart.cpp.obj
LOAD CMakeFiles/engineer_controller_2025.elf.dir/component/algorithm/crc.c.obj
LOAD CMakeFiles/engineer_controller_2025.elf.dir/component/algorithm/spd_plan.cpp.obj
LOAD CMakeFiles/engineer_controller_2025.elf.dir/component/driver/drv_function/drv_arm.cpp.obj
LOAD CMakeFiles/engineer_controller_2025.elf.dir/component/driver/drv_peripheral/drv_JY_ME02.cpp.obj
LOAD CMakeFiles/engineer_controller_2025.elf.dir/component/driver/drv_peripheral/drv_dji_motor.cpp.obj
LOAD CMakeFiles/engineer_controller_2025.elf.dir/component/driver/drv_peripheral/drv_dm_imu.cpp.obj
LOAD CMakeFiles/engineer_controller_2025.elf.dir/component/driver/drv_peripheral/drv_dm_motor.cpp.obj
LOAD CMakeFiles/engineer_controller_2025.elf.dir/component/rm_official/bsp_rm_usart.c.obj
LOAD CMakeFiles/engineer_controller_2025.elf.dir/component/rm_official/drv_data_fifo.c.obj
LOAD CMakeFiles/engineer_controller_2025.elf.dir/component/rm_official/drv_judgement.cpp.obj
LOAD CMakeFiles/engineer_controller_2025.elf.dir/component/rm_official/task_communicate.cpp.obj
LOAD CMakeFiles/engineer_controller_2025.elf.dir/component/task/task_function/arm_task.cpp.obj
LOAD CMakeFiles/engineer_controller_2025.elf.dir/component/task/task_peripheral/lost_check_task.cpp.obj
LOAD CMakeFiles/engineer_controller_2025.elf.dir/component/user/compatible.cpp.obj
LOAD CMakeFiles/engineer_controller_2025.elf.dir/component/user/user_lib.cpp.obj
LOAD D:\engineer_2025\engineer_controller_2025\Middlewares\ST\ARM\DSP\Lib\libarm_cortexM4lf_math.a
LOAD d:/tools/gcc-arm-none-eabi-10.3-2021.10/bin/../lib/gcc/arm-none-eabi/10.3.1/../../../../arm-none-eabi/lib/thumb/v7e-m+fp/hard\libstdc++.a
LOAD d:/tools/gcc-arm-none-eabi-10.3-2021.10/bin/../lib/gcc/arm-none-eabi/10.3.1/../../../../arm-none-eabi/lib/thumb/v7e-m+fp/hard\libm.a
START GROUP
LOAD d:/tools/gcc-arm-none-eabi-10.3-2021.10/bin/../lib/gcc/arm-none-eabi/10.3.1/thumb/v7e-m+fp/hard\libgcc.a
LOAD d:/tools/gcc-arm-none-eabi-10.3-2021.10/bin/../lib/gcc/arm-none-eabi/10.3.1/../../../../arm-none-eabi/lib/thumb/v7e-m+fp/hard\libg.a
LOAD d:/tools/gcc-arm-none-eabi-10.3-2021.10/bin/../lib/gcc/arm-none-eabi/10.3.1/../../../../arm-none-eabi/lib/thumb/v7e-m+fp/hard\libc.a
END GROUP
LOAD d:/tools/gcc-arm-none-eabi-10.3-2021.10/bin/../lib/gcc/arm-none-eabi/10.3.1/thumb/v7e-m+fp/hard/crtend.o
LOAD d:/tools/gcc-arm-none-eabi-10.3-2021.10/bin/../lib/gcc/arm-none-eabi/10.3.1/thumb/v7e-m+fp/hard/crtn.o
                0x20020000                _estack = (ORIGIN (RAM) + LENGTH (RAM))
                0x00000200                _Min_Heap_Size = 0x200
                0x00000400                _Min_Stack_Size = 0x400

.isr_vector     0x08000000      0x188
                0x08000000                . = ALIGN (0x4)
 *(.isr_vector)
 .isr_vector    0x08000000      0x188 CMakeFiles/engineer_controller_2025.elf.dir/Core/Startup/startup_stm32f407ighx.s.obj
                0x08000000                g_pfnVectors
                0x08000188                . = ALIGN (0x4)

.text           0x080001c0    0x1bc10
                0x080001c0                . = ALIGN (0x4)
 *(.text)
 .text          0x080001c0       0x40 d:/tools/gcc-arm-none-eabi-10.3-2021.10/bin/../lib/gcc/arm-none-eabi/10.3.1/thumb/v7e-m+fp/hard/crtbegin.o
 .text          0x08000200     0x5ee4 d:/tools/gcc-arm-none-eabi-10.3-2021.10/bin/../lib/gcc/arm-none-eabi/10.3.1/../../../../arm-none-eabi/lib/thumb/v7e-m+fp/hard\libstdc++.a(cp-demangle.o)
                0x08005ffc                __cxa_demangle
                0x080060c0                __gcclibcxx_demangle_callback
 .text          0x080060e4      0x378 d:/tools/gcc-arm-none-eabi-10.3-2021.10/bin/../lib/gcc/arm-none-eabi/10.3.1/thumb/v7e-m+fp/hard\libgcc.a(_arm_addsubdf3.o)
                0x080060e4                __aeabi_drsub
                0x080060ec                __aeabi_dsub
                0x080060ec                __subdf3
                0x080060f0                __aeabi_dadd
                0x080060f0                __adddf3
                0x08006368                __floatunsidf
                0x08006368                __aeabi_ui2d
                0x08006388                __floatsidf
                0x08006388                __aeabi_i2d
                0x080063ac                __aeabi_f2d
                0x080063ac                __extendsfdf2
                0x080063f0                __floatundidf
                0x080063f0                __aeabi_ul2d
                0x08006400                __floatdidf
                0x08006400                __aeabi_l2d
 .text          0x0800645c      0x424 d:/tools/gcc-arm-none-eabi-10.3-2021.10/bin/../lib/gcc/arm-none-eabi/10.3.1/thumb/v7e-m+fp/hard\libgcc.a(_arm_muldivdf3.o)
                0x0800645c                __aeabi_dmul
                0x0800645c                __muldf3
                0x080066b0                __divdf3
                0x080066b0                __aeabi_ddiv
 .text          0x08006880      0x110 d:/tools/gcc-arm-none-eabi-10.3-2021.10/bin/../lib/gcc/arm-none-eabi/10.3.1/thumb/v7e-m+fp/hard\libgcc.a(_arm_cmpdf2.o)
                0x08006880                __gtdf2
                0x08006880                __gedf2
                0x08006888                __ltdf2
                0x08006888                __ledf2
                0x08006890                __nedf2
                0x08006890                __eqdf2
                0x08006890                __cmpdf2
                0x0800690c                __aeabi_cdrcmple
                0x0800691c                __aeabi_cdcmpeq
                0x0800691c                __aeabi_cdcmple
                0x0800692c                __aeabi_dcmpeq
                0x08006940                __aeabi_dcmplt
                0x08006954                __aeabi_dcmple
                0x08006968                __aeabi_dcmpge
                0x0800697c                __aeabi_dcmpgt
 .text          0x08006990      0x21c d:/tools/gcc-arm-none-eabi-10.3-2021.10/bin/../lib/gcc/arm-none-eabi/10.3.1/thumb/v7e-m+fp/hard\libgcc.a(_arm_addsubsf3.o)
                0x08006990                __aeabi_frsub
                0x08006998                __subsf3
                0x08006998                __aeabi_fsub
                0x0800699c                __aeabi_fadd
                0x0800699c                __addsf3
                0x08006afc                __aeabi_ui2f
                0x08006afc                __floatunsisf
                0x08006b04                __aeabi_i2f
                0x08006b04                __floatsisf
                0x08006b20                __aeabi_ul2f
                0x08006b20                __floatundisf
                0x08006b30                __aeabi_l2f
                0x08006b30                __floatdisf
 .text          0x08006bac       0x30 d:/tools/gcc-arm-none-eabi-10.3-2021.10/bin/../lib/gcc/arm-none-eabi/10.3.1/thumb/v7e-m+fp/hard\libgcc.a(_aeabi_uldivmod.o)
                0x08006bac                __aeabi_uldivmod
 .text          0x08006bdc      0x2d0 d:/tools/gcc-arm-none-eabi-10.3-2021.10/bin/../lib/gcc/arm-none-eabi/10.3.1/thumb/v7e-m+fp/hard\libgcc.a(_udivmoddi4.o)
                0x08006bdc                __udivmoddi4
 .text          0x08006eac      0x9d8 d:/tools/gcc-arm-none-eabi-10.3-2021.10/bin/../lib/gcc/arm-none-eabi/10.3.1/thumb/v7e-m+fp/hard\libgcc.a(unwind-arm.o)
                0x08007154                _Unwind_GetCFA
                0x08007158                __gnu_Unwind_RaiseException
                0x080071c0                __gnu_Unwind_ForcedUnwind
                0x080071d0                __gnu_Unwind_Resume
                0x08007214                __gnu_Unwind_Resume_or_Rethrow
                0x08007224                _Unwind_Complete
                0x08007228                _Unwind_DeleteException
                0x08007234                _Unwind_VRS_Get
                0x08007280                _Unwind_VRS_Set
                0x080072c8                __gnu_Unwind_Backtrace
                0x080075f4                __aeabi_unwind_cpp_pr0
                0x080075f8                __aeabi_unwind_cpp_pr1
                0x080075fc                __aeabi_unwind_cpp_pr2
                0x08007600                _Unwind_VRS_Pop
 .text          0x08007884      0x1ac d:/tools/gcc-arm-none-eabi-10.3-2021.10/bin/../lib/gcc/arm-none-eabi/10.3.1/thumb/v7e-m+fp/hard\libgcc.a(libunwind.o)
                0x08007884                __restore_core_regs
                0x08007884                restore_core_regs
                0x0800789c                __gnu_Unwind_Restore_VFP
                0x080078a4                __gnu_Unwind_Save_VFP
                0x080078ac                __gnu_Unwind_Restore_VFP_D
                0x080078b4                __gnu_Unwind_Save_VFP_D
                0x080078bc                __gnu_Unwind_Restore_VFP_D_16_to_31
                0x080078c4                __gnu_Unwind_Save_VFP_D_16_to_31
                0x080078cc                __gnu_Unwind_Restore_WMMXD
                0x08007910                __gnu_Unwind_Save_WMMXD
                0x08007954                __gnu_Unwind_Restore_WMMXC
                0x08007968                __gnu_Unwind_Save_WMMXC
                0x0800797c                ___Unwind_RaiseException
                0x0800797c                _Unwind_RaiseException
                0x080079a0                _Unwind_Resume
                0x080079a0                ___Unwind_Resume
                0x080079c4                _Unwind_Resume_or_Rethrow
                0x080079c4                ___Unwind_Resume_or_Rethrow
                0x080079e8                _Unwind_ForcedUnwind
                0x080079e8                ___Unwind_ForcedUnwind
                0x08007a0c                ___Unwind_Backtrace
                0x08007a0c                _Unwind_Backtrace
 .text          0x08007a30      0x350 d:/tools/gcc-arm-none-eabi-10.3-2021.10/bin/../lib/gcc/arm-none-eabi/10.3.1/thumb/v7e-m+fp/hard\libgcc.a(pr-support.o)
                0x08007a88                __gnu_unwind_execute
                0x08007d34                __gnu_unwind_frame
                0x08007d60                _Unwind_GetRegionStart
                0x08007d6c                _Unwind_GetLanguageSpecificData
 .text          0x08007d80        0x4 d:/tools/gcc-arm-none-eabi-10.3-2021.10/bin/../lib/gcc/arm-none-eabi/10.3.1/thumb/v7e-m+fp/hard\libgcc.a(_dvmd_tls.o)
                0x08007d80                __aeabi_idiv0
                0x08007d80                __aeabi_ldiv0
 *fill*         0x08007d84        0xc 
 .text          0x08007d90       0xa0 d:/tools/gcc-arm-none-eabi-10.3-2021.10/bin/../lib/gcc/arm-none-eabi/10.3.1/../../../../arm-none-eabi/lib/thumb/v7e-m+fp/hard\libg.a(lib_a-memchr.o)
                0x08007d90                memchr
 .text          0x08007e30      0x134 d:/tools/gcc-arm-none-eabi-10.3-2021.10/bin/../lib/gcc/arm-none-eabi/10.3.1/../../../../arm-none-eabi/lib/thumb/v7e-m+fp/hard\libg.a(lib_a-memcpy.o)
                0x08007e30                memcpy
 *fill*         0x08007f64       0x1c 
 .text          0x08007f80      0x2dc d:/tools/gcc-arm-none-eabi-10.3-2021.10/bin/../lib/gcc/arm-none-eabi/10.3.1/../../../../arm-none-eabi/lib/thumb/v7e-m+fp/hard\libg.a(lib_a-strcmp.o)
                0x08007f88                strcmp
 *fill*         0x0800825c       0x24 
 .text          0x08008280       0xdc d:/tools/gcc-arm-none-eabi-10.3-2021.10/bin/../lib/gcc/arm-none-eabi/10.3.1/../../../../arm-none-eabi/lib/thumb/v7e-m+fp/hard\libg.a(lib_a-strlen.o)
                0x08008280                strlen
 .text          0x0800835c       0x2c d:/tools/gcc-arm-none-eabi-10.3-2021.10/bin/../lib/gcc/arm-none-eabi/10.3.1/thumb/v7e-m+fp/hard\libgcc.a(_arm_unorddf2.o)
                0x0800835c                __unorddf2
                0x0800835c                __aeabi_dcmpun
 .text          0x08008388       0x50 d:/tools/gcc-arm-none-eabi-10.3-2021.10/bin/../lib/gcc/arm-none-eabi/10.3.1/thumb/v7e-m+fp/hard\libgcc.a(_arm_fixdfsi.o)
                0x08008388                __aeabi_d2iz
                0x08008388                __fixdfsi
 *(.text*)
 .text.MX_CAN1_Init
                0x080083d8       0x44 CMakeFiles/engineer_controller_2025.elf.dir/Core/Src/can.c.obj
                0x080083d8                MX_CAN1_Init
 .text.MX_CAN2_Init
                0x0800841c       0x44 CMakeFiles/engineer_controller_2025.elf.dir/Core/Src/can.c.obj
                0x0800841c                MX_CAN2_Init
 .text.HAL_CAN_MspInit
                0x08008460      0x140 CMakeFiles/engineer_controller_2025.elf.dir/Core/Src/can.c.obj
                0x08008460                HAL_CAN_MspInit
 .text.MX_DMA_Init
                0x080085a0       0xa8 CMakeFiles/engineer_controller_2025.elf.dir/Core/Src/dma.c.obj
                0x080085a0                MX_DMA_Init
 .text.StartDefaultTask
                0x08008648       0x38 CMakeFiles/engineer_controller_2025.elf.dir/Core/Src/freertos.c.obj
                0x08008648                StartDefaultTask
 .text.MX_FREERTOS_Init
                0x08008680      0x1c0 CMakeFiles/engineer_controller_2025.elf.dir/Core/Src/freertos.c.obj
                0x08008680                MX_FREERTOS_Init
 .text.MX_GPIO_Init
                0x08008840      0x134 CMakeFiles/engineer_controller_2025.elf.dir/Core/Src/gpio.c.obj
                0x08008840                MX_GPIO_Init
 .text.MX_IWDG_Init
                0x08008974       0x28 CMakeFiles/engineer_controller_2025.elf.dir/Core/Src/iwdg.c.obj
                0x08008974                MX_IWDG_Init
 .text.HAL_TIM_PeriodElapsedCallback
                0x0800899c       0x18 CMakeFiles/engineer_controller_2025.elf.dir/Core/Src/main.c.obj
                0x0800899c                HAL_TIM_PeriodElapsedCallback
 .text.Error_Handler
                0x080089b4        0x4 CMakeFiles/engineer_controller_2025.elf.dir/Core/Src/main.c.obj
                0x080089b4                Error_Handler
 .text.SystemClock_Config
                0x080089b8       0xac CMakeFiles/engineer_controller_2025.elf.dir/Core/Src/main.c.obj
                0x080089b8                SystemClock_Config
 .text.main     0x08008a64       0x5c CMakeFiles/engineer_controller_2025.elf.dir/Core/Src/main.c.obj
                0x08008a64                main
 .text.MX_SPI1_Init
                0x08008ac0       0x48 CMakeFiles/engineer_controller_2025.elf.dir/Core/Src/spi.c.obj
                0x08008ac0                MX_SPI1_Init
 .text.HAL_SPI_MspInit
                0x08008b08      0x124 CMakeFiles/engineer_controller_2025.elf.dir/Core/Src/spi.c.obj
                0x08008b08                HAL_SPI_MspInit
 .text.HAL_MspInit
                0x08008c2c       0x44 CMakeFiles/engineer_controller_2025.elf.dir/Core/Src/stm32f4xx_hal_msp.c.obj
                0x08008c2c                HAL_MspInit
 .text.HAL_InitTick
                0x08008c70       0xa4 CMakeFiles/engineer_controller_2025.elf.dir/Core/Src/stm32f4xx_hal_timebase_tim.c.obj
                0x08008c70                HAL_InitTick
 .text.NMI_Handler
                0x08008d14        0x2 CMakeFiles/engineer_controller_2025.elf.dir/Core/Src/stm32f4xx_it.c.obj
                0x08008d14                NMI_Handler
 .text.HardFault_Handler
                0x08008d16        0x2 CMakeFiles/engineer_controller_2025.elf.dir/Core/Src/stm32f4xx_it.c.obj
                0x08008d16                HardFault_Handler
 .text.MemManage_Handler
                0x08008d18        0x2 CMakeFiles/engineer_controller_2025.elf.dir/Core/Src/stm32f4xx_it.c.obj
                0x08008d18                MemManage_Handler
 .text.BusFault_Handler
                0x08008d1a        0x2 CMakeFiles/engineer_controller_2025.elf.dir/Core/Src/stm32f4xx_it.c.obj
                0x08008d1a                BusFault_Handler
 .text.UsageFault_Handler
                0x08008d1c        0x2 CMakeFiles/engineer_controller_2025.elf.dir/Core/Src/stm32f4xx_it.c.obj
                0x08008d1c                UsageFault_Handler
 .text.DebugMon_Handler
                0x08008d1e        0x2 CMakeFiles/engineer_controller_2025.elf.dir/Core/Src/stm32f4xx_it.c.obj
                0x08008d1e                DebugMon_Handler
 .text.DMA1_Stream1_IRQHandler
                0x08008d20       0x10 CMakeFiles/engineer_controller_2025.elf.dir/Core/Src/stm32f4xx_it.c.obj
                0x08008d20                DMA1_Stream1_IRQHandler
 .text.CAN1_TX_IRQHandler
                0x08008d30       0x10 CMakeFiles/engineer_controller_2025.elf.dir/Core/Src/stm32f4xx_it.c.obj
                0x08008d30                CAN1_TX_IRQHandler
 .text.CAN1_RX0_IRQHandler
                0x08008d40       0x10 CMakeFiles/engineer_controller_2025.elf.dir/Core/Src/stm32f4xx_it.c.obj
                0x08008d40                CAN1_RX0_IRQHandler
 .text.USART1_IRQHandler
                0x08008d50       0x10 CMakeFiles/engineer_controller_2025.elf.dir/Core/Src/stm32f4xx_it.c.obj
                0x08008d50                USART1_IRQHandler
 .text.USART3_IRQHandler
                0x08008d60       0x10 CMakeFiles/engineer_controller_2025.elf.dir/Core/Src/stm32f4xx_it.c.obj
                0x08008d60                USART3_IRQHandler
 .text.TIM7_IRQHandler
                0x08008d70       0x10 CMakeFiles/engineer_controller_2025.elf.dir/Core/Src/stm32f4xx_it.c.obj
                0x08008d70                TIM7_IRQHandler
 .text.DMA2_Stream0_IRQHandler
                0x08008d80       0x10 CMakeFiles/engineer_controller_2025.elf.dir/Core/Src/stm32f4xx_it.c.obj
                0x08008d80                DMA2_Stream0_IRQHandler
 .text.DMA2_Stream1_IRQHandler
                0x08008d90       0x10 CMakeFiles/engineer_controller_2025.elf.dir/Core/Src/stm32f4xx_it.c.obj
                0x08008d90                DMA2_Stream1_IRQHandler
 .text.DMA2_Stream2_IRQHandler
                0x08008da0       0x10 CMakeFiles/engineer_controller_2025.elf.dir/Core/Src/stm32f4xx_it.c.obj
                0x08008da0                DMA2_Stream2_IRQHandler
 .text.DMA2_Stream3_IRQHandler
                0x08008db0       0x10 CMakeFiles/engineer_controller_2025.elf.dir/Core/Src/stm32f4xx_it.c.obj
                0x08008db0                DMA2_Stream3_IRQHandler
 .text.CAN2_TX_IRQHandler
                0x08008dc0       0x10 CMakeFiles/engineer_controller_2025.elf.dir/Core/Src/stm32f4xx_it.c.obj
                0x08008dc0                CAN2_TX_IRQHandler
 .text.CAN2_RX1_IRQHandler
                0x08008dd0       0x10 CMakeFiles/engineer_controller_2025.elf.dir/Core/Src/stm32f4xx_it.c.obj
                0x08008dd0                CAN2_RX1_IRQHandler
 .text.OTG_FS_IRQHandler
                0x08008de0       0x10 CMakeFiles/engineer_controller_2025.elf.dir/Core/Src/stm32f4xx_it.c.obj
                0x08008de0                OTG_FS_IRQHandler
 .text.DMA2_Stream5_IRQHandler
                0x08008df0       0x10 CMakeFiles/engineer_controller_2025.elf.dir/Core/Src/stm32f4xx_it.c.obj
                0x08008df0                DMA2_Stream5_IRQHandler
 .text.DMA2_Stream7_IRQHandler
                0x08008e00       0x10 CMakeFiles/engineer_controller_2025.elf.dir/Core/Src/stm32f4xx_it.c.obj
                0x08008e00                DMA2_Stream7_IRQHandler
 .text.USART6_IRQHandler
                0x08008e10       0x10 CMakeFiles/engineer_controller_2025.elf.dir/Core/Src/stm32f4xx_it.c.obj
                0x08008e10                USART6_IRQHandler
 .text._getpid  0x08008e20        0x4 CMakeFiles/engineer_controller_2025.elf.dir/Core/Src/syscalls.c.obj
                0x08008e20                _getpid
 .text._kill    0x08008e24       0x10 CMakeFiles/engineer_controller_2025.elf.dir/Core/Src/syscalls.c.obj
                0x08008e24                _kill
 .text._exit    0x08008e34        0xc CMakeFiles/engineer_controller_2025.elf.dir/Core/Src/syscalls.c.obj
                0x08008e34                _exit
 .text._read    0x08008e40       0x20 CMakeFiles/engineer_controller_2025.elf.dir/Core/Src/syscalls.c.obj
                0x08008e40                _read
 .text._write   0x08008e60       0x1c CMakeFiles/engineer_controller_2025.elf.dir/Core/Src/syscalls.c.obj
                0x08008e60                _write
 .text._close   0x08008e7c        0x6 CMakeFiles/engineer_controller_2025.elf.dir/Core/Src/syscalls.c.obj
                0x08008e7c                _close
 .text._fstat   0x08008e82        0xa CMakeFiles/engineer_controller_2025.elf.dir/Core/Src/syscalls.c.obj
                0x08008e82                _fstat
 .text._isatty  0x08008e8c        0x4 CMakeFiles/engineer_controller_2025.elf.dir/Core/Src/syscalls.c.obj
                0x08008e8c                _isatty
 .text._lseek   0x08008e90        0x4 CMakeFiles/engineer_controller_2025.elf.dir/Core/Src/syscalls.c.obj
                0x08008e90                _lseek
 .text._sbrk    0x08008e94       0x48 CMakeFiles/engineer_controller_2025.elf.dir/Core/Src/sysmem.c.obj
                0x08008e94                _sbrk
 .text.SystemInit
                0x08008edc       0x14 CMakeFiles/engineer_controller_2025.elf.dir/Core/Src/system_stm32f4xx.c.obj
                0x08008edc                SystemInit
 .text.HAL_TIM_Base_MspInit
                0x08008ef0       0xf0 CMakeFiles/engineer_controller_2025.elf.dir/Core/Src/tim.c.obj
                0x08008ef0                HAL_TIM_Base_MspInit
 .text.HAL_TIM_MspPostInit
                0x08008fe0       0x98 CMakeFiles/engineer_controller_2025.elf.dir/Core/Src/tim.c.obj
                0x08008fe0                HAL_TIM_MspPostInit
 .text.MX_TIM1_Init
                0x08009078       0xf8 CMakeFiles/engineer_controller_2025.elf.dir/Core/Src/tim.c.obj
                0x08009078                MX_TIM1_Init
 .text.MX_TIM10_Init
                0x08009170       0x74 CMakeFiles/engineer_controller_2025.elf.dir/Core/Src/tim.c.obj
                0x08009170                MX_TIM10_Init
 .text.MX_USART1_UART_Init
                0x080091e4       0x34 CMakeFiles/engineer_controller_2025.elf.dir/Core/Src/usart.c.obj
                0x080091e4                MX_USART1_UART_Init
 .text.MX_USART3_UART_Init
                0x08009218       0x40 CMakeFiles/engineer_controller_2025.elf.dir/Core/Src/usart.c.obj
                0x08009218                MX_USART3_UART_Init
 .text.MX_USART6_UART_Init
                0x08009258       0x34 CMakeFiles/engineer_controller_2025.elf.dir/Core/Src/usart.c.obj
                0x08009258                MX_USART6_UART_Init
 .text.HAL_UART_MspInit
                0x0800928c      0x23c CMakeFiles/engineer_controller_2025.elf.dir/Core/Src/usart.c.obj
                0x0800928c                HAL_UART_MspInit
 .text.Reset_Handler
                0x080094c8       0x50 CMakeFiles/engineer_controller_2025.elf.dir/Core/Startup/startup_stm32f407ighx.s.obj
                0x080094c8                Reset_Handler
 .text.Default_Handler
                0x08009518        0x2 CMakeFiles/engineer_controller_2025.elf.dir/Core/Startup/startup_stm32f407ighx.s.obj
                0x08009518                RTC_Alarm_IRQHandler
                0x08009518                HASH_RNG_IRQHandler
                0x08009518                EXTI2_IRQHandler
                0x08009518                TIM8_CC_IRQHandler
                0x08009518                TIM1_CC_IRQHandler
                0x08009518                DMA1_Stream5_IRQHandler
                0x08009518                PVD_IRQHandler
                0x08009518                SDIO_IRQHandler
                0x08009518                TAMP_STAMP_IRQHandler
                0x08009518                EXTI3_IRQHandler
                0x08009518                TIM8_TRG_COM_TIM14_IRQHandler
                0x08009518                TIM1_UP_TIM10_IRQHandler
                0x08009518                TIM8_UP_TIM13_IRQHandler
                0x08009518                I2C3_ER_IRQHandler
                0x08009518                EXTI0_IRQHandler
                0x08009518                I2C2_EV_IRQHandler
                0x08009518                DMA1_Stream2_IRQHandler
                0x08009518                FPU_IRQHandler
                0x08009518                OTG_HS_WKUP_IRQHandler
                0x08009518                CAN2_SCE_IRQHandler
                0x08009518                SPI1_IRQHandler
                0x08009518                TIM6_DAC_IRQHandler
                0x08009518                TIM1_BRK_TIM9_IRQHandler
                0x08009518                DCMI_IRQHandler
                0x08009518                CAN2_RX0_IRQHandler
                0x08009518                CAN1_RX1_IRQHandler
                0x08009518                UART5_IRQHandler
                0x08009518                TIM4_IRQHandler
                0x08009518                I2C1_EV_IRQHandler
                0x08009518                DMA1_Stream6_IRQHandler
                0x08009518                UART4_IRQHandler
                0x08009518                TIM3_IRQHandler
                0x08009518                RCC_IRQHandler
                0x08009518                TIM8_BRK_TIM12_IRQHandler
                0x08009518                Default_Handler
                0x08009518                EXTI15_10_IRQHandler
                0x08009518                ADC_IRQHandler
                0x08009518                DMA1_Stream7_IRQHandler
                0x08009518                TIM5_IRQHandler
                0x08009518                I2C3_EV_IRQHandler
                0x08009518                EXTI9_5_IRQHandler
                0x08009518                RTC_WKUP_IRQHandler
                0x08009518                ETH_WKUP_IRQHandler
                0x08009518                SPI2_IRQHandler
                0x08009518                OTG_HS_EP1_IN_IRQHandler
                0x08009518                DMA1_Stream0_IRQHandler
                0x08009518                EXTI4_IRQHandler
                0x08009518                FSMC_IRQHandler
                0x08009518                ETH_IRQHandler
                0x08009518                OTG_HS_EP1_OUT_IRQHandler
                0x08009518                WWDG_IRQHandler
                0x08009518                TIM2_IRQHandler
                0x08009518                OTG_FS_WKUP_IRQHandler
                0x08009518                TIM1_TRG_COM_TIM11_IRQHandler
                0x08009518                OTG_HS_IRQHandler
                0x08009518                EXTI1_IRQHandler
                0x08009518                USART2_IRQHandler
                0x08009518                I2C2_ER_IRQHandler
                0x08009518                CAN1_SCE_IRQHandler
                0x08009518                FLASH_IRQHandler
                0x08009518                DMA2_Stream4_IRQHandler
                0x08009518                SPI3_IRQHandler
                0x08009518                DMA1_Stream4_IRQHandler
                0x08009518                I2C1_ER_IRQHandler
                0x08009518                DMA2_Stream6_IRQHandler
                0x08009518                DMA1_Stream3_IRQHandler
 *fill*         0x0800951a        0x2 
 .text.HAL_Init
                0x0800951c       0x34 CMakeFiles/engineer_controller_2025.elf.dir/Drivers/STM32F4xx_HAL_Driver/Src/stm32f4xx_hal.c.obj
                0x0800951c                HAL_Init
 .text.HAL_IncTick
                0x08009550       0x18 CMakeFiles/engineer_controller_2025.elf.dir/Drivers/STM32F4xx_HAL_Driver/Src/stm32f4xx_hal.c.obj
                0x08009550                HAL_IncTick
 .text.HAL_GetTick
                0x08009568        0xc CMakeFiles/engineer_controller_2025.elf.dir/Drivers/STM32F4xx_HAL_Driver/Src/stm32f4xx_hal.c.obj
                0x08009568                HAL_GetTick
 .text.HAL_Delay
                0x08009574       0x28 CMakeFiles/engineer_controller_2025.elf.dir/Drivers/STM32F4xx_HAL_Driver/Src/stm32f4xx_hal.c.obj
                0x08009574                HAL_Delay
 .text.HAL_CAN_Init
                0x0800959c      0x14c CMakeFiles/engineer_controller_2025.elf.dir/Drivers/STM32F4xx_HAL_Driver/Src/stm32f4xx_hal_can.c.obj
                0x0800959c                HAL_CAN_Init
 .text.HAL_CAN_ConfigFilter
                0x080096e8      0x138 CMakeFiles/engineer_controller_2025.elf.dir/Drivers/STM32F4xx_HAL_Driver/Src/stm32f4xx_hal_can.c.obj
                0x080096e8                HAL_CAN_ConfigFilter
 .text.HAL_CAN_Start
                0x08009820       0x5c CMakeFiles/engineer_controller_2025.elf.dir/Drivers/STM32F4xx_HAL_Driver/Src/stm32f4xx_hal_can.c.obj
                0x08009820                HAL_CAN_Start
 .text.HAL_CAN_AddTxMessage
                0x0800987c       0xea CMakeFiles/engineer_controller_2025.elf.dir/Drivers/STM32F4xx_HAL_Driver/Src/stm32f4xx_hal_can.c.obj
                0x0800987c                HAL_CAN_AddTxMessage
 .text.HAL_CAN_GetRxMessage
                0x08009966      0x16a CMakeFiles/engineer_controller_2025.elf.dir/Drivers/STM32F4xx_HAL_Driver/Src/stm32f4xx_hal_can.c.obj
                0x08009966                HAL_CAN_GetRxMessage
 .text.HAL_CAN_ActivateNotification
                0x08009ad0       0x24 CMakeFiles/engineer_controller_2025.elf.dir/Drivers/STM32F4xx_HAL_Driver/Src/stm32f4xx_hal_can.c.obj
                0x08009ad0                HAL_CAN_ActivateNotification
 .text.HAL_CAN_TxMailbox0AbortCallback
                0x08009af4        0x2 CMakeFiles/engineer_controller_2025.elf.dir/Drivers/STM32F4xx_HAL_Driver/Src/stm32f4xx_hal_can.c.obj
                0x08009af4                HAL_CAN_TxMailbox0AbortCallback
 .text.HAL_CAN_TxMailbox1AbortCallback
                0x08009af6        0x2 CMakeFiles/engineer_controller_2025.elf.dir/Drivers/STM32F4xx_HAL_Driver/Src/stm32f4xx_hal_can.c.obj
                0x08009af6                HAL_CAN_TxMailbox1AbortCallback
 .text.HAL_CAN_TxMailbox2AbortCallback
                0x08009af8        0x2 CMakeFiles/engineer_controller_2025.elf.dir/Drivers/STM32F4xx_HAL_Driver/Src/stm32f4xx_hal_can.c.obj
                0x08009af8                HAL_CAN_TxMailbox2AbortCallback
 .text.HAL_CAN_RxFifo0FullCallback
                0x08009afa        0x2 CMakeFiles/engineer_controller_2025.elf.dir/Drivers/STM32F4xx_HAL_Driver/Src/stm32f4xx_hal_can.c.obj
                0x08009afa                HAL_CAN_RxFifo0FullCallback
 .text.HAL_CAN_RxFifo1FullCallback
                0x08009afc        0x2 CMakeFiles/engineer_controller_2025.elf.dir/Drivers/STM32F4xx_HAL_Driver/Src/stm32f4xx_hal_can.c.obj
                0x08009afc                HAL_CAN_RxFifo1FullCallback
 .text.HAL_CAN_SleepCallback
                0x08009afe        0x2 CMakeFiles/engineer_controller_2025.elf.dir/Drivers/STM32F4xx_HAL_Driver/Src/stm32f4xx_hal_can.c.obj
                0x08009afe                HAL_CAN_SleepCallback
 .text.HAL_CAN_WakeUpFromRxMsgCallback
                0x08009b00        0x2 CMakeFiles/engineer_controller_2025.elf.dir/Drivers/STM32F4xx_HAL_Driver/Src/stm32f4xx_hal_can.c.obj
                0x08009b00                HAL_CAN_WakeUpFromRxMsgCallback
 .text.HAL_CAN_ErrorCallback
                0x08009b02        0x2 CMakeFiles/engineer_controller_2025.elf.dir/Drivers/STM32F4xx_HAL_Driver/Src/stm32f4xx_hal_can.c.obj
                0x08009b02                HAL_CAN_ErrorCallback
 .text.HAL_CAN_IRQHandler
                0x08009b04      0x24a CMakeFiles/engineer_controller_2025.elf.dir/Drivers/STM32F4xx_HAL_Driver/Src/stm32f4xx_hal_can.c.obj
                0x08009b04                HAL_CAN_IRQHandler
 *fill*         0x08009d4e        0x2 
 .text.HAL_NVIC_SetPriorityGrouping
                0x08009d50       0x24 CMakeFiles/engineer_controller_2025.elf.dir/Drivers/STM32F4xx_HAL_Driver/Src/stm32f4xx_hal_cortex.c.obj
                0x08009d50                HAL_NVIC_SetPriorityGrouping
 .text.HAL_NVIC_SetPriority
                0x08009d74       0x70 CMakeFiles/engineer_controller_2025.elf.dir/Drivers/STM32F4xx_HAL_Driver/Src/stm32f4xx_hal_cortex.c.obj
                0x08009d74                HAL_NVIC_SetPriority
 .text.HAL_NVIC_EnableIRQ
                0x08009de4       0x1c CMakeFiles/engineer_controller_2025.elf.dir/Drivers/STM32F4xx_HAL_Driver/Src/stm32f4xx_hal_cortex.c.obj
                0x08009de4                HAL_NVIC_EnableIRQ
 .text.DMA_SetConfig
                0x08009e00       0x2c CMakeFiles/engineer_controller_2025.elf.dir/Drivers/STM32F4xx_HAL_Driver/Src/stm32f4xx_hal_dma.c.obj
 .text.DMA_CalcBaseAndBitshift
                0x08009e2c       0x44 CMakeFiles/engineer_controller_2025.elf.dir/Drivers/STM32F4xx_HAL_Driver/Src/stm32f4xx_hal_dma.c.obj
 .text.DMA_CheckFifoParam
                0x08009e70       0x8e CMakeFiles/engineer_controller_2025.elf.dir/Drivers/STM32F4xx_HAL_Driver/Src/stm32f4xx_hal_dma.c.obj
 *fill*         0x08009efe        0x2 
 .text.HAL_DMA_Init
                0x08009f00       0xcc CMakeFiles/engineer_controller_2025.elf.dir/Drivers/STM32F4xx_HAL_Driver/Src/stm32f4xx_hal_dma.c.obj
                0x08009f00                HAL_DMA_Init
 .text.HAL_DMA_Start_IT
                0x08009fcc       0x6a CMakeFiles/engineer_controller_2025.elf.dir/Drivers/STM32F4xx_HAL_Driver/Src/stm32f4xx_hal_dma.c.obj
                0x08009fcc                HAL_DMA_Start_IT
 .text.HAL_DMA_Abort
                0x0800a036       0x94 CMakeFiles/engineer_controller_2025.elf.dir/Drivers/STM32F4xx_HAL_Driver/Src/stm32f4xx_hal_dma.c.obj
                0x0800a036                HAL_DMA_Abort
 .text.HAL_DMA_Abort_IT
                0x0800a0ca       0x26 CMakeFiles/engineer_controller_2025.elf.dir/Drivers/STM32F4xx_HAL_Driver/Src/stm32f4xx_hal_dma.c.obj
                0x0800a0ca                HAL_DMA_Abort_IT
 .text.HAL_DMA_IRQHandler
                0x0800a0f0      0x1dc CMakeFiles/engineer_controller_2025.elf.dir/Drivers/STM32F4xx_HAL_Driver/Src/stm32f4xx_hal_dma.c.obj
                0x0800a0f0                HAL_DMA_IRQHandler
 .text.HAL_GPIO_Init
                0x0800a2cc      0x1e4 CMakeFiles/engineer_controller_2025.elf.dir/Drivers/STM32F4xx_HAL_Driver/Src/stm32f4xx_hal_gpio.c.obj
                0x0800a2cc                HAL_GPIO_Init
 .text.HAL_GPIO_WritePin
                0x0800a4b0        0xc CMakeFiles/engineer_controller_2025.elf.dir/Drivers/STM32F4xx_HAL_Driver/Src/stm32f4xx_hal_gpio.c.obj
                0x0800a4b0                HAL_GPIO_WritePin
 .text.HAL_GPIO_TogglePin
                0x0800a4bc       0x12 CMakeFiles/engineer_controller_2025.elf.dir/Drivers/STM32F4xx_HAL_Driver/Src/stm32f4xx_hal_gpio.c.obj
                0x0800a4bc                HAL_GPIO_TogglePin
 .text.HAL_IWDG_Init
                0x0800a4ce       0x5c CMakeFiles/engineer_controller_2025.elf.dir/Drivers/STM32F4xx_HAL_Driver/Src/stm32f4xx_hal_iwdg.c.obj
                0x0800a4ce                HAL_IWDG_Init
 .text.HAL_IWDG_Refresh
                0x0800a52a        0xc CMakeFiles/engineer_controller_2025.elf.dir/Drivers/STM32F4xx_HAL_Driver/Src/stm32f4xx_hal_iwdg.c.obj
                0x0800a52a                HAL_IWDG_Refresh
 .text.PCD_WriteEmptyTxFifo
                0x0800a536       0xd0 CMakeFiles/engineer_controller_2025.elf.dir/Drivers/STM32F4xx_HAL_Driver/Src/stm32f4xx_hal_pcd.c.obj
 .text.HAL_PCD_Init
                0x0800a606      0x102 CMakeFiles/engineer_controller_2025.elf.dir/Drivers/STM32F4xx_HAL_Driver/Src/stm32f4xx_hal_pcd.c.obj
                0x0800a606                HAL_PCD_Init
 .text.HAL_PCD_Start
                0x0800a708       0x44 CMakeFiles/engineer_controller_2025.elf.dir/Drivers/STM32F4xx_HAL_Driver/Src/stm32f4xx_hal_pcd.c.obj
                0x0800a708                HAL_PCD_Start
 .text.PCD_EP_OutXfrComplete_int
                0x0800a74c      0x104 CMakeFiles/engineer_controller_2025.elf.dir/Drivers/STM32F4xx_HAL_Driver/Src/stm32f4xx_hal_pcd.c.obj
 .text.PCD_EP_OutSetupPacket_int
                0x0800a850       0x50 CMakeFiles/engineer_controller_2025.elf.dir/Drivers/STM32F4xx_HAL_Driver/Src/stm32f4xx_hal_pcd.c.obj
 .text.HAL_PCD_SetAddress
                0x0800a8a0       0x26 CMakeFiles/engineer_controller_2025.elf.dir/Drivers/STM32F4xx_HAL_Driver/Src/stm32f4xx_hal_pcd.c.obj
                0x0800a8a0                HAL_PCD_SetAddress
 .text.HAL_PCD_EP_Open
                0x0800a8c6       0x8c CMakeFiles/engineer_controller_2025.elf.dir/Drivers/STM32F4xx_HAL_Driver/Src/stm32f4xx_hal_pcd.c.obj
                0x0800a8c6                HAL_PCD_EP_Open
 .text.HAL_PCD_EP_Close
                0x0800a952       0x70 CMakeFiles/engineer_controller_2025.elf.dir/Drivers/STM32F4xx_HAL_Driver/Src/stm32f4xx_hal_pcd.c.obj
                0x0800a952                HAL_PCD_EP_Close
 .text.HAL_PCD_EP_Receive
                0x0800a9c2       0x4a CMakeFiles/engineer_controller_2025.elf.dir/Drivers/STM32F4xx_HAL_Driver/Src/stm32f4xx_hal_pcd.c.obj
                0x0800a9c2                HAL_PCD_EP_Receive
 .text.HAL_PCD_EP_GetRxCount
                0x0800aa0c       0x12 CMakeFiles/engineer_controller_2025.elf.dir/Drivers/STM32F4xx_HAL_Driver/Src/stm32f4xx_hal_pcd.c.obj
                0x0800aa0c                HAL_PCD_EP_GetRxCount
 .text.HAL_PCD_EP_Transmit
                0x0800aa1e       0x4a CMakeFiles/engineer_controller_2025.elf.dir/Drivers/STM32F4xx_HAL_Driver/Src/stm32f4xx_hal_pcd.c.obj
                0x0800aa1e                HAL_PCD_EP_Transmit
 .text.HAL_PCD_EP_SetStall
                0x0800aa68       0x86 CMakeFiles/engineer_controller_2025.elf.dir/Drivers/STM32F4xx_HAL_Driver/Src/stm32f4xx_hal_pcd.c.obj
                0x0800aa68                HAL_PCD_EP_SetStall
 .text.HAL_PCD_EP_ClrStall
                0x0800aaee       0x74 CMakeFiles/engineer_controller_2025.elf.dir/Drivers/STM32F4xx_HAL_Driver/Src/stm32f4xx_hal_pcd.c.obj
                0x0800aaee                HAL_PCD_EP_ClrStall
 .text.HAL_PCD_EP_Abort
                0x0800ab62       0x34 CMakeFiles/engineer_controller_2025.elf.dir/Drivers/STM32F4xx_HAL_Driver/Src/stm32f4xx_hal_pcd.c.obj
                0x0800ab62                HAL_PCD_EP_Abort
 .text.HAL_PCD_IRQHandler
                0x0800ab96      0x5ba CMakeFiles/engineer_controller_2025.elf.dir/Drivers/STM32F4xx_HAL_Driver/Src/stm32f4xx_hal_pcd.c.obj
                0x0800ab96                HAL_PCD_IRQHandler
 .text.HAL_PCDEx_SetTxFiFo
                0x0800b150       0x4c CMakeFiles/engineer_controller_2025.elf.dir/Drivers/STM32F4xx_HAL_Driver/Src/stm32f4xx_hal_pcd_ex.c.obj
                0x0800b150                HAL_PCDEx_SetTxFiFo
 .text.HAL_PCDEx_SetRxFiFo
                0x0800b19c        0x8 CMakeFiles/engineer_controller_2025.elf.dir/Drivers/STM32F4xx_HAL_Driver/Src/stm32f4xx_hal_pcd_ex.c.obj
                0x0800b19c                HAL_PCDEx_SetRxFiFo
 .text.HAL_PCDEx_LPM_Callback
                0x0800b1a4        0x2 CMakeFiles/engineer_controller_2025.elf.dir/Drivers/STM32F4xx_HAL_Driver/Src/stm32f4xx_hal_pcd_ex.c.obj
                0x0800b1a4                HAL_PCDEx_LPM_Callback
 *fill*         0x0800b1a6        0x2 
 .text.HAL_RCC_OscConfig
                0x0800b1a8      0x3f8 CMakeFiles/engineer_controller_2025.elf.dir/Drivers/STM32F4xx_HAL_Driver/Src/stm32f4xx_hal_rcc.c.obj
                0x0800b1a8                HAL_RCC_OscConfig
 .text.HAL_RCC_GetSysClockFreq
                0x0800b5a0       0xa4 CMakeFiles/engineer_controller_2025.elf.dir/Drivers/STM32F4xx_HAL_Driver/Src/stm32f4xx_hal_rcc.c.obj
                0x0800b5a0                HAL_RCC_GetSysClockFreq
 .text.HAL_RCC_ClockConfig
                0x0800b644      0x160 CMakeFiles/engineer_controller_2025.elf.dir/Drivers/STM32F4xx_HAL_Driver/Src/stm32f4xx_hal_rcc.c.obj
                0x0800b644                HAL_RCC_ClockConfig
 .text.HAL_RCC_GetHCLKFreq
                0x0800b7a4        0xc CMakeFiles/engineer_controller_2025.elf.dir/Drivers/STM32F4xx_HAL_Driver/Src/stm32f4xx_hal_rcc.c.obj
                0x0800b7a4                HAL_RCC_GetHCLKFreq
 .text.HAL_RCC_GetPCLK1Freq
                0x0800b7b0       0x20 CMakeFiles/engineer_controller_2025.elf.dir/Drivers/STM32F4xx_HAL_Driver/Src/stm32f4xx_hal_rcc.c.obj
                0x0800b7b0                HAL_RCC_GetPCLK1Freq
 .text.HAL_RCC_GetPCLK2Freq
                0x0800b7d0       0x20 CMakeFiles/engineer_controller_2025.elf.dir/Drivers/STM32F4xx_HAL_Driver/Src/stm32f4xx_hal_rcc.c.obj
                0x0800b7d0                HAL_RCC_GetPCLK2Freq
 .text.HAL_RCC_GetClockConfig
                0x0800b7f0       0x3c CMakeFiles/engineer_controller_2025.elf.dir/Drivers/STM32F4xx_HAL_Driver/Src/stm32f4xx_hal_rcc.c.obj
                0x0800b7f0                HAL_RCC_GetClockConfig
 .text.HAL_SPI_Init
                0x0800b82c       0xbe CMakeFiles/engineer_controller_2025.elf.dir/Drivers/STM32F4xx_HAL_Driver/Src/stm32f4xx_hal_spi.c.obj
                0x0800b82c                HAL_SPI_Init
 .text.HAL_TIM_PWM_MspInit
                0x0800b8ea        0x2 CMakeFiles/engineer_controller_2025.elf.dir/Drivers/STM32F4xx_HAL_Driver/Src/stm32f4xx_hal_tim.c.obj
                0x0800b8ea                HAL_TIM_PWM_MspInit
 .text.HAL_TIM_PeriodElapsedHalfCpltCallback
                0x0800b8ec        0x2 CMakeFiles/engineer_controller_2025.elf.dir/Drivers/STM32F4xx_HAL_Driver/Src/stm32f4xx_hal_tim.c.obj
                0x0800b8ec                HAL_TIM_PeriodElapsedHalfCpltCallback
 .text.HAL_TIM_OC_DelayElapsedCallback
                0x0800b8ee        0x2 CMakeFiles/engineer_controller_2025.elf.dir/Drivers/STM32F4xx_HAL_Driver/Src/stm32f4xx_hal_tim.c.obj
                0x0800b8ee                HAL_TIM_OC_DelayElapsedCallback
 .text.HAL_TIM_IC_CaptureCallback
                0x0800b8f0        0x2 CMakeFiles/engineer_controller_2025.elf.dir/Drivers/STM32F4xx_HAL_Driver/Src/stm32f4xx_hal_tim.c.obj
                0x0800b8f0                HAL_TIM_IC_CaptureCallback
 .text.HAL_TIM_IC_CaptureHalfCpltCallback
                0x0800b8f2        0x2 CMakeFiles/engineer_controller_2025.elf.dir/Drivers/STM32F4xx_HAL_Driver/Src/stm32f4xx_hal_tim.c.obj
                0x0800b8f2                HAL_TIM_IC_CaptureHalfCpltCallback
 .text.HAL_TIM_PWM_PulseFinishedCallback
                0x0800b8f4        0x2 CMakeFiles/engineer_controller_2025.elf.dir/Drivers/STM32F4xx_HAL_Driver/Src/stm32f4xx_hal_tim.c.obj
                0x0800b8f4                HAL_TIM_PWM_PulseFinishedCallback
 .text.HAL_TIM_PWM_PulseFinishedHalfCpltCallback
                0x0800b8f6        0x2 CMakeFiles/engineer_controller_2025.elf.dir/Drivers/STM32F4xx_HAL_Driver/Src/stm32f4xx_hal_tim.c.obj
                0x0800b8f6                HAL_TIM_PWM_PulseFinishedHalfCpltCallback
 .text.HAL_TIM_TriggerCallback
                0x0800b8f8        0x2 CMakeFiles/engineer_controller_2025.elf.dir/Drivers/STM32F4xx_HAL_Driver/Src/stm32f4xx_hal_tim.c.obj
                0x0800b8f8                HAL_TIM_TriggerCallback
 .text.HAL_TIM_TriggerHalfCpltCallback
                0x0800b8fa        0x2 CMakeFiles/engineer_controller_2025.elf.dir/Drivers/STM32F4xx_HAL_Driver/Src/stm32f4xx_hal_tim.c.obj
                0x0800b8fa                HAL_TIM_TriggerHalfCpltCallback
 .text.HAL_TIM_ErrorCallback
                0x0800b8fc        0x2 CMakeFiles/engineer_controller_2025.elf.dir/Drivers/STM32F4xx_HAL_Driver/Src/stm32f4xx_hal_tim.c.obj
                0x0800b8fc                HAL_TIM_ErrorCallback
 *fill*         0x0800b8fe        0x2 
 .text.TIM_OC1_SetConfig
                0x0800b900       0x68 CMakeFiles/engineer_controller_2025.elf.dir/Drivers/STM32F4xx_HAL_Driver/Src/stm32f4xx_hal_tim.c.obj
 .text.TIM_OC3_SetConfig
                0x0800b968       0x70 CMakeFiles/engineer_controller_2025.elf.dir/Drivers/STM32F4xx_HAL_Driver/Src/stm32f4xx_hal_tim.c.obj
 .text.TIM_OC4_SetConfig
                0x0800b9d8       0x50 CMakeFiles/engineer_controller_2025.elf.dir/Drivers/STM32F4xx_HAL_Driver/Src/stm32f4xx_hal_tim.c.obj
 .text.TIM_TI1_ConfigInputStage
                0x0800ba28       0x26 CMakeFiles/engineer_controller_2025.elf.dir/Drivers/STM32F4xx_HAL_Driver/Src/stm32f4xx_hal_tim.c.obj
 .text.TIM_TI2_ConfigInputStage
                0x0800ba4e       0x28 CMakeFiles/engineer_controller_2025.elf.dir/Drivers/STM32F4xx_HAL_Driver/Src/stm32f4xx_hal_tim.c.obj
 .text.TIM_ITRx_SetConfig
                0x0800ba76       0x10 CMakeFiles/engineer_controller_2025.elf.dir/Drivers/STM32F4xx_HAL_Driver/Src/stm32f4xx_hal_tim.c.obj
 *fill*         0x0800ba86        0x2 
 .text.HAL_TIM_Base_Start_IT
                0x0800ba88       0x88 CMakeFiles/engineer_controller_2025.elf.dir/Drivers/STM32F4xx_HAL_Driver/Src/stm32f4xx_hal_tim.c.obj
                0x0800ba88                HAL_TIM_Base_Start_IT
 .text.HAL_TIM_IRQHandler
                0x0800bb10      0x178 CMakeFiles/engineer_controller_2025.elf.dir/Drivers/STM32F4xx_HAL_Driver/Src/stm32f4xx_hal_tim.c.obj
                0x0800bb10                HAL_TIM_IRQHandler
 .text.TIM_Base_SetConfig
                0x0800bc88       0xd0 CMakeFiles/engineer_controller_2025.elf.dir/Drivers/STM32F4xx_HAL_Driver/Src/stm32f4xx_hal_tim.c.obj
                0x0800bc88                TIM_Base_SetConfig
 .text.TIM_OC2_SetConfig
                0x0800bd58       0x70 CMakeFiles/engineer_controller_2025.elf.dir/Drivers/STM32F4xx_HAL_Driver/Src/stm32f4xx_hal_tim.c.obj
                0x0800bd58                TIM_OC2_SetConfig
 .text.HAL_TIM_PWM_ConfigChannel
                0x0800bdc8       0xdc CMakeFiles/engineer_controller_2025.elf.dir/Drivers/STM32F4xx_HAL_Driver/Src/stm32f4xx_hal_tim.c.obj
                0x0800bdc8                HAL_TIM_PWM_ConfigChannel
 .text.TIM_ETR_SetConfig
                0x0800bea4       0x1a CMakeFiles/engineer_controller_2025.elf.dir/Drivers/STM32F4xx_HAL_Driver/Src/stm32f4xx_hal_tim.c.obj
                0x0800bea4                TIM_ETR_SetConfig
 .text.HAL_TIM_ConfigClockSource
                0x0800bebe       0xfe CMakeFiles/engineer_controller_2025.elf.dir/Drivers/STM32F4xx_HAL_Driver/Src/stm32f4xx_hal_tim.c.obj
                0x0800bebe                HAL_TIM_ConfigClockSource
 .text.TIM_ResetCallback
                0x0800bfbc       0x84 CMakeFiles/engineer_controller_2025.elf.dir/Drivers/STM32F4xx_HAL_Driver/Src/stm32f4xx_hal_tim.c.obj
                0x0800bfbc                TIM_ResetCallback
 .text.HAL_TIM_Base_Init
                0x0800c040       0x6c CMakeFiles/engineer_controller_2025.elf.dir/Drivers/STM32F4xx_HAL_Driver/Src/stm32f4xx_hal_tim.c.obj
                0x0800c040                HAL_TIM_Base_Init
 .text.HAL_TIM_PWM_Init
                0x0800c0ac       0x6c CMakeFiles/engineer_controller_2025.elf.dir/Drivers/STM32F4xx_HAL_Driver/Src/stm32f4xx_hal_tim.c.obj
                0x0800c0ac                HAL_TIM_PWM_Init
 .text.HAL_TIMEx_MasterConfigSynchronization
                0x0800c118       0x8c CMakeFiles/engineer_controller_2025.elf.dir/Drivers/STM32F4xx_HAL_Driver/Src/stm32f4xx_hal_tim_ex.c.obj
                0x0800c118                HAL_TIMEx_MasterConfigSynchronization
 .text.HAL_TIMEx_ConfigBreakDeadTime
                0x0800c1a4       0x52 CMakeFiles/engineer_controller_2025.elf.dir/Drivers/STM32F4xx_HAL_Driver/Src/stm32f4xx_hal_tim_ex.c.obj
                0x0800c1a4                HAL_TIMEx_ConfigBreakDeadTime
 .text.HAL_TIMEx_CommutCallback
                0x0800c1f6        0x2 CMakeFiles/engineer_controller_2025.elf.dir/Drivers/STM32F4xx_HAL_Driver/Src/stm32f4xx_hal_tim_ex.c.obj
                0x0800c1f6                HAL_TIMEx_CommutCallback
 .text.HAL_TIMEx_CommutHalfCpltCallback
                0x0800c1f8        0x2 CMakeFiles/engineer_controller_2025.elf.dir/Drivers/STM32F4xx_HAL_Driver/Src/stm32f4xx_hal_tim_ex.c.obj
                0x0800c1f8                HAL_TIMEx_CommutHalfCpltCallback
 .text.HAL_TIMEx_BreakCallback
                0x0800c1fa        0x2 CMakeFiles/engineer_controller_2025.elf.dir/Drivers/STM32F4xx_HAL_Driver/Src/stm32f4xx_hal_tim_ex.c.obj
                0x0800c1fa                HAL_TIMEx_BreakCallback
 .text.HAL_UART_TxCpltCallback
                0x0800c1fc        0x2 CMakeFiles/engineer_controller_2025.elf.dir/Drivers/STM32F4xx_HAL_Driver/Src/stm32f4xx_hal_uart.c.obj
                0x0800c1fc                HAL_UART_TxCpltCallback
 .text.HAL_UART_TxHalfCpltCallback
                0x0800c1fe        0x2 CMakeFiles/engineer_controller_2025.elf.dir/Drivers/STM32F4xx_HAL_Driver/Src/stm32f4xx_hal_uart.c.obj
                0x0800c1fe                HAL_UART_TxHalfCpltCallback
 .text.HAL_UART_RxCpltCallback
                0x0800c200        0x2 CMakeFiles/engineer_controller_2025.elf.dir/Drivers/STM32F4xx_HAL_Driver/Src/stm32f4xx_hal_uart.c.obj
                0x0800c200                HAL_UART_RxCpltCallback
 .text.HAL_UART_RxHalfCpltCallback
                0x0800c202        0x2 CMakeFiles/engineer_controller_2025.elf.dir/Drivers/STM32F4xx_HAL_Driver/Src/stm32f4xx_hal_uart.c.obj
                0x0800c202                HAL_UART_RxHalfCpltCallback
 .text.HAL_UART_ErrorCallback
                0x0800c204        0x2 CMakeFiles/engineer_controller_2025.elf.dir/Drivers/STM32F4xx_HAL_Driver/Src/stm32f4xx_hal_uart.c.obj
                0x0800c204                HAL_UART_ErrorCallback
 .text.HAL_UART_AbortCpltCallback
                0x0800c206        0x2 CMakeFiles/engineer_controller_2025.elf.dir/Drivers/STM32F4xx_HAL_Driver/Src/stm32f4xx_hal_uart.c.obj
                0x0800c206                HAL_UART_AbortCpltCallback
 .text.HAL_UART_AbortTransmitCpltCallback
                0x0800c208        0x2 CMakeFiles/engineer_controller_2025.elf.dir/Drivers/STM32F4xx_HAL_Driver/Src/stm32f4xx_hal_uart.c.obj
                0x0800c208                HAL_UART_AbortTransmitCpltCallback
 .text.HAL_UART_AbortReceiveCpltCallback
                0x0800c20a        0x2 CMakeFiles/engineer_controller_2025.elf.dir/Drivers/STM32F4xx_HAL_Driver/Src/stm32f4xx_hal_uart.c.obj
                0x0800c20a                HAL_UART_AbortReceiveCpltCallback
 .text.HAL_UARTEx_RxEventCallback
                0x0800c20c        0x2 CMakeFiles/engineer_controller_2025.elf.dir/Drivers/STM32F4xx_HAL_Driver/Src/stm32f4xx_hal_uart.c.obj
                0x0800c20c                HAL_UARTEx_RxEventCallback
 .text.UART_DMATransmitCplt
                0x0800c20e       0x4c CMakeFiles/engineer_controller_2025.elf.dir/Drivers/STM32F4xx_HAL_Driver/Src/stm32f4xx_hal_uart.c.obj
 .text.UART_DMATxHalfCplt
                0x0800c25a        0xa CMakeFiles/engineer_controller_2025.elf.dir/Drivers/STM32F4xx_HAL_Driver/Src/stm32f4xx_hal_uart.c.obj
 .text.UART_DMAReceiveCplt
                0x0800c264       0x9a CMakeFiles/engineer_controller_2025.elf.dir/Drivers/STM32F4xx_HAL_Driver/Src/stm32f4xx_hal_uart.c.obj
 .text.UART_DMARxHalfCplt
                0x0800c2fe       0x1e CMakeFiles/engineer_controller_2025.elf.dir/Drivers/STM32F4xx_HAL_Driver/Src/stm32f4xx_hal_uart.c.obj
 .text.UART_EndTxTransfer
                0x0800c31c       0x20 CMakeFiles/engineer_controller_2025.elf.dir/Drivers/STM32F4xx_HAL_Driver/Src/stm32f4xx_hal_uart.c.obj
 .text.UART_EndRxTransfer
                0x0800c33c       0x5c CMakeFiles/engineer_controller_2025.elf.dir/Drivers/STM32F4xx_HAL_Driver/Src/stm32f4xx_hal_uart.c.obj
 .text.UART_DMAError
                0x0800c398       0x58 CMakeFiles/engineer_controller_2025.elf.dir/Drivers/STM32F4xx_HAL_Driver/Src/stm32f4xx_hal_uart.c.obj
 .text.UART_DMAAbortOnError
                0x0800c3f0        0xe CMakeFiles/engineer_controller_2025.elf.dir/Drivers/STM32F4xx_HAL_Driver/Src/stm32f4xx_hal_uart.c.obj
 .text.UART_Transmit_IT
                0x0800c3fe       0x60 CMakeFiles/engineer_controller_2025.elf.dir/Drivers/STM32F4xx_HAL_Driver/Src/stm32f4xx_hal_uart.c.obj
 .text.UART_EndTransmit_IT
                0x0800c45e       0x1a CMakeFiles/engineer_controller_2025.elf.dir/Drivers/STM32F4xx_HAL_Driver/Src/stm32f4xx_hal_uart.c.obj
 .text.UART_Receive_IT
                0x0800c478       0xe6 CMakeFiles/engineer_controller_2025.elf.dir/Drivers/STM32F4xx_HAL_Driver/Src/stm32f4xx_hal_uart.c.obj
 *fill*         0x0800c55e        0x2 
 .text.UART_SetConfig
                0x0800c560      0x110 CMakeFiles/engineer_controller_2025.elf.dir/Drivers/STM32F4xx_HAL_Driver/Src/stm32f4xx_hal_uart.c.obj
 .text.HAL_UART_RegisterCallback
                0x0800c670       0xb4 CMakeFiles/engineer_controller_2025.elf.dir/Drivers/STM32F4xx_HAL_Driver/Src/stm32f4xx_hal_uart.c.obj
                0x0800c670                HAL_UART_RegisterCallback
 .text.HAL_UART_RegisterRxEventCallback
                0x0800c724       0x44 CMakeFiles/engineer_controller_2025.elf.dir/Drivers/STM32F4xx_HAL_Driver/Src/stm32f4xx_hal_uart.c.obj
                0x0800c724                HAL_UART_RegisterRxEventCallback
 .text.HAL_UART_Transmit_DMA
                0x0800c768       0x90 CMakeFiles/engineer_controller_2025.elf.dir/Drivers/STM32F4xx_HAL_Driver/Src/stm32f4xx_hal_uart.c.obj
                0x0800c768                HAL_UART_Transmit_DMA
 .text.HAL_UART_IRQHandler
                0x0800c7f8      0x2a4 CMakeFiles/engineer_controller_2025.elf.dir/Drivers/STM32F4xx_HAL_Driver/Src/stm32f4xx_hal_uart.c.obj
                0x0800c7f8                HAL_UART_IRQHandler
 .text.UART_InitCallbacksToDefault
                0x0800ca9c       0x4c CMakeFiles/engineer_controller_2025.elf.dir/Drivers/STM32F4xx_HAL_Driver/Src/stm32f4xx_hal_uart.c.obj
                0x0800ca9c                UART_InitCallbacksToDefault
 .text.HAL_UART_Init
                0x0800cae8       0x78 CMakeFiles/engineer_controller_2025.elf.dir/Drivers/STM32F4xx_HAL_Driver/Src/stm32f4xx_hal_uart.c.obj
                0x0800cae8                HAL_UART_Init
 .text.UART_Start_Receive_DMA
                0x0800cb60       0xb8 CMakeFiles/engineer_controller_2025.elf.dir/Drivers/STM32F4xx_HAL_Driver/Src/stm32f4xx_hal_uart.c.obj
                0x0800cb60                UART_Start_Receive_DMA
 .text.HAL_UARTEx_ReceiveToIdle_DMA
                0x0800cc18       0x62 CMakeFiles/engineer_controller_2025.elf.dir/Drivers/STM32F4xx_HAL_Driver/Src/stm32f4xx_hal_uart.c.obj
                0x0800cc18                HAL_UARTEx_ReceiveToIdle_DMA
 .text.USB_CoreReset
                0x0800cc7a       0x58 CMakeFiles/engineer_controller_2025.elf.dir/Drivers/STM32F4xx_HAL_Driver/Src/stm32f4xx_ll_usb.c.obj
 .text.USB_CoreInit
                0x0800ccd2       0x92 CMakeFiles/engineer_controller_2025.elf.dir/Drivers/STM32F4xx_HAL_Driver/Src/stm32f4xx_ll_usb.c.obj
                0x0800ccd2                USB_CoreInit
 .text.USB_SetTurnaroundTime
                0x0800cd64       0xe4 CMakeFiles/engineer_controller_2025.elf.dir/Drivers/STM32F4xx_HAL_Driver/Src/stm32f4xx_ll_usb.c.obj
                0x0800cd64                USB_SetTurnaroundTime
 .text.USB_EnableGlobalInt
                0x0800ce48        0xc CMakeFiles/engineer_controller_2025.elf.dir/Drivers/STM32F4xx_HAL_Driver/Src/stm32f4xx_ll_usb.c.obj
                0x0800ce48                USB_EnableGlobalInt
 .text.USB_DisableGlobalInt
                0x0800ce54        0xc CMakeFiles/engineer_controller_2025.elf.dir/Drivers/STM32F4xx_HAL_Driver/Src/stm32f4xx_ll_usb.c.obj
                0x0800ce54                USB_DisableGlobalInt
 .text.USB_FlushTxFifo
                0x0800ce60       0x4a CMakeFiles/engineer_controller_2025.elf.dir/Drivers/STM32F4xx_HAL_Driver/Src/stm32f4xx_ll_usb.c.obj
                0x0800ce60                USB_FlushTxFifo
 .text.USB_FlushRxFifo
                0x0800ceaa       0x46 CMakeFiles/engineer_controller_2025.elf.dir/Drivers/STM32F4xx_HAL_Driver/Src/stm32f4xx_ll_usb.c.obj
                0x0800ceaa                USB_FlushRxFifo
 .text.USB_SetDevSpeed
                0x0800cef0        0xe CMakeFiles/engineer_controller_2025.elf.dir/Drivers/STM32F4xx_HAL_Driver/Src/stm32f4xx_ll_usb.c.obj
                0x0800cef0                USB_SetDevSpeed
 *fill*         0x0800cefe        0x2 
 .text.USB_DevInit
                0x0800cf00      0x194 CMakeFiles/engineer_controller_2025.elf.dir/Drivers/STM32F4xx_HAL_Driver/Src/stm32f4xx_ll_usb.c.obj
                0x0800cf00                USB_DevInit
 .text.USB_GetDevSpeed
                0x0800d094       0x22 CMakeFiles/engineer_controller_2025.elf.dir/Drivers/STM32F4xx_HAL_Driver/Src/stm32f4xx_ll_usb.c.obj
                0x0800d094                USB_GetDevSpeed
 .text.USB_ActivateEndpoint
                0x0800d0b6       0x9c CMakeFiles/engineer_controller_2025.elf.dir/Drivers/STM32F4xx_HAL_Driver/Src/stm32f4xx_ll_usb.c.obj
                0x0800d0b6                USB_ActivateEndpoint
 *fill*         0x0800d152        0x2 
 .text.USB_DeactivateEndpoint
                0x0800d154       0xe0 CMakeFiles/engineer_controller_2025.elf.dir/Drivers/STM32F4xx_HAL_Driver/Src/stm32f4xx_ll_usb.c.obj
                0x0800d154                USB_DeactivateEndpoint
 .text.USB_EPStopXfer
                0x0800d234       0xbe CMakeFiles/engineer_controller_2025.elf.dir/Drivers/STM32F4xx_HAL_Driver/Src/stm32f4xx_ll_usb.c.obj
                0x0800d234                USB_EPStopXfer
 .text.USB_WritePacket
                0x0800d2f2       0x2e CMakeFiles/engineer_controller_2025.elf.dir/Drivers/STM32F4xx_HAL_Driver/Src/stm32f4xx_ll_usb.c.obj
                0x0800d2f2                USB_WritePacket
 .text.USB_EPStartXfer
                0x0800d320      0x250 CMakeFiles/engineer_controller_2025.elf.dir/Drivers/STM32F4xx_HAL_Driver/Src/stm32f4xx_ll_usb.c.obj
                0x0800d320                USB_EPStartXfer
 .text.USB_ReadPacket
                0x0800d570       0x54 CMakeFiles/engineer_controller_2025.elf.dir/Drivers/STM32F4xx_HAL_Driver/Src/stm32f4xx_ll_usb.c.obj
                0x0800d570                USB_ReadPacket
 .text.USB_EPSetStall
                0x0800d5c4       0x5a CMakeFiles/engineer_controller_2025.elf.dir/Drivers/STM32F4xx_HAL_Driver/Src/stm32f4xx_ll_usb.c.obj
                0x0800d5c4                USB_EPSetStall
 .text.USB_EPClearStall
                0x0800d61e       0x5c CMakeFiles/engineer_controller_2025.elf.dir/Drivers/STM32F4xx_HAL_Driver/Src/stm32f4xx_ll_usb.c.obj
                0x0800d61e                USB_EPClearStall
 .text.USB_SetDevAddress
                0x0800d67a       0x20 CMakeFiles/engineer_controller_2025.elf.dir/Drivers/STM32F4xx_HAL_Driver/Src/stm32f4xx_ll_usb.c.obj
                0x0800d67a                USB_SetDevAddress
 .text.USB_DevConnect
                0x0800d69a       0x1c CMakeFiles/engineer_controller_2025.elf.dir/Drivers/STM32F4xx_HAL_Driver/Src/stm32f4xx_ll_usb.c.obj
                0x0800d69a                USB_DevConnect
 .text.USB_DevDisconnect
                0x0800d6b6       0x1c CMakeFiles/engineer_controller_2025.elf.dir/Drivers/STM32F4xx_HAL_Driver/Src/stm32f4xx_ll_usb.c.obj
                0x0800d6b6                USB_DevDisconnect
 .text.USB_ReadInterrupts
                0x0800d6d2        0x8 CMakeFiles/engineer_controller_2025.elf.dir/Drivers/STM32F4xx_HAL_Driver/Src/stm32f4xx_ll_usb.c.obj
                0x0800d6d2                USB_ReadInterrupts
 .text.USB_ReadDevAllOutEpInterrupt
                0x0800d6da       0x10 CMakeFiles/engineer_controller_2025.elf.dir/Drivers/STM32F4xx_HAL_Driver/Src/stm32f4xx_ll_usb.c.obj
                0x0800d6da                USB_ReadDevAllOutEpInterrupt
 .text.USB_ReadDevAllInEpInterrupt
                0x0800d6ea       0x10 CMakeFiles/engineer_controller_2025.elf.dir/Drivers/STM32F4xx_HAL_Driver/Src/stm32f4xx_ll_usb.c.obj
                0x0800d6ea                USB_ReadDevAllInEpInterrupt
 .text.USB_ReadDevOutEPInterrupt
                0x0800d6fa       0x12 CMakeFiles/engineer_controller_2025.elf.dir/Drivers/STM32F4xx_HAL_Driver/Src/stm32f4xx_ll_usb.c.obj
                0x0800d6fa                USB_ReadDevOutEPInterrupt
 .text.USB_ReadDevInEPInterrupt
                0x0800d70c       0x28 CMakeFiles/engineer_controller_2025.elf.dir/Drivers/STM32F4xx_HAL_Driver/Src/stm32f4xx_ll_usb.c.obj
                0x0800d70c                USB_ReadDevInEPInterrupt
 .text.USB_GetMode
                0x0800d734        0x8 CMakeFiles/engineer_controller_2025.elf.dir/Drivers/STM32F4xx_HAL_Driver/Src/stm32f4xx_ll_usb.c.obj
                0x0800d734                USB_GetMode
 .text.USB_SetCurrentMode
                0x0800d73c       0x62 CMakeFiles/engineer_controller_2025.elf.dir/Drivers/STM32F4xx_HAL_Driver/Src/stm32f4xx_ll_usb.c.obj
                0x0800d73c                USB_SetCurrentMode
 .text.USB_ActivateSetup
                0x0800d79e       0x20 CMakeFiles/engineer_controller_2025.elf.dir/Drivers/STM32F4xx_HAL_Driver/Src/stm32f4xx_ll_usb.c.obj
                0x0800d79e                USB_ActivateSetup
 *fill*         0x0800d7be        0x2 
 .text.USB_EP0_OutStart
                0x0800d7c0       0x60 CMakeFiles/engineer_controller_2025.elf.dir/Drivers/STM32F4xx_HAL_Driver/Src/stm32f4xx_ll_usb.c.obj
                0x0800d7c0                USB_EP0_OutStart
 .text.USBD_CDC_EP0_RxReady
                0x0800d820       0x40 CMakeFiles/engineer_controller_2025.elf.dir/Middlewares/ST/STM32_USB_Device_Library/Class/CDC/Src/usbd_cdc.c.obj
 .text.USBD_CDC_GetDeviceQualifierDescriptor
                0x0800d860        0xc CMakeFiles/engineer_controller_2025.elf.dir/Middlewares/ST/STM32_USB_Device_Library/Class/CDC/Src/usbd_cdc.c.obj
                0x0800d860                USBD_CDC_GetDeviceQualifierDescriptor
 .text.USBD_CDC_GetOtherSpeedCfgDesc
                0x0800d86c       0x48 CMakeFiles/engineer_controller_2025.elf.dir/Middlewares/ST/STM32_USB_Device_Library/Class/CDC/Src/usbd_cdc.c.obj
 .text.USBD_CDC_GetFSCfgDesc
                0x0800d8b4       0x48 CMakeFiles/engineer_controller_2025.elf.dir/Middlewares/ST/STM32_USB_Device_Library/Class/CDC/Src/usbd_cdc.c.obj
 .text.USBD_CDC_GetHSCfgDesc
                0x0800d8fc       0x48 CMakeFiles/engineer_controller_2025.elf.dir/Middlewares/ST/STM32_USB_Device_Library/Class/CDC/Src/usbd_cdc.c.obj
 .text.USBD_CDC_DataOut
                0x0800d944       0x38 CMakeFiles/engineer_controller_2025.elf.dir/Middlewares/ST/STM32_USB_Device_Library/Class/CDC/Src/usbd_cdc.c.obj
 .text.USBD_CDC_DataIn
                0x0800d97c       0x7c CMakeFiles/engineer_controller_2025.elf.dir/Middlewares/ST/STM32_USB_Device_Library/Class/CDC/Src/usbd_cdc.c.obj
 .text.USBD_CDC_Setup
                0x0800d9f8      0x11a CMakeFiles/engineer_controller_2025.elf.dir/Middlewares/ST/STM32_USB_Device_Library/Class/CDC/Src/usbd_cdc.c.obj
 .text.USBD_CDC_DeInit
                0x0800db12       0x64 CMakeFiles/engineer_controller_2025.elf.dir/Middlewares/ST/STM32_USB_Device_Library/Class/CDC/Src/usbd_cdc.c.obj
 .text.USBD_CDC_Init
                0x0800db76       0xee CMakeFiles/engineer_controller_2025.elf.dir/Middlewares/ST/STM32_USB_Device_Library/Class/CDC/Src/usbd_cdc.c.obj
 .text.USBD_CDC_RegisterInterface
                0x0800dc64       0x16 CMakeFiles/engineer_controller_2025.elf.dir/Middlewares/ST/STM32_USB_Device_Library/Class/CDC/Src/usbd_cdc.c.obj
                0x0800dc64                USBD_CDC_RegisterInterface
 .text.USBD_CDC_SetTxBuffer
                0x0800dc7a       0x1c CMakeFiles/engineer_controller_2025.elf.dir/Middlewares/ST/STM32_USB_Device_Library/Class/CDC/Src/usbd_cdc.c.obj
                0x0800dc7a                USBD_CDC_SetTxBuffer
 .text.USBD_CDC_SetRxBuffer
                0x0800dc96       0x18 CMakeFiles/engineer_controller_2025.elf.dir/Middlewares/ST/STM32_USB_Device_Library/Class/CDC/Src/usbd_cdc.c.obj
                0x0800dc96                USBD_CDC_SetRxBuffer
 .text.USBD_CDC_ReceivePacket
                0x0800dcae       0x38 CMakeFiles/engineer_controller_2025.elf.dir/Middlewares/ST/STM32_USB_Device_Library/Class/CDC/Src/usbd_cdc.c.obj
                0x0800dcae                USBD_CDC_ReceivePacket
 .text.USBD_Init
                0x0800dce6       0x2e CMakeFiles/engineer_controller_2025.elf.dir/Middlewares/ST/STM32_USB_Device_Library/Core/Src/usbd_core.c.obj
                0x0800dce6                USBD_Init
 .text.USBD_RegisterClass
                0x0800dd14       0x34 CMakeFiles/engineer_controller_2025.elf.dir/Middlewares/ST/STM32_USB_Device_Library/Core/Src/usbd_core.c.obj
                0x0800dd14                USBD_RegisterClass
 .text.USBD_Start
                0x0800dd48        0x8 CMakeFiles/engineer_controller_2025.elf.dir/Middlewares/ST/STM32_USB_Device_Library/Core/Src/usbd_core.c.obj
                0x0800dd48                USBD_Start
 .text.USBD_SetClassConfig
                0x0800dd50       0x12 CMakeFiles/engineer_controller_2025.elf.dir/Middlewares/ST/STM32_USB_Device_Library/Core/Src/usbd_core.c.obj
                0x0800dd50                USBD_SetClassConfig
 .text.USBD_ClrClassConfig
                0x0800dd62       0x12 CMakeFiles/engineer_controller_2025.elf.dir/Middlewares/ST/STM32_USB_Device_Library/Core/Src/usbd_core.c.obj
                0x0800dd62                USBD_ClrClassConfig
 .text.USBD_LL_SetupStage
                0x0800dd74       0x58 CMakeFiles/engineer_controller_2025.elf.dir/Middlewares/ST/STM32_USB_Device_Library/Core/Src/usbd_core.c.obj
                0x0800dd74                USBD_LL_SetupStage
 .text.USBD_LL_Reset
                0x0800ddcc       0x66 CMakeFiles/engineer_controller_2025.elf.dir/Middlewares/ST/STM32_USB_Device_Library/Core/Src/usbd_core.c.obj
                0x0800ddcc                USBD_LL_Reset
 .text.USBD_LL_SetSpeed
                0x0800de32        0x6 CMakeFiles/engineer_controller_2025.elf.dir/Middlewares/ST/STM32_USB_Device_Library/Core/Src/usbd_core.c.obj
                0x0800de32                USBD_LL_SetSpeed
 .text.USBD_LL_Suspend
                0x0800de38       0x1e CMakeFiles/engineer_controller_2025.elf.dir/Middlewares/ST/STM32_USB_Device_Library/Core/Src/usbd_core.c.obj
                0x0800de38                USBD_LL_Suspend
 .text.USBD_LL_Resume
                0x0800de56       0x1a CMakeFiles/engineer_controller_2025.elf.dir/Middlewares/ST/STM32_USB_Device_Library/Core/Src/usbd_core.c.obj
                0x0800de56                USBD_LL_Resume
 .text.USBD_LL_SOF
                0x0800de70       0x22 CMakeFiles/engineer_controller_2025.elf.dir/Middlewares/ST/STM32_USB_Device_Library/Core/Src/usbd_core.c.obj
                0x0800de70                USBD_LL_SOF
 .text.USBD_LL_IsoINIncomplete
                0x0800de92       0x2e CMakeFiles/engineer_controller_2025.elf.dir/Middlewares/ST/STM32_USB_Device_Library/Core/Src/usbd_core.c.obj
                0x0800de92                USBD_LL_IsoINIncomplete
 .text.USBD_LL_IsoOUTIncomplete
                0x0800dec0       0x2e CMakeFiles/engineer_controller_2025.elf.dir/Middlewares/ST/STM32_USB_Device_Library/Core/Src/usbd_core.c.obj
                0x0800dec0                USBD_LL_IsoOUTIncomplete
 .text.USBD_LL_DevConnected
                0x0800deee        0x4 CMakeFiles/engineer_controller_2025.elf.dir/Middlewares/ST/STM32_USB_Device_Library/Core/Src/usbd_core.c.obj
                0x0800deee                USBD_LL_DevConnected
 .text.USBD_LL_DevDisconnected
                0x0800def2       0x20 CMakeFiles/engineer_controller_2025.elf.dir/Middlewares/ST/STM32_USB_Device_Library/Core/Src/usbd_core.c.obj
                0x0800def2                USBD_LL_DevDisconnected
 .text.USBD_CoreFindIF
                0x0800df12        0x4 CMakeFiles/engineer_controller_2025.elf.dir/Middlewares/ST/STM32_USB_Device_Library/Core/Src/usbd_core.c.obj
                0x0800df12                USBD_CoreFindIF
 .text.USBD_CoreFindEP
                0x0800df16        0x4 CMakeFiles/engineer_controller_2025.elf.dir/Middlewares/ST/STM32_USB_Device_Library/Core/Src/usbd_core.c.obj
                0x0800df16                USBD_CoreFindEP
 .text.USBD_LL_DataOutStage
                0x0800df1a       0xcc CMakeFiles/engineer_controller_2025.elf.dir/Middlewares/ST/STM32_USB_Device_Library/Core/Src/usbd_core.c.obj
                0x0800df1a                USBD_LL_DataOutStage
 .text.USBD_LL_DataInStage
                0x0800dfe6       0xd8 CMakeFiles/engineer_controller_2025.elf.dir/Middlewares/ST/STM32_USB_Device_Library/Core/Src/usbd_core.c.obj
                0x0800dfe6                USBD_LL_DataInStage
 .text.USBD_GetNextDesc
                0x0800e0be        0xe CMakeFiles/engineer_controller_2025.elf.dir/Middlewares/ST/STM32_USB_Device_Library/Core/Src/usbd_core.c.obj
                0x0800e0be                USBD_GetNextDesc
 .text.USBD_GetEpDesc
                0x0800e0cc       0x3e CMakeFiles/engineer_controller_2025.elf.dir/Middlewares/ST/STM32_USB_Device_Library/Core/Src/usbd_core.c.obj
                0x0800e0cc                USBD_GetEpDesc
 .text.USBD_GetLen
                0x0800e10a       0x14 CMakeFiles/engineer_controller_2025.elf.dir/Middlewares/ST/STM32_USB_Device_Library/Core/Src/usbd_ctlreq.c.obj
 .text.USBD_ParseSetupRequest
                0x0800e11e       0x28 CMakeFiles/engineer_controller_2025.elf.dir/Middlewares/ST/STM32_USB_Device_Library/Core/Src/usbd_ctlreq.c.obj
                0x0800e11e                USBD_ParseSetupRequest
 .text.USBD_CtlError
                0x0800e146       0x14 CMakeFiles/engineer_controller_2025.elf.dir/Middlewares/ST/STM32_USB_Device_Library/Core/Src/usbd_ctlreq.c.obj
                0x0800e146                USBD_CtlError
 .text.USBD_GetDescriptor
                0x0800e15a      0x18a CMakeFiles/engineer_controller_2025.elf.dir/Middlewares/ST/STM32_USB_Device_Library/Core/Src/usbd_ctlreq.c.obj
 .text.USBD_SetAddress
                0x0800e2e4       0x50 CMakeFiles/engineer_controller_2025.elf.dir/Middlewares/ST/STM32_USB_Device_Library/Core/Src/usbd_ctlreq.c.obj
 .text.USBD_SetConfig
                0x0800e334       0xcc CMakeFiles/engineer_controller_2025.elf.dir/Middlewares/ST/STM32_USB_Device_Library/Core/Src/usbd_ctlreq.c.obj
 .text.USBD_GetConfig
                0x0800e400       0x40 CMakeFiles/engineer_controller_2025.elf.dir/Middlewares/ST/STM32_USB_Device_Library/Core/Src/usbd_ctlreq.c.obj
 .text.USBD_GetStatus
                0x0800e440       0x38 CMakeFiles/engineer_controller_2025.elf.dir/Middlewares/ST/STM32_USB_Device_Library/Core/Src/usbd_ctlreq.c.obj
 .text.USBD_SetFeature
                0x0800e478       0x2a CMakeFiles/engineer_controller_2025.elf.dir/Middlewares/ST/STM32_USB_Device_Library/Core/Src/usbd_ctlreq.c.obj
 .text.USBD_ClrFeature
                0x0800e4a2       0x26 CMakeFiles/engineer_controller_2025.elf.dir/Middlewares/ST/STM32_USB_Device_Library/Core/Src/usbd_ctlreq.c.obj
 .text.USBD_StdDevReq
                0x0800e4c8       0x76 CMakeFiles/engineer_controller_2025.elf.dir/Middlewares/ST/STM32_USB_Device_Library/Core/Src/usbd_ctlreq.c.obj
                0x0800e4c8                USBD_StdDevReq
 .text.USBD_StdItfReq
                0x0800e53e       0x84 CMakeFiles/engineer_controller_2025.elf.dir/Middlewares/ST/STM32_USB_Device_Library/Core/Src/usbd_ctlreq.c.obj
                0x0800e53e                USBD_StdItfReq
 .text.USBD_StdEPReq
                0x0800e5c2      0x232 CMakeFiles/engineer_controller_2025.elf.dir/Middlewares/ST/STM32_USB_Device_Library/Core/Src/usbd_ctlreq.c.obj
                0x0800e5c2                USBD_StdEPReq
 .text.USBD_GetString
                0x0800e7f4       0x46 CMakeFiles/engineer_controller_2025.elf.dir/Middlewares/ST/STM32_USB_Device_Library/Core/Src/usbd_ctlreq.c.obj
                0x0800e7f4                USBD_GetString
 .text.USBD_CtlSendData
                0x0800e83a       0x1c CMakeFiles/engineer_controller_2025.elf.dir/Middlewares/ST/STM32_USB_Device_Library/Core/Src/usbd_ioreq.c.obj
                0x0800e83a                USBD_CtlSendData
 .text.USBD_CtlContinueSendData
                0x0800e856       0x10 CMakeFiles/engineer_controller_2025.elf.dir/Middlewares/ST/STM32_USB_Device_Library/Core/Src/usbd_ioreq.c.obj
                0x0800e856                USBD_CtlContinueSendData
 .text.USBD_CtlPrepareRx
                0x0800e866       0x22 CMakeFiles/engineer_controller_2025.elf.dir/Middlewares/ST/STM32_USB_Device_Library/Core/Src/usbd_ioreq.c.obj
                0x0800e866                USBD_CtlPrepareRx
 .text.USBD_CtlContinueRx
                0x0800e888       0x10 CMakeFiles/engineer_controller_2025.elf.dir/Middlewares/ST/STM32_USB_Device_Library/Core/Src/usbd_ioreq.c.obj
                0x0800e888                USBD_CtlContinueRx
 .text.USBD_CtlSendStatus
                0x0800e898       0x16 CMakeFiles/engineer_controller_2025.elf.dir/Middlewares/ST/STM32_USB_Device_Library/Core/Src/usbd_ioreq.c.obj
                0x0800e898                USBD_CtlSendStatus
 .text.USBD_CtlReceiveStatus
                0x0800e8ae       0x16 CMakeFiles/engineer_controller_2025.elf.dir/Middlewares/ST/STM32_USB_Device_Library/Core/Src/usbd_ioreq.c.obj
                0x0800e8ae                USBD_CtlReceiveStatus
 .text.SysTick_Handler
                0x0800e8c4       0x18 CMakeFiles/engineer_controller_2025.elf.dir/Middlewares/Third_Party/FreeRTOS/Source/CMSIS_RTOS_V2/cmsis_os2.c.obj
                0x0800e8c4                SysTick_Handler
 .text.osKernelInitialize
                0x0800e8dc       0x24 CMakeFiles/engineer_controller_2025.elf.dir/Middlewares/Third_Party/FreeRTOS/Source/CMSIS_RTOS_V2/cmsis_os2.c.obj
                0x0800e8dc                osKernelInitialize
 .text.osKernelStart
                0x0800e900       0x38 CMakeFiles/engineer_controller_2025.elf.dir/Middlewares/Third_Party/FreeRTOS/Source/CMSIS_RTOS_V2/cmsis_os2.c.obj
                0x0800e900                osKernelStart
 .text.osThreadNew
                0x0800e938       0xbe CMakeFiles/engineer_controller_2025.elf.dir/Middlewares/Third_Party/FreeRTOS/Source/CMSIS_RTOS_V2/cmsis_os2.c.obj
                0x0800e938                osThreadNew
 .text.osDelay  0x0800e9f6       0x1c CMakeFiles/engineer_controller_2025.elf.dir/Middlewares/Third_Party/FreeRTOS/Source/CMSIS_RTOS_V2/cmsis_os2.c.obj
                0x0800e9f6                osDelay
 .text.osEventFlagsNew
                0x0800ea12       0x44 CMakeFiles/engineer_controller_2025.elf.dir/Middlewares/Third_Party/FreeRTOS/Source/CMSIS_RTOS_V2/cmsis_os2.c.obj
                0x0800ea12                osEventFlagsNew
 .text.osEventFlagsSet
                0x0800ea56       0x5a CMakeFiles/engineer_controller_2025.elf.dir/Middlewares/Third_Party/FreeRTOS/Source/CMSIS_RTOS_V2/cmsis_os2.c.obj
                0x0800ea56                osEventFlagsSet
 .text.osEventFlagsWait
                0x0800eab0       0x76 CMakeFiles/engineer_controller_2025.elf.dir/Middlewares/Third_Party/FreeRTOS/Source/CMSIS_RTOS_V2/cmsis_os2.c.obj
                0x0800eab0                osEventFlagsWait
 .text.osMutexNew
                0x0800eb26       0x94 CMakeFiles/engineer_controller_2025.elf.dir/Middlewares/Third_Party/FreeRTOS/Source/CMSIS_RTOS_V2/cmsis_os2.c.obj
                0x0800eb26                osMutexNew
 .text.osMutexAcquire
                0x0800ebba       0x58 CMakeFiles/engineer_controller_2025.elf.dir/Middlewares/Third_Party/FreeRTOS/Source/CMSIS_RTOS_V2/cmsis_os2.c.obj
                0x0800ebba                osMutexAcquire
 .text.osMutexRelease
                0x0800ec12       0x4c CMakeFiles/engineer_controller_2025.elf.dir/Middlewares/Third_Party/FreeRTOS/Source/CMSIS_RTOS_V2/cmsis_os2.c.obj
                0x0800ec12                osMutexRelease
 .text.osSemaphoreNew
                0x0800ec5e       0xb4 CMakeFiles/engineer_controller_2025.elf.dir/Middlewares/Third_Party/FreeRTOS/Source/CMSIS_RTOS_V2/cmsis_os2.c.obj
                0x0800ec5e                osSemaphoreNew
 .text.osSemaphoreAcquire
                0x0800ed12       0x68 CMakeFiles/engineer_controller_2025.elf.dir/Middlewares/Third_Party/FreeRTOS/Source/CMSIS_RTOS_V2/cmsis_os2.c.obj
                0x0800ed12                osSemaphoreAcquire
 .text.osSemaphoreRelease
                0x0800ed7a       0x5e CMakeFiles/engineer_controller_2025.elf.dir/Middlewares/Third_Party/FreeRTOS/Source/CMSIS_RTOS_V2/cmsis_os2.c.obj
                0x0800ed7a                osSemaphoreRelease
 .text.osMessageQueueNew
                0x0800edd8       0x96 CMakeFiles/engineer_controller_2025.elf.dir/Middlewares/Third_Party/FreeRTOS/Source/CMSIS_RTOS_V2/cmsis_os2.c.obj
                0x0800edd8                osMessageQueueNew
 .text.osMessageQueuePut
                0x0800ee6e       0x84 CMakeFiles/engineer_controller_2025.elf.dir/Middlewares/Third_Party/FreeRTOS/Source/CMSIS_RTOS_V2/cmsis_os2.c.obj
                0x0800ee6e                osMessageQueuePut
 .text.osMessageQueueGet
                0x0800eef2       0x82 CMakeFiles/engineer_controller_2025.elf.dir/Middlewares/Third_Party/FreeRTOS/Source/CMSIS_RTOS_V2/cmsis_os2.c.obj
                0x0800eef2                osMessageQueueGet
 .text.vApplicationGetIdleTaskMemory
                0x0800ef74       0x18 CMakeFiles/engineer_controller_2025.elf.dir/Middlewares/Third_Party/FreeRTOS/Source/CMSIS_RTOS_V2/cmsis_os2.c.obj
                0x0800ef74                vApplicationGetIdleTaskMemory
 .text.vApplicationGetTimerTaskMemory
                0x0800ef8c       0x18 CMakeFiles/engineer_controller_2025.elf.dir/Middlewares/Third_Party/FreeRTOS/Source/CMSIS_RTOS_V2/cmsis_os2.c.obj
                0x0800ef8c                vApplicationGetTimerTaskMemory
 .text.prvTestWaitCondition
                0x0800efa4       0x1c CMakeFiles/engineer_controller_2025.elf.dir/Middlewares/Third_Party/FreeRTOS/Source/event_groups.c.obj
 .text.xEventGroupCreateStatic
                0x0800efc0       0x4a CMakeFiles/engineer_controller_2025.elf.dir/Middlewares/Third_Party/FreeRTOS/Source/event_groups.c.obj
                0x0800efc0                xEventGroupCreateStatic
 .text.xEventGroupCreate
                0x0800f00a       0x1c CMakeFiles/engineer_controller_2025.elf.dir/Middlewares/Third_Party/FreeRTOS/Source/event_groups.c.obj
                0x0800f00a                xEventGroupCreate
 .text.xEventGroupWaitBits
                0x0800f026      0x108 CMakeFiles/engineer_controller_2025.elf.dir/Middlewares/Third_Party/FreeRTOS/Source/event_groups.c.obj
                0x0800f026                xEventGroupWaitBits
 .text.xEventGroupSetBits
                0x0800f12e       0x8c CMakeFiles/engineer_controller_2025.elf.dir/Middlewares/Third_Party/FreeRTOS/Source/event_groups.c.obj
                0x0800f12e                xEventGroupSetBits
 .text.vEventGroupSetBitsCallback
                0x0800f1ba        0x8 CMakeFiles/engineer_controller_2025.elf.dir/Middlewares/Third_Party/FreeRTOS/Source/event_groups.c.obj
                0x0800f1ba                vEventGroupSetBitsCallback
 *fill*         0x0800f1c2        0x2 
 .text.xEventGroupSetBitsFromISR
                0x0800f1c4       0x14 CMakeFiles/engineer_controller_2025.elf.dir/Middlewares/Third_Party/FreeRTOS/Source/event_groups.c.obj
                0x0800f1c4                xEventGroupSetBitsFromISR
 .text.vListInitialise
                0x0800f1d8       0x16 CMakeFiles/engineer_controller_2025.elf.dir/Middlewares/Third_Party/FreeRTOS/Source/list.c.obj
                0x0800f1d8                vListInitialise
 .text.vListInitialiseItem
                0x0800f1ee        0x6 CMakeFiles/engineer_controller_2025.elf.dir/Middlewares/Third_Party/FreeRTOS/Source/list.c.obj
                0x0800f1ee                vListInitialiseItem
 .text.vListInsertEnd
                0x0800f1f4       0x16 CMakeFiles/engineer_controller_2025.elf.dir/Middlewares/Third_Party/FreeRTOS/Source/list.c.obj
                0x0800f1f4                vListInsertEnd
 .text.vListInsert
                0x0800f20a       0x32 CMakeFiles/engineer_controller_2025.elf.dir/Middlewares/Third_Party/FreeRTOS/Source/list.c.obj
                0x0800f20a                vListInsert
 .text.uxListRemove
                0x0800f23c       0x26 CMakeFiles/engineer_controller_2025.elf.dir/Middlewares/Third_Party/FreeRTOS/Source/list.c.obj
                0x0800f23c                uxListRemove
 *fill*         0x0800f262        0x2 
 .text.prvTaskExitError
                0x0800f264       0x40 CMakeFiles/engineer_controller_2025.elf.dir/Middlewares/Third_Party/FreeRTOS/Source/portable/GCC/ARM_CM4F/port.c.obj
 .text.prvPortStartFirstTask
                0x0800f2a4       0x28 CMakeFiles/engineer_controller_2025.elf.dir/Middlewares/Third_Party/FreeRTOS/Source/portable/GCC/ARM_CM4F/port.c.obj
 .text.vPortEnableVFP
                0x0800f2cc       0x14 CMakeFiles/engineer_controller_2025.elf.dir/Middlewares/Third_Party/FreeRTOS/Source/portable/GCC/ARM_CM4F/port.c.obj
 .text.pxPortInitialiseStack
                0x0800f2e0       0x2c CMakeFiles/engineer_controller_2025.elf.dir/Middlewares/Third_Party/FreeRTOS/Source/portable/GCC/ARM_CM4F/port.c.obj
                0x0800f2e0                pxPortInitialiseStack
 *fill*         0x0800f30c        0x4 
 .text.SVC_Handler
                0x0800f310       0x24 CMakeFiles/engineer_controller_2025.elf.dir/Middlewares/Third_Party/FreeRTOS/Source/portable/GCC/ARM_CM4F/port.c.obj
                0x0800f310                SVC_Handler
 .text.vPortEnterCritical
                0x0800f334       0x44 CMakeFiles/engineer_controller_2025.elf.dir/Middlewares/Third_Party/FreeRTOS/Source/portable/GCC/ARM_CM4F/port.c.obj
                0x0800f334                vPortEnterCritical
 .text.vPortExitCritical
                0x0800f378       0x2c CMakeFiles/engineer_controller_2025.elf.dir/Middlewares/Third_Party/FreeRTOS/Source/portable/GCC/ARM_CM4F/port.c.obj
                0x0800f378                vPortExitCritical
 *fill*         0x0800f3a4        0xc 
 .text.PendSV_Handler
                0x0800f3b0       0x64 CMakeFiles/engineer_controller_2025.elf.dir/Middlewares/Third_Party/FreeRTOS/Source/portable/GCC/ARM_CM4F/port.c.obj
                0x0800f3b0                PendSV_Handler
 .text.xPortSysTickHandler
                0x0800f414       0x2c CMakeFiles/engineer_controller_2025.elf.dir/Middlewares/Third_Party/FreeRTOS/Source/portable/GCC/ARM_CM4F/port.c.obj
                0x0800f414                xPortSysTickHandler
 .text.vPortSetupTimerInterrupt
                0x0800f440       0x28 CMakeFiles/engineer_controller_2025.elf.dir/Middlewares/Third_Party/FreeRTOS/Source/portable/GCC/ARM_CM4F/port.c.obj
                0x0800f440                vPortSetupTimerInterrupt
 .text.xPortStartScheduler
                0x0800f468      0x118 CMakeFiles/engineer_controller_2025.elf.dir/Middlewares/Third_Party/FreeRTOS/Source/portable/GCC/ARM_CM4F/port.c.obj
                0x0800f468                xPortStartScheduler
 .text.vPortValidateInterruptPriority
                0x0800f580       0x5c CMakeFiles/engineer_controller_2025.elf.dir/Middlewares/Third_Party/FreeRTOS/Source/portable/GCC/ARM_CM4F/port.c.obj
                0x0800f580                vPortValidateInterruptPriority
 .text.prvHeapInit
                0x0800f5dc       0x68 CMakeFiles/engineer_controller_2025.elf.dir/Middlewares/Third_Party/FreeRTOS/Source/portable/MemMang/heap_4.c.obj
 .text.prvInsertBlockIntoFreeList
                0x0800f644       0x64 CMakeFiles/engineer_controller_2025.elf.dir/Middlewares/Third_Party/FreeRTOS/Source/portable/MemMang/heap_4.c.obj
 .text.pvPortMalloc
                0x0800f6a8       0xfc CMakeFiles/engineer_controller_2025.elf.dir/Middlewares/Third_Party/FreeRTOS/Source/portable/MemMang/heap_4.c.obj
                0x0800f6a8                pvPortMalloc
 .text.vPortFree
                0x0800f7a4       0x7c CMakeFiles/engineer_controller_2025.elf.dir/Middlewares/Third_Party/FreeRTOS/Source/portable/MemMang/heap_4.c.obj
                0x0800f7a4                vPortFree
 .text.prvGetDisinheritPriorityAfterTimeout
                0x0800f820       0x10 CMakeFiles/engineer_controller_2025.elf.dir/Middlewares/Third_Party/FreeRTOS/Source/queue.c.obj
 .text.prvIsQueueFull
                0x0800f830       0x1e CMakeFiles/engineer_controller_2025.elf.dir/Middlewares/Third_Party/FreeRTOS/Source/queue.c.obj
 .text.prvIsQueueEmpty
                0x0800f84e       0x1a CMakeFiles/engineer_controller_2025.elf.dir/Middlewares/Third_Party/FreeRTOS/Source/queue.c.obj
 .text.prvCopyDataToQueue
                0x0800f868       0x76 CMakeFiles/engineer_controller_2025.elf.dir/Middlewares/Third_Party/FreeRTOS/Source/queue.c.obj
 .text.prvCopyDataFromQueue
                0x0800f8de       0x24 CMakeFiles/engineer_controller_2025.elf.dir/Middlewares/Third_Party/FreeRTOS/Source/queue.c.obj
 .text.prvUnlockQueue
                0x0800f902       0x6e CMakeFiles/engineer_controller_2025.elf.dir/Middlewares/Third_Party/FreeRTOS/Source/queue.c.obj
 .text.xQueueGenericReset
                0x0800f970       0x84 CMakeFiles/engineer_controller_2025.elf.dir/Middlewares/Third_Party/FreeRTOS/Source/queue.c.obj
                0x0800f970                xQueueGenericReset
 .text.prvInitialiseNewQueue
                0x0800f9f4       0x22 CMakeFiles/engineer_controller_2025.elf.dir/Middlewares/Third_Party/FreeRTOS/Source/queue.c.obj
 .text.xQueueGenericCreateStatic
                0x0800fa16       0x94 CMakeFiles/engineer_controller_2025.elf.dir/Middlewares/Third_Party/FreeRTOS/Source/queue.c.obj
                0x0800fa16                xQueueGenericCreateStatic
 .text.xQueueGenericCreate
                0x0800faaa       0x48 CMakeFiles/engineer_controller_2025.elf.dir/Middlewares/Third_Party/FreeRTOS/Source/queue.c.obj
                0x0800faaa                xQueueGenericCreate
 .text.xQueueCreateCountingSemaphoreStatic
                0x0800faf2       0x46 CMakeFiles/engineer_controller_2025.elf.dir/Middlewares/Third_Party/FreeRTOS/Source/queue.c.obj
                0x0800faf2                xQueueCreateCountingSemaphoreStatic
 .text.xQueueCreateCountingSemaphore
                0x0800fb38       0x3c CMakeFiles/engineer_controller_2025.elf.dir/Middlewares/Third_Party/FreeRTOS/Source/queue.c.obj
                0x0800fb38                xQueueCreateCountingSemaphore
 .text.xQueueGenericSend
                0x0800fb74      0x188 CMakeFiles/engineer_controller_2025.elf.dir/Middlewares/Third_Party/FreeRTOS/Source/queue.c.obj
                0x0800fb74                xQueueGenericSend
 .text.prvInitialiseMutex
                0x0800fcfc       0x18 CMakeFiles/engineer_controller_2025.elf.dir/Middlewares/Third_Party/FreeRTOS/Source/queue.c.obj
 .text.xQueueCreateMutex
                0x0800fd14       0x16 CMakeFiles/engineer_controller_2025.elf.dir/Middlewares/Third_Party/FreeRTOS/Source/queue.c.obj
                0x0800fd14                xQueueCreateMutex
 .text.xQueueCreateMutexStatic
                0x0800fd2a       0x1e CMakeFiles/engineer_controller_2025.elf.dir/Middlewares/Third_Party/FreeRTOS/Source/queue.c.obj
                0x0800fd2a                xQueueCreateMutexStatic
 .text.xQueueGiveMutexRecursive
                0x0800fd48       0x40 CMakeFiles/engineer_controller_2025.elf.dir/Middlewares/Third_Party/FreeRTOS/Source/queue.c.obj
                0x0800fd48                xQueueGiveMutexRecursive
 .text.xQueueGenericSendFromISR
                0x0800fd88       0xce CMakeFiles/engineer_controller_2025.elf.dir/Middlewares/Third_Party/FreeRTOS/Source/queue.c.obj
                0x0800fd88                xQueueGenericSendFromISR
 .text.xQueueGiveFromISR
                0x0800fe56       0xb2 CMakeFiles/engineer_controller_2025.elf.dir/Middlewares/Third_Party/FreeRTOS/Source/queue.c.obj
                0x0800fe56                xQueueGiveFromISR
 .text.xQueueReceive
                0x0800ff08      0x15e CMakeFiles/engineer_controller_2025.elf.dir/Middlewares/Third_Party/FreeRTOS/Source/queue.c.obj
                0x0800ff08                xQueueReceive
 .text.xQueueSemaphoreTake
                0x08010066      0x1a6 CMakeFiles/engineer_controller_2025.elf.dir/Middlewares/Third_Party/FreeRTOS/Source/queue.c.obj
                0x08010066                xQueueSemaphoreTake
 .text.xQueueTakeMutexRecursive
                0x0801020c       0x40 CMakeFiles/engineer_controller_2025.elf.dir/Middlewares/Third_Party/FreeRTOS/Source/queue.c.obj
                0x0801020c                xQueueTakeMutexRecursive
 .text.xQueueReceiveFromISR
                0x0801024c       0xa8 CMakeFiles/engineer_controller_2025.elf.dir/Middlewares/Third_Party/FreeRTOS/Source/queue.c.obj
                0x0801024c                xQueueReceiveFromISR
 .text.vQueueAddToRegistry
                0x080102f4       0x28 CMakeFiles/engineer_controller_2025.elf.dir/Middlewares/Third_Party/FreeRTOS/Source/queue.c.obj
                0x080102f4                vQueueAddToRegistry
 .text.vQueueUnregisterQueue
                0x0801031c       0x2c CMakeFiles/engineer_controller_2025.elf.dir/Middlewares/Third_Party/FreeRTOS/Source/queue.c.obj
                0x0801031c                vQueueUnregisterQueue
 .text.vQueueDelete